Allocating memory (2 GB)...
Computing sieve...
Sieve done. Checking missing...
FOUND for 4224: g = 126976, p = 3967, i = 503713792
FOUND for 3378: g = 202464, p = 1627, i = 329408928
FOUND for 2718: g = 317184, p = 1297, i = 411387648
FOUND for 4170: g = 380160, p = 1451, i = 551612160
FOUND for 3276: g = 392448, p = 1571, i = 616535808
FOUND for 2046: g = 412224, p = 1129, i = 465400896
FOUND for 1404: g = 494592, p = 643, i = 318022656
FOUND for 1770: g = 494592, p = 811, i = 401114112
FOUND for 3366: g = 495000, p = 1249, i = 618255000
FOUND for 3420: g = 524160, p = 1051, i = 550892160
FOUND for 2646: g = 760320, p = 919, i = 698734080
FOUND for 4164: g = 760320, p = 1447, i = 1100183040
FOUND for 3444: g = 815256, p = 1741, i = 1419360696
FOUND for 4368: g = 873600, p = 1429, i = 1248374400
FOUND for 3640: g = 915712, p = 2687, i = 2460518144
FOUND for 3504: g = 1064448, p = 1301, i = 1384846848
FOUND for 4940: g = 1080960, p = 2251, i = 2433240960
FOUND for 4500: g = 1853280, p = 1429, i = 2648337120
FOUND for 2190: g = 1872112, p = 1933, i = 3618792496
FOUND for 4830: g = 2738880, p = 1901, i = 5206610880
FOUND for 3354: g = 2747136, p = 1567, i = 4304762112
FOUND for 3960: g = 3225600, p = 1279, i = 4125542400
FOUND for 3666: g = 3531264, p = 1759, i = 6211493376
FOUND for 3156: g = 3541824, p = 1289, i = 4565411136
FOUND for 4554: g = 6252480, p = 1669, i = 10435389120
FOUND for 4998: g = 6289920, p = 1481, i = 9315371520
FOUND for 1566: g = 6994944, p = 659, i = 4609668096
FOUND for 1740: g = 11321856, p = 647, i = 7325240832
FOUND for 3438: g = 11369160, p = 1217, i = 13836267720
FOUND for 1578: g = 12303360, p = 607, i = 7468139520
FOUND for 1398: g = 15662592, p = 617, i = 9663819264
FOUND for 4536: g = 23760000, p = 1499, i = 35616240000
FOUND for 756: g = 23794560, p = 269, i = 6400736640
FOUND for 2316: g = 24141312, p = 1039, i = 25082823168
FOUND for 3150: g = 34974720, p = 1033, i = 36128885760
FOUND for 4578: g = 36837504, p = 1747, i = 64355119488
FOUND for 2484: g = 42888960, p = 883, i = 37870951680
FOUND for 3630: g = 42888960, p = 1291, i = 55369647360
FOUND for 4470: g = 80423424, p = 2251, i = 181033127424
FOUND for 3564: g = 97983432, p = 1901, i = 186266504232
FOUND for 4266: g = 144789120, p = 1259, i = 182289502080
FOUND for 630: g = 231517440, p = 173, i = 40052517120
FOUND for 4116: g = 247790592, p = 1669, i = 413562498048
FOUND for 3066: g = 428298480, p = 1237, i = 529805219760
Finished. Found: 44/50
