CRITICAL FAMILY (d,k,n,e,degeneracy): [(2, 13, 45, 271, 10), (3, 19, 65, 586, 15), (5, 31, 126, 1891, 25), (7, 43, 203, 4264, 35), (11, 67, 315, 10396, 55)]
T-FREE TRAPS (d,k,n,e,deficit,all-completion upper bound): [(2, 13, 25, 93, 57, 125), (3, 19, 37, 221, 112, 273), (7, 43, 85, 1293, 492, 1425)]
EXACT ALL-ROLE TRAP DP: 2 feasible 0 states 32 transitions 249
EXACT ALL-ROLE TRAP DP: 3 feasible 0 states 37 transitions 467
EXACT ALL-ROLE TRAP DP: 4 feasible 0 states 42 transitions 754
EXACT ALL-ROLE TRAP DP: 7 feasible 0 states 57 transitions 2039
PARITY GAP: odd spectrum at core budget 6 = [13, 14, 15, 16, 17, 18, 20, 21, 22, 23, 24, 25, 26, 27] ; minimum core for odd count 19 = 7
ALL PROPER SUBSETS VIA INTEGER MIN CUT: 2 45
ALL PROPER SUBSETS VIA INTEGER MIN CUT: 7 203
COUNTS:
  DP versus complete color-assignment audits: 72
  analytic chamber parameter triples: 60
  capacity-tight two-cycle incidence certificates: 15
  complete three-module interface patterns: 128
  exact 44-vertex parity-spectrum audits: 1
  exact matching-block parity kernels: 1520
  exact quotient DP retained states: 168
  exact quotient DP transitions: 3509
  exhausted negative capacity DPs: 4
  explicit low-incidence outputs: 1
  four-leaf matching completion repairs: 1584
  full critical orientation and terminal-exclusion audits: 5
  individual forbidden B--B completion edges: 339
  individual forbidden B--C completion edges: 784
  integer max-closure certificates: 250
  leaf-deleted matching witnesses: 308
  positive 44-vertex capacity DP controls: 1
  proved all-role bridge-trap parameter audits: 11
  return-walk repairs: 720
  three-chamber repairs: 960
  verified full non-induced tree copies: 4824
Spec.lean SHA256: 674e59904bc58eb7e92883f5bf20dc5070fa9ec90e1640117895768922c0c103
PASS; seconds: 53.338
STATUS: no ES counterexample and no unrestricted ES proof.
ADDITIONAL INDEPENDENT REPORT ARITHMETIC: PASS (trap d through 200; chamber arities through 30).
