X=10000 S=18 S/X=0.0018 J=0.0309525181289 sqrt(J/2)=0.124403613551 max_abs_u=1.2372 w2=0.00978883231125
 exponent_bin count harmonic_mass sum_u2/p weighted_sum
 0-0.1 0 0 0 0
 0.1-0.2 2 0.533333333333 2e-07 9.78883231125e-09
 0.2-0.3 3 0.310689310689 3.72103896104e-06 3.36257266372e-07
 0.3-0.4 6 0.248701219393 0.000117506760384 1.88737352031e-05
 0.4-0.5 13 0.210093337634 0.000484228746832 0.000113090843505
 0.5-0.6 29 0.180822001126 0.00213209149016 0.000696971201025
 0.6-0.7 60 0.146582771918 0.00786758965235 0.00345644571173
 0.7-0.8 136 0.132496600049 0.013403521113 0.00775713354421
 0.8-0.9 299 0.115613756312 0.0186213141452 0.0136678490856
 0.9-1 680 0.104727616779 0.00627538125276 0.00524180796152
 energy_(X^.1,X^.9]=0.0426301729469

X=100000 S=160 S/X=0.0016 J=0.0226669837878 sqrt(J/2)=0.10645887419 max_abs_u=1.33052 w2=0.00627641955867
 exponent_bin count harmonic_mass sum_u2/p weighted_sum
 0-0.1 1 0.333333333333 0 0
 0.1-0.2 2 0.342857142857 6.62857142857e-09 2.66120189288e-10
 0.2-0.3 7 0.389506360198 5.46252453148e-07 4.70888231599e-08
 0.3-0.4 14 0.237120364661 2.1892142852e-05 3.12874671401e-06
 0.4-0.5 40 0.219705858703 0.000366550139007 7.97044240478e-05
 0.5-0.6 103 0.175557067423 0.00109122886246 0.000350946807506
 0.6-0.7 278 0.151189763018 0.00394104524372 0.0017117164377
 0.7-0.8 783 0.133790057041 0.00817680621738 0.00469500197634
 0.8-0.9 2172 0.116909692819 0.0133508132028 0.00975100718989
 0.9-1 6191 0.105302538995 0.00716006640968 0.00607543085062
 energy_(X^.1,X^.9]=0.0269488886892

X=1000000 S=298 S/X=0.000298 J=0.0171198729345 sqrt(J/2)=0.0925199247042 max_abs_u=1.33288 w2=0.00436093452035
 exponent_bin count harmonic_mass sum_u2/p weighted_sum
 0-0.1 1 0.333333333333 0 0
 0.1-0.2 4 0.510689310689 8.62857142857e-11 3.16506936522e-12
 0.2-0.3 12 0.369834392687 2.0852175526e-07 1.82813211919e-08
 0.3-0.4 36 0.269782165466 1.11031697972e-05 1.56550128412e-06
 0.4-0.5 114 0.214440925 8.9873135367e-05 1.90764839821e-05
 0.5-0.6 381 0.18025220328 0.000480767558819 0.000154926707228
 0.6-0.7 1298 0.153350408623 0.00188401908956 0.000819651249062
 0.7-0.8 4479 0.132780744979 0.0047253852395 0.00271155883464
 0.8-0.9 15806 0.117622632536 0.0101703216825 0.0074139650295
 0.9-1 56366 0.105241982974 0.00699233632599 0.00599911084436
 energy_(X^.1,X^.9]=0.0173616784835

X=10000000 S=-98 S/X=-9.8e-06 J=0.0131118297524 sqrt(J/2)=0.0809686042624 max_abs_u=1.3330184 w2=0.00320413988156
 exponent_bin count harmonic_mass sum_u2/p weighted_sum
 0-0.1 2 0.533333333333 2e-13 3.20413988156e-15
 0.1-0.2 6 0.465622679918 4.55702642088e-12 1.83133999436e-13
 0.2-0.3 21 0.350840579602 8.28578476667e-08 6.50463154103e-09
 0.3-0.4 84 0.28042538124 2.7221470991e-06 3.84971453301e-07
 0.4-0.5 332 0.219047916099 2.36624342425e-05 5.09452584017e-06
 0.5-0.6 1401 0.182412848885 0.000178258472154 5.7386205404e-05
 0.6-0.7 5938 0.15335128336 0.000812424726347 0.000355646507202
 0.7-0.8 25922 0.133382838485 0.0027946506346 0.00161435380557
 0.8-0.9 114882 0.117703421593 0.00733997406292 0.00538507493967
 0.9-1 515990 0.105329098763 0.00657365660582 0.00569388229245
 energy_(X^.1,X^.9]=0.0111517753398

X=100000000 S=-4868 S/X=-4.868e-05 J=0.0103752780695 sqrt(J/2)=0.0720252666413 max_abs_u=1.3632571 w2=0.00245319677142
 exponent_bin count harmonic_mass sum_u2/p weighted_sum
 0-0.1 2 0.533333333333 2e-15 2.45319677142e-17
 0.1-0.2 9 0.559390530082 1.95014123295e-11 7.33651896531e-13
 0.2-0.3 42 0.39091533876 2.7388514374e-08 2.20534066393e-09
 0.3-0.4 196 0.279079371967 7.51033756836e-07 1.04128696948e-07
 0.4-0.5 979 0.220341373091 6.68610760266e-06 1.45032777796e-06
 0.5-0.6 5097 0.181403536824 5.93655349077e-05 1.91443064988e-05
 0.6-0.7 27381 0.153953376866 0.000359855932426 0.000158464533427
 0.7-0.8 150174 0.133440084691 0.00161855033739 0.000939490079469
 0.8-0.9 838096 0.117764942094 0.00544313786035 0.00401441979347
 0.9-1 4739478 0.105353342212 0.00601310677216 0.00524220269409
 energy_(X^.1,X^.9]=0.00748837421445

