Lean 4 / Mathlib verification: integer sieve
'IntegerSieve.oddCube_intersections' depends on axioms: [propext, Classical.choice, Quot.sound]
'IntegerSieve.odd_trade_cover' depends on axioms: [propext, Classical.choice, Quot.sound]
'IntegerSieve.odd_trade_preserves_bounds' depends on axioms: [propext, Classical.choice, Quot.sound]
'IntegerSieve.histogram_mobius_inversion' depends on axioms: [propext, Classical.choice, Quot.sound]
'IntegerSieve.covered_histogram_iff' depends on axioms: [propext, Classical.choice, Quot.sound]
'IntegerSieve.common_product_lt_length' depends on axioms: [propext, Classical.choice, Quot.sound]
'IntegerSieve.residue_cover_of_product_differences' depends on axioms: [propext, Classical.choice, Quot.sound]
'IntegerSieve.baseHistogram_intersections' depends on axioms: [propext, Classical.choice, Quot.sound]
'IntegerSieve.prime_cube_packing_cover' depends on axioms: [propext, Classical.choice, Quot.sound]
'IntegerSieve.maximal_counts_force_maximal_pair' depends on axioms: [propext, Classical.choice, Quot.sound]
'IntegerSieve.Examples.rows19_rounded' depends on axioms: [propext, Classical.choice, Quot.sound]
'IntegerSieve.Examples.rows19_covered' depends on axioms: [propext, Quot.sound]
'IntegerSieve.Examples.rows19_pair_products' depends on axioms: [propext, Classical.choice, Quot.sound]
'IntegerSieve.Examples.trades19_match_rows' depends on axioms: [propext, Classical.choice, Quot.sound]
'IntegerSieve.Examples.nineteen_from_prime_cube_packing' depends on axioms: [propext, Classical.choice, Quot.sound]
'IntegerSieve.Examples.no_residue_count_realization19' depends on axioms: [propext, Classical.choice, Quot.sound]
'IntegerSieve.Examples.rows11_rounded' depends on axioms: [propext, Classical.choice, Quot.sound]
'IntegerSieve.Examples.no_residue_count_realization11' depends on axioms: [propext, Classical.choice, Quot.sound]
All three Lean files compiled successfully.
