/workspace/leanproject/Submission/Spec.lean:1916:12: error: No goals to be solved
/workspace/leanproject/Submission/Spec.lean:1925:12: error: No goals to be solved
/workspace/leanproject/Submission/Spec.lean:1992:88: error: unsolved goals
n : ℕ
hn_ge : 60 ≤ n
k : ℤ
h1 : π * 10 ^ ↑(n + 1) < ↑k
h2 : ↑k < π / arctan (1 / 10 ^ ↑(n + 1))
h_pi_gt : 3.141592653589793238462643383279502884197169399375105820974944592307816406286208 < π
h_pi_lt : π < 3.141592653589793238462643383279502884197169399375105820974944592307816406286210
h_ub : π / arctan (1 / 10 ^ (n + 1)) < π * 10 ^ (n + 1) + 2 * 10 ^ (-↑(n + 1))
h_lt : ↑k < π * 10 ^ (n + 1) + 2 * 10 ^ (-(↑n + 1))
h_gt : π * 10 ^ (n + 1) < ↑k
hn_ge_limit : 60 ≤ n
hn_ge_limit1 : 61 ≤ n + 1
h_ten_neg : 2 * 10 ^ (-(↑n + 1)) ≤ 2 * 10 ^ (-61)
h_ten_neg_le : 2 * 10 ^ (-61) < 1
h_lt' : ↑k < π * 10 ^ (n + 1) + 1
hk1 : k % 10 = 1
q : ℤ
hq : k = 10 * q + 1
h_pow_eq_10 : 10 ^ (n + 1) = 10 ^ 61 * 10 ^ (n - 60)
hn_ge_limit_use : 60 ≤ n
h_ten_neg_limit : 2 * 10 ^ (-(↑n + 1)) ≤ 2 * 10 ^ (-61)
h_ten_neg_limit_le : 2 * 10 ^ (-61) < 1 / 10 ^ 60
h_lt_limit : ↑k < π * 10 ^ (n + 1) + 1 / 10 ^ 60
h_pi_limit_gt : 3141592653589793238462643383279502884197169399375105820974944 / 10 ^ 60 < π
h_pi_limit_lt : π < 3141592653589793238462643383279502884197169399375105820974946 / 10 ^ 60
h_gt_mul : 3141592653589793238462643383279502884197169399375105820974944 / 10 ^ 60 * 10 ^ (n + 1) < ↑k
h_lt_mul : ↑k < 3141592653589793238462643383279502884197169399375105820974946 / 10 ^ 60 * 10 ^ (n + 1)
this : n + 1 = 60 + (n + 1 - 60)
⊢ 10 ^ 60 * 10 ^ (n + 1 - 60) = 10 ^ 60 * 10 ^ (60 + (n + 1 - 60) - 60)
/workspace/leanproject/Submission/Spec.lean:2023:10: error: omega could not prove the goal:
a possible counterexample may satisfy the constraints
  3141592653589793238462643383279502884197169399375105820974944 ≤ a ≤ 3141592653589793238462643383279502884197169399375105820974945
  5*a - 1570796326794896619231321691639751442098584699687552910487473*b ≤ -1
  5*a - 1570796326794896619231321691639751442098584699687552910487472*b ≥ 0
where
 a := q
 b := 10 ^ (n + 1 - 60)
/workspace/leanproject/Submission/Spec.lean:2027:10: error: omega could not prove the goal:
a possible counterexample may satisfy the constraints
  31415926535897932384626433832795028841971693993751058209749440 ≤ a ≤ 31415926535897932384626433832795028841971693993751058209749459
  5*a - 1570796326794896619231321691639751442098584699687552910487473*b ≤ -1
  5*a - 1570796326794896619231321691639751442098584699687552910487472*b ≥ 0
where
 a := q
 b := 10 ^ (n + 1 - 60)
/workspace/leanproject/Submission/Spec.lean:2031:10: error: omega could not prove the goal:
a possible counterexample may satisfy the constraints
  314159265358979323846264338327950288419716939937510582097494400 ≤ a ≤ 314159265358979323846264338327950288419716939937510582097494599
  5*a - 1570796326794896619231321691639751442098584699687552910487473*b ≤ -1
  5*a - 1570796326794896619231321691639751442098584699687552910487472*b ≥ 0
where
 a := q
 b := 10 ^ (n + 1 - 60)
/workspace/leanproject/Submission/Spec.lean:2035:10: error: omega could not prove the goal:
a possible counterexample may satisfy the constraints
  3141592653589793238462643383279502884197169399375105820974944000 ≤ a ≤ 3141592653589793238462643383279502884197169399375105820974945999
  5*a - 1570796326794896619231321691639751442098584699687552910487473*b ≤ -1
  5*a - 1570796326794896619231321691639751442098584699687552910487472*b ≥ 0
where
 a := q
 b := 10 ^ (n + 1 - 60)
Try this:
  [apply] ring_nf
  
  The `ring` tactic failed to close the goal. Use `ring_nf` to obtain a normal form.
    
  Note that `ring` works primarily in *commutative* rings. If you have a noncommutative ring, abelian group or module, consider using `noncomm_ring`, `abel` or `module` instead.
/workspace/leanproject/Submission/Spec.lean:2036:75: error: unsolved goals
n : ℕ
hn_ge : 60 ≤ n
k : ℤ
h1 : π * 10 ^ ↑(n + 1) < ↑k
h2 : ↑k < π / arctan (1 / 10 ^ ↑(n + 1))
h_pi_gt : 3.141592653589793238462643383279502884197169399375105820974944592307816406286208 < π
h_pi_lt : π < 3.141592653589793238462643383279502884197169399375105820974944592307816406286210
h_ub : π / arctan (1 / 10 ^ (n + 1)) < π * 10 ^ (n + 1) + 2 * 10 ^ (-↑(n + 1))
h_lt : ↑k < π * 10 ^ (n + 1) + 2 * 10 ^ (-(↑n + 1))
h_gt : π * 10 ^ (n + 1) < ↑k
hn_ge_limit : 60 ≤ n
hn_ge_limit1 : 61 ≤ n + 1
h_ten_neg : 2 * 10 ^ (-(↑n + 1)) ≤ 2 * 10 ^ (-61)
h_ten_neg_le : 2 * 10 ^ (-61) < 1
h_lt' : ↑k < π * 10 ^ (n + 1) + 1
hk1 : k % 10 = 1
q : ℤ
hq : k = 10 * q + 1
h_pow_eq_10 : 10 ^ (n + 1) = 10 ^ 61 * 10 ^ (n - 60)
hn_ge_limit_use : 60 ≤ n
h_ten_neg_limit : 2 * 10 ^ (-(↑n + 1)) ≤ 2 * 10 ^ (-61)
h_ten_neg_limit_le : 2 * 10 ^ (-61) < 1 / 10 ^ 60
h_lt_limit : ↑k < π * 10 ^ (n + 1) + 1 / 10 ^ 60
h_pi_limit_gt : 3141592653589793238462643383279502884197169399375105820974944 / 10 ^ 60 < π
h_pi_limit_lt : π < 3141592653589793238462643383279502884197169399375105820974946 / 10 ^ 60
h_gt_mul : 3141592653589793238462643383279502884197169399375105820974944 / 10 ^ 60 * 10 ^ (n + 1) < ↑k
h_lt_mul : ↑k < 3141592653589793238462643383279502884197169399375105820974946 / 10 ^ 60 * 10 ^ (n + 1)
h_pow_eq : 10 ^ (n + 1) = 10 ^ 60 * 10 ^ (n + 1 - 60)
h_gt_mul_simp : ↑3141592653589793238462643383279502884197169399375105820974944 * 10 ^ (n + 1 - 60) < ↑k
h_lt_mul_simp : ↑k < ↑3141592653589793238462643383279502884197169399375105820974946 * 10 ^ (n + 1 - 60)
hk_gt' : 3141592653589793238462643383279502884197169399375105820974944 * 10 ^ (n + 1 - 60) < k
hk_lt' : k < 3141592653589793238462643383279502884197169399375105820974946 * 10 ^ (n + 1 - 60)
hM5 : 5 ≤ n + 1 - 60
this : n + 1 - 60 = n + 1 - 60 - 1 + 1
⊢ 10 ^ (1 + n - 60 - 1) * 10 = 10 ^ (1 + (1 + n - 60 - 1) - 1) * 10
/workspace/leanproject/Submission/Spec.lean:2042:16: error: Tactic `rewrite` failed: Did not find an occurrence of the pattern
  10 ^ (n + 1 - 60)
in the target expression
  3141592653589793238462643383279502884197169399375105820974944 * 10 ^ (n + 1 - 60) < k

n : ℕ
hn_ge : 60 ≤ n
k : ℤ
h1 : π * 10 ^ ↑(n + 1) < ↑k
h2 : ↑k < π / arctan (1 / 10 ^ ↑(n + 1))
h_pi_gt : 3.141592653589793238462643383279502884197169399375105820974944592307816406286208 < π
h_pi_lt : π < 3.141592653589793238462643383279502884197169399375105820974944592307816406286210
h_ub : π / arctan (1 / 10 ^ (n + 1)) < π * 10 ^ (n + 1) + 2 * 10 ^ (-↑(n + 1))
h_lt : ↑k < π * 10 ^ (n + 1) + 2 * 10 ^ (-(↑n + 1))
h_gt : π * 10 ^ (n + 1) < ↑k
hn_ge_limit : 60 ≤ n
hn_ge_limit1 : 61 ≤ n + 1
h_ten_neg : 2 * 10 ^ (-(↑n + 1)) ≤ 2 * 10 ^ (-61)
h_ten_neg_le : 2 * 10 ^ (-61) < 1
h_lt' : ↑k < π * 10 ^ (n + 1) + 1
hk1 : k % 10 = 1
q : ℤ
hq : k = 10 * q + 1
h_pow_eq_10 : 10 ^ (n + 1) = 10 ^ 61 * 10 ^ (n - 60)
hn_ge_limit_use : 60 ≤ n
h_ten_neg_limit : 2 * 10 ^ (-(↑n + 1)) ≤ 2 * 10 ^ (-61)
h_ten_neg_limit_le : 2 * 10 ^ (-61) < 1 / 10 ^ 60
h_lt_limit : ↑k < π * 10 ^ (n + 1) + 1 / 10 ^ 60
h_pi_limit_gt : 3141592653589793238462643383279502884197169399375105820974944 / 10 ^ 60 < π
h_pi_limit_lt : π < 3141592653589793238462643383279502884197169399375105820974946 / 10 ^ 60
h_gt_mul : 3141592653589793238462643383279502884197169399375105820974944 / 10 ^ 60 * 10 ^ (n + 1) < ↑k
h_lt_mul : ↑k < 3141592653589793238462643383279502884197169399375105820974946 / 10 ^ 60 * 10 ^ (n + 1)
h_pow_eq : 10 ^ (n + 1) = 10 ^ 60 * 10 ^ (n + 1 - 60)
h_gt_mul_simp : ↑3141592653589793238462643383279502884197169399375105820974944 * 10 ^ (n + 1 - 60) < ↑k
h_lt_mul_simp : ↑k < ↑3141592653589793238462643383279502884197169399375105820974946 * 10 ^ (n + 1 - 60)
hk_gt' : 3141592653589793238462643383279502884197169399375105820974944 * 10 ^ (n + 1 - 60) < k
hk_lt' : k < 3141592653589793238462643383279502884197169399375105820974946 * 10 ^ (n + 1 - 60)
hM5 : 5 ≤ n + 1 - 60
h_pow_M : 10 ^ (n + 1 - 60) = 10 ^ (n + 1 - 60 - 1) * 10
h_rw : 3141592653589793238462643383279502884197169399375105820974944 * 10 ^ (n + 1 - 60) < k
⊢ 3141592653589793238462643383279502884197169399375105820974944 * 10 * 10 ^ (n + 1 - 60 - 1) < k
/workspace/leanproject/Submission/Spec.lean:2046:16: error: Tactic `rewrite` failed: Did not find an occurrence of the pattern
  10 ^ (n + 1 - 60)
in the target expression
  k < 3141592653589793238462643383279502884197169399375105820974946 * 10 ^ (n + 1 - 60)

n : ℕ
hn_ge : 60 ≤ n
k : ℤ
h1 : π * 10 ^ ↑(n + 1) < ↑k
h2 : ↑k < π / arctan (1 / 10 ^ ↑(n + 1))
h_pi_gt : 3.141592653589793238462643383279502884197169399375105820974944592307816406286208 < π
h_pi_lt : π < 3.141592653589793238462643383279502884197169399375105820974944592307816406286210
h_ub : π / arctan (1 / 10 ^ (n + 1)) < π * 10 ^ (n + 1) + 2 * 10 ^ (-↑(n + 1))
h_lt : ↑k < π * 10 ^ (n + 1) + 2 * 10 ^ (-(↑n + 1))
h_gt : π * 10 ^ (n + 1) < ↑k
hn_ge_limit : 60 ≤ n
hn_ge_limit1 : 61 ≤ n + 1
h_ten_neg : 2 * 10 ^ (-(↑n + 1)) ≤ 2 * 10 ^ (-61)
h_ten_neg_le : 2 * 10 ^ (-61) < 1
h_lt' : ↑k < π * 10 ^ (n + 1) + 1
hk1 : k % 10 = 1
q : ℤ
hq : k = 10 * q + 1
h_pow_eq_10 : 10 ^ (n + 1) = 10 ^ 61 * 10 ^ (n - 60)
hn_ge_limit_use : 60 ≤ n
h_ten_neg_limit : 2 * 10 ^ (-(↑n + 1)) ≤ 2 * 10 ^ (-61)
h_ten_neg_limit_le : 2 * 10 ^ (-61) < 1 / 10 ^ 60
h_lt_limit : ↑k < π * 10 ^ (n + 1) + 1 / 10 ^ 60
h_pi_limit_gt : 3141592653589793238462643383279502884197169399375105820974944 / 10 ^ 60 < π
h_pi_limit_lt : π < 3141592653589793238462643383279502884197169399375105820974946 / 10 ^ 60
h_gt_mul : 3141592653589793238462643383279502884197169399375105820974944 / 10 ^ 60 * 10 ^ (n + 1) < ↑k
h_lt_mul : ↑k < 3141592653589793238462643383279502884197169399375105820974946 / 10 ^ 60 * 10 ^ (n + 1)
h_pow_eq : 10 ^ (n + 1) = 10 ^ 60 * 10 ^ (n + 1 - 60)
h_gt_mul_simp : ↑3141592653589793238462643383279502884197169399375105820974944 * 10 ^ (n + 1 - 60) < ↑k
h_lt_mul_simp : ↑k < ↑3141592653589793238462643383279502884197169399375105820974946 * 10 ^ (n + 1 - 60)
hk_gt' : 3141592653589793238462643383279502884197169399375105820974944 * 10 ^ (n + 1 - 60) < k
hk_lt' : k < 3141592653589793238462643383279502884197169399375105820974946 * 10 ^ (n + 1 - 60)
hM5 : 5 ≤ n + 1 - 60
h_pow_M : 10 ^ (n + 1 - 60) = 10 ^ (n + 1 - 60 - 1) * 10
hk_gt_M : 3141592653589793238462643383279502884197169399375105820974944 * 10 * 10 ^ (n + 1 - 60 - 1) < k
h_rw : k < 3141592653589793238462643383279502884197169399375105820974946 * 10 ^ (n + 1 - 60)
⊢ k < 3141592653589793238462643383279502884197169399375105820974946 * 10 * 10 ^ (n + 1 - 60 - 1)
/workspace/leanproject/Submission/Spec.lean:2054:34: error: Expected type must not contain metavariables
  1 ≤ ?m.5587
/workspace/leanproject/Submission/Spec.lean:2058:16: error: Tactic `rewrite` failed: Did not find an occurrence of the pattern
  10 ^ (n + 1 - 60 - 1)
in the target expression
  3141592653589793238462643383279502884197169399375105820974944 * 10 * 10 ^ (n + 1 - 60 - 1) < k

n : ℕ
hn_ge : 60 ≤ n
k : ℤ
h1 : π * 10 ^ ↑(n + 1) < ↑k
h2 : ↑k < π / arctan (1 / 10 ^ ↑(n + 1))
h_pi_gt : 3.141592653589793238462643383279502884197169399375105820974944592307816406286208 < π
h_pi_lt : π < 3.141592653589793238462643383279502884197169399375105820974944592307816406286210
h_ub : π / arctan (1 / 10 ^ (n + 1)) < π * 10 ^ (n + 1) + 2 * 10 ^ (-↑(n + 1))
h_lt : ↑k < π * 10 ^ (n + 1) + 2 * 10 ^ (-(↑n + 1))
h_gt : π * 10 ^ (n + 1) < ↑k
hn_ge_limit : 60 ≤ n
hn_ge_limit1 : 61 ≤ n + 1
h_ten_neg : 2 * 10 ^ (-(↑n + 1)) ≤ 2 * 10 ^ (-61)
h_ten_neg_le : 2 * 10 ^ (-61) < 1
h_lt' : ↑k < π * 10 ^ (n + 1) + 1
hk1 : k % 10 = 1
q : ℤ
hq : k = 10 * q + 1
h_pow_eq_10 : 10 ^ (n + 1) = 10 ^ 61 * 10 ^ (n - 60)
hn_ge_limit_use : 60 ≤ n
h_ten_neg_limit : 2 * 10 ^ (-(↑n + 1)) ≤ 2 * 10 ^ (-61)
h_ten_neg_limit_le : 2 * 10 ^ (-61) < 1 / 10 ^ 60
h_lt_limit : ↑k < π * 10 ^ (n + 1) + 1 / 10 ^ 60
h_pi_limit_gt : 3141592653589793238462643383279502884197169399375105820974944 / 10 ^ 60 < π
h_pi_limit_lt : π < 3141592653589793238462643383279502884197169399375105820974946 / 10 ^ 60
h_gt_mul : 3141592653589793238462643383279502884197169399375105820974944 / 10 ^ 60 * 10 ^ (n + 1) < ↑k
h_lt_mul : ↑k < 3141592653589793238462643383279502884197169399375105820974946 / 10 ^ 60 * 10 ^ (n + 1)
h_pow_eq : 10 ^ (n + 1) = 10 ^ 60 * 10 ^ (n + 1 - 60)
h_gt_mul_simp : ↑3141592653589793238462643383279502884197169399375105820974944 * 10 ^ (n + 1 - 60) < ↑k
h_lt_mul_simp : ↑k < ↑3141592653589793238462643383279502884197169399375105820974946 * 10 ^ (n + 1 - 60)
hk_gt' : 3141592653589793238462643383279502884197169399375105820974944 * 10 ^ (n + 1 - 60) < k
hk_lt' : k < 3141592653589793238462643383279502884197169399375105820974946 * 10 ^ (n + 1 - 60)
hM5 : 5 ≤ n + 1 - 60
h_pow_M : 10 ^ (n + 1 - 60) = 10 ^ (n + 1 - 60 - 1) * 10
hk_gt_M : 3141592653589793238462643383279502884197169399375105820974944 * 10 * 10 ^ (n + 1 - 60 - 1) < k
hk_lt_M : k < 3141592653589793238462643383279502884197169399375105820974946 * 10 * 10 ^ (n + 1 - 60 - 1)
Y : ℕ
hY_val : 10 ^ (n + 1 - 60 - 1) = 10 ^ 4 * Y
h_Y_pos : 1 ≤ Y
this : k = 10 * q + 1
h_rw : 3141592653589793238462643383279502884197169399375105820974944 * 10 * 10 ^ (n + 1 - 60 - 1) < k
⊢ 3141592653589793238462643383279502884197169399375105820974944 * 10 * 10 ^ 4 * ↑Y < 10 * q + 1
/workspace/leanproject/Submission/Spec.lean:2063:16: error: Tactic `rewrite` failed: Did not find an occurrence of the pattern
  10 ^ (n + 1 - 60 - 1)
in the target expression
  k < 3141592653589793238462643383279502884197169399375105820974946 * 10 * 10 ^ (n + 1 - 60 - 1)

n : ℕ
hn_ge : 60 ≤ n
k : ℤ
h1 : π * 10 ^ ↑(n + 1) < ↑k
h2 : ↑k < π / arctan (1 / 10 ^ ↑(n + 1))
h_pi_gt : 3.141592653589793238462643383279502884197169399375105820974944592307816406286208 < π
h_pi_lt : π < 3.141592653589793238462643383279502884197169399375105820974944592307816406286210
h_ub : π / arctan (1 / 10 ^ (n + 1)) < π * 10 ^ (n + 1) + 2 * 10 ^ (-↑(n + 1))
h_lt : ↑k < π * 10 ^ (n + 1) + 2 * 10 ^ (-(↑n + 1))
h_gt : π * 10 ^ (n + 1) < ↑k
hn_ge_limit : 60 ≤ n
hn_ge_limit1 : 61 ≤ n + 1
h_ten_neg : 2 * 10 ^ (-(↑n + 1)) ≤ 2 * 10 ^ (-61)
h_ten_neg_le : 2 * 10 ^ (-61) < 1
h_lt' : ↑k < π * 10 ^ (n + 1) + 1
hk1 : k % 10 = 1
q : ℤ
hq : k = 10 * q + 1
h_pow_eq_10 : 10 ^ (n + 1) = 10 ^ 61 * 10 ^ (n - 60)
hn_ge_limit_use : 60 ≤ n
h_ten_neg_limit : 2 * 10 ^ (-(↑n + 1)) ≤ 2 * 10 ^ (-61)
h_ten_neg_limit_le : 2 * 10 ^ (-61) < 1 / 10 ^ 60
h_lt_limit : ↑k < π * 10 ^ (n + 1) + 1 / 10 ^ 60
h_pi_limit_gt : 3141592653589793238462643383279502884197169399375105820974944 / 10 ^ 60 < π
h_pi_limit_lt : π < 3141592653589793238462643383279502884197169399375105820974946 / 10 ^ 60
h_gt_mul : 3141592653589793238462643383279502884197169399375105820974944 / 10 ^ 60 * 10 ^ (n + 1) < ↑k
h_lt_mul : ↑k < 3141592653589793238462643383279502884197169399375105820974946 / 10 ^ 60 * 10 ^ (n + 1)
h_pow_eq : 10 ^ (n + 1) = 10 ^ 60 * 10 ^ (n + 1 - 60)
h_gt_mul_simp : ↑3141592653589793238462643383279502884197169399375105820974944 * 10 ^ (n + 1 - 60) < ↑k
h_lt_mul_simp : ↑k < ↑3141592653589793238462643383279502884197169399375105820974946 * 10 ^ (n + 1 - 60)
hk_gt' : 3141592653589793238462643383279502884197169399375105820974944 * 10 ^ (n + 1 - 60) < k
hk_lt' : k < 3141592653589793238462643383279502884197169399375105820974946 * 10 ^ (n + 1 - 60)
hM5 : 5 ≤ n + 1 - 60
h_pow_M : 10 ^ (n + 1 - 60) = 10 ^ (n + 1 - 60 - 1) * 10
hk_gt_M : 3141592653589793238462643383279502884197169399375105820974944 * 10 * 10 ^ (n + 1 - 60 - 1) < k
hk_lt_M : k < 3141592653589793238462643383279502884197169399375105820974946 * 10 * 10 ^ (n + 1 - 60 - 1)
Y : ℕ
hY_val : 10 ^ (n + 1 - 60 - 1) = 10 ^ 4 * Y
h_Y_pos : 1 ≤ Y
this : k = 10 * q + 1
h_gt_final : 3141592653589793238462643383279502884197169399375105820974944 * 10 * 10 ^ 4 * ↑Y < 10 * q + 1
h_rw : k < 3141592653589793238462643383279502884197169399375105820974946 * 10 * 10 ^ (n + 1 - 60 - 1)
⊢ 10 * q + 1 < 3141592653589793238462643383279502884197169399375105820974946 * 10 * 10 ^ 4 * ↑Y
/workspace/leanproject/Submission/Spec.lean:2066:10: error: omega could not prove the goal:
a possible counterexample may satisfy the constraints
  e ≥ 1
  c ≥ 5
  a - 3141592653589793238462643383279502884197169399375105820974946*d ≤ -1
  a - 3141592653589793238462643383279502884197169399375105820974944*d ≥ 0
  a - 31415926535897932384626433832795028841971693993751058209749460000*e ≤ -1
  a - 31415926535897932384626433832795028841971693993751058209749440000*e ≥ 0
  5*a - 1570796326794896619231321691639751442098584699687552910487473*b ≤ -1
  5*a - 1570796326794896619231321691639751442098584699687552910487472*b ≥ 0
where
 a := q
 b := 10 ^ (n + 1 - 60)
 c := ↑(n + 1 - 60)
 d := 10 ^ (n + 1 - 60 - 1)
 e := ↑Y
/workspace/leanproject/Submission/Spec.lean:2115:88: error: unsolved goals
n : ℕ
hn_ge : 60 ≤ n
k : ℤ
h1 : π * 10 ^ ↑(n + 1) < ↑k
h2 : ↑k < π / arctan (1 / 10 ^ ↑(n + 1))
h_pi_gt : 3.141592653589793238462643383279502884197169399375105820974944592307816406286208 < π
h_pi_lt : π < 3.141592653589793238462643383279502884197169399375105820974944592307816406286210
h_ub : π / arctan (1 / 10 ^ (n + 1)) < π * 10 ^ (n + 1) + 2 * 10 ^ (-↑(n + 1))
h_lt : ↑k < π * 10 ^ (n + 1) + 2 * 10 ^ (-(↑n + 1))
h_gt : π * 10 ^ (n + 1) < ↑k
hn_ge_limit : 60 ≤ n
hn_ge_limit1 : 61 ≤ n + 1
h_ten_neg : 2 * 10 ^ (-(↑n + 1)) ≤ 2 * 10 ^ (-61)
h_ten_neg_le : 2 * 10 ^ (-61) < 1
h_lt' : ↑k < π * 10 ^ (n + 1) + 1
hk2 : k % 10 = 2
q : ℤ
hq : k = 10 * q + 2
h_pow_eq_10 : 10 ^ (n + 1) = 10 ^ 61 * 10 ^ (n - 60)
hn_ge_limit_use : 60 ≤ n
h_ten_neg_limit : 2 * 10 ^ (-(↑n + 1)) ≤ 2 * 10 ^ (-61)
h_ten_neg_limit_le : 2 * 10 ^ (-61) < 1 / 10 ^ 60
h_lt_limit : ↑k < π * 10 ^ (n + 1) + 1 / 10 ^ 60
h_pi_limit_gt : 3141592653589793238462643383279502884197169399375105820974944 / 10 ^ 60 < π
h_pi_limit_lt : π < 3141592653589793238462643383279502884197169399375105820974946 / 10 ^ 60
h_gt_mul : 3141592653589793238462643383279502884197169399375105820974944 / 10 ^ 60 * 10 ^ (n + 1) < ↑k
h_lt_mul : ↑k < 3141592653589793238462643383279502884197169399375105820974946 / 10 ^ 60 * 10 ^ (n + 1)
this : n + 1 = 60 + (n + 1 - 60)
⊢ 10 ^ 60 * 10 ^ (n + 1 - 60) = 10 ^ 60 * 10 ^ (60 + (n + 1 - 60) - 60)
/workspace/leanproject/Submission/Spec.lean:2146:10: error: omega could not prove the goal:
a possible counterexample may satisfy the constraints
  3141592653589793238462643383279502884197169399375105820974944 ≤ a ≤ 3141592653589793238462643383279502884197169399375105820974945
  5*a - 1570796326794896619231321691639751442098584699687552910487473*b ≤ -2
  5*a - 1570796326794896619231321691639751442098584699687552910487472*b ≥ 0
where
 a := q
 b := 10 ^ (n + 1 - 60)
/workspace/leanproject/Submission/Spec.lean:2150:10: error: omega could not prove the goal:
a possible counterexample may satisfy the constraints
  31415926535897932384626433832795028841971693993751058209749440 ≤ a ≤ 31415926535897932384626433832795028841971693993751058209749459
  5*a - 1570796326794896619231321691639751442098584699687552910487473*b ≤ -2
  5*a - 1570796326794896619231321691639751442098584699687552910487472*b ≥ 0
where
 a := q
 b := 10 ^ (n + 1 - 60)
/workspace/leanproject/Submission/Spec.lean:2154:10: error: omega could not prove the goal:
a possible counterexample may satisfy the constraints
  314159265358979323846264338327950288419716939937510582097494400 ≤ a ≤ 314159265358979323846264338327950288419716939937510582097494599
  5*a - 1570796326794896619231321691639751442098584699687552910487473*b ≤ -2
  5*a - 1570796326794896619231321691639751442098584699687552910487472*b ≥ 0
where
 a := q
 b := 10 ^ (n + 1 - 60)
/workspace/leanproject/Submission/Spec.lean:2158:10: error: omega could not prove the goal:
a possible counterexample may satisfy the constraints
  3141592653589793238462643383279502884197169399375105820974944000 ≤ a ≤ 3141592653589793238462643383279502884197169399375105820974945999
  5*a - 1570796326794896619231321691639751442098584699687552910487473*b ≤ -2
  5*a - 1570796326794896619231321691639751442098584699687552910487472*b ≥ 0
where
 a := q
 b := 10 ^ (n + 1 - 60)
Try this:
  [apply] ring_nf
  
  The `ring` tactic failed to close the goal. Use `ring_nf` to obtain a normal form.
    
  Note that `ring` works primarily in *commutative* rings. If you have a noncommutative ring, abelian group or module, consider using `noncomm_ring`, `abel` or `module` instead.
/workspace/leanproject/Submission/Spec.lean:2159:75: error: unsolved goals
n : ℕ
hn_ge : 60 ≤ n
k : ℤ
h1 : π * 10 ^ ↑(n + 1) < ↑k
h2 : ↑k < π / arctan (1 / 10 ^ ↑(n + 1))
h_pi_gt : 3.141592653589793238462643383279502884197169399375105820974944592307816406286208 < π
h_pi_lt : π < 3.141592653589793238462643383279502884197169399375105820974944592307816406286210
h_ub : π / arctan (1 / 10 ^ (n + 1)) < π * 10 ^ (n + 1) + 2 * 10 ^ (-↑(n + 1))
h_lt : ↑k < π * 10 ^ (n + 1) + 2 * 10 ^ (-(↑n + 1))
h_gt : π * 10 ^ (n + 1) < ↑k
hn_ge_limit : 60 ≤ n
hn_ge_limit1 : 61 ≤ n + 1
h_ten_neg : 2 * 10 ^ (-(↑n + 1)) ≤ 2 * 10 ^ (-61)
h_ten_neg_le : 2 * 10 ^ (-61) < 1
h_lt' : ↑k < π * 10 ^ (n + 1) + 1
hk2 : k % 10 = 2
q : ℤ
hq : k = 10 * q + 2
h_pow_eq_10 : 10 ^ (n + 1) = 10 ^ 61 * 10 ^ (n - 60)
hn_ge_limit_use : 60 ≤ n
h_ten_neg_limit : 2 * 10 ^ (-(↑n + 1)) ≤ 2 * 10 ^ (-61)
h_ten_neg_limit_le : 2 * 10 ^ (-61) < 1 / 10 ^ 60
h_lt_limit : ↑k < π * 10 ^ (n + 1) + 1 / 10 ^ 60
h_pi_limit_gt : 3141592653589793238462643383279502884197169399375105820974944 / 10 ^ 60 < π
h_pi_limit_lt : π < 3141592653589793238462643383279502884197169399375105820974946 / 10 ^ 60
h_gt_mul : 3141592653589793238462643383279502884197169399375105820974944 / 10 ^ 60 * 10 ^ (n + 1) < ↑k
h_lt_mul : ↑k < 3141592653589793238462643383279502884197169399375105820974946 / 10 ^ 60 * 10 ^ (n + 1)
h_pow_eq : 10 ^ (n + 1) = 10 ^ 60 * 10 ^ (n + 1 - 60)
h_gt_mul_simp : ↑3141592653589793238462643383279502884197169399375105820974944 * 10 ^ (n + 1 - 60) < ↑k
h_lt_mul_simp : ↑k < ↑3141592653589793238462643383279502884197169399375105820974946 * 10 ^ (n + 1 - 60)
hk_gt' : 3141592653589793238462643383279502884197169399375105820974944 * 10 ^ (n + 1 - 60) < k
hk_lt' : k < 3141592653589793238462643383279502884197169399375105820974946 * 10 ^ (n + 1 - 60)
hM5 : 5 ≤ n + 1 - 60
this : n + 1 - 60 = n + 1 - 60 - 1 + 1
⊢ 10 ^ (1 + n - 60 - 1) * 10 = 10 ^ (1 + (1 + n - 60 - 1) - 1) * 10
/workspace/leanproject/Submission/Spec.lean:2165:16: error: Tactic `rewrite` failed: Did not find an occurrence of the pattern
  10 ^ (n + 1 - 60)
in the target expression
  3141592653589793238462643383279502884197169399375105820974944 * 10 ^ (n + 1 - 60) < k

n : ℕ
hn_ge : 60 ≤ n
k : ℤ
h1 : π * 10 ^ ↑(n + 1) < ↑k
h2 : ↑k < π / arctan (1 / 10 ^ ↑(n + 1))
h_pi_gt : 3.141592653589793238462643383279502884197169399375105820974944592307816406286208 < π
h_pi_lt : π < 3.141592653589793238462643383279502884197169399375105820974944592307816406286210
h_ub : π / arctan (1 / 10 ^ (n + 1)) < π * 10 ^ (n + 1) + 2 * 10 ^ (-↑(n + 1))
h_lt : ↑k < π * 10 ^ (n + 1) + 2 * 10 ^ (-(↑n + 1))
h_gt : π * 10 ^ (n + 1) < ↑k
hn_ge_limit : 60 ≤ n
hn_ge_limit1 : 61 ≤ n + 1
h_ten_neg : 2 * 10 ^ (-(↑n + 1)) ≤ 2 * 10 ^ (-61)
h_ten_neg_le : 2 * 10 ^ (-61) < 1
h_lt' : ↑k < π * 10 ^ (n + 1) + 1
hk2 : k % 10 = 2
q : ℤ
hq : k = 10 * q + 2
h_pow_eq_10 : 10 ^ (n + 1) = 10 ^ 61 * 10 ^ (n - 60)
hn_ge_limit_use : 60 ≤ n
h_ten_neg_limit : 2 * 10 ^ (-(↑n + 1)) ≤ 2 * 10 ^ (-61)
h_ten_neg_limit_le : 2 * 10 ^ (-61) < 1 / 10 ^ 60
h_lt_limit : ↑k < π * 10 ^ (n + 1) + 1 / 10 ^ 60
h_pi_limit_gt : 3141592653589793238462643383279502884197169399375105820974944 / 10 ^ 60 < π
h_pi_limit_lt : π < 3141592653589793238462643383279502884197169399375105820974946 / 10 ^ 60
h_gt_mul : 3141592653589793238462643383279502884197169399375105820974944 / 10 ^ 60 * 10 ^ (n + 1) < ↑k
h_lt_mul : ↑k < 3141592653589793238462643383279502884197169399375105820974946 / 10 ^ 60 * 10 ^ (n + 1)
h_pow_eq : 10 ^ (n + 1) = 10 ^ 60 * 10 ^ (n + 1 - 60)
h_gt_mul_simp : ↑3141592653589793238462643383279502884197169399375105820974944 * 10 ^ (n + 1 - 60) < ↑k
h_lt_mul_simp : ↑k < ↑3141592653589793238462643383279502884197169399375105820974946 * 10 ^ (n + 1 - 60)
hk_gt' : 3141592653589793238462643383279502884197169399375105820974944 * 10 ^ (n + 1 - 60) < k
hk_lt' : k < 3141592653589793238462643383279502884197169399375105820974946 * 10 ^ (n + 1 - 60)
hM5 : 5 ≤ n + 1 - 60
h_pow_M : 10 ^ (n + 1 - 60) = 10 ^ (n + 1 - 60 - 1) * 10
h_rw : 3141592653589793238462643383279502884197169399375105820974944 * 10 ^ (n + 1 - 60) < k
⊢ 3141592653589793238462643383279502884197169399375105820974944 * 10 * 10 ^ (n + 1 - 60 - 1) < k
/workspace/leanproject/Submission/Spec.lean:2169:16: error: Tactic `rewrite` failed: Did not find an occurrence of the pattern
  10 ^ (n + 1 - 60)
in the target expression
  k < 3141592653589793238462643383279502884197169399375105820974946 * 10 ^ (n + 1 - 60)

n : ℕ
hn_ge : 60 ≤ n
k : ℤ
h1 : π * 10 ^ ↑(n + 1) < ↑k
h2 : ↑k < π / arctan (1 / 10 ^ ↑(n + 1))
h_pi_gt : 3.141592653589793238462643383279502884197169399375105820974944592307816406286208 < π
h_pi_lt : π < 3.141592653589793238462643383279502884197169399375105820974944592307816406286210
h_ub : π / arctan (1 / 10 ^ (n + 1)) < π * 10 ^ (n + 1) + 2 * 10 ^ (-↑(n + 1))
h_lt : ↑k < π * 10 ^ (n + 1) + 2 * 10 ^ (-(↑n + 1))
h_gt : π * 10 ^ (n + 1) < ↑k
hn_ge_limit : 60 ≤ n
hn_ge_limit1 : 61 ≤ n + 1
h_ten_neg : 2 * 10 ^ (-(↑n + 1)) ≤ 2 * 10 ^ (-61)
h_ten_neg_le : 2 * 10 ^ (-61) < 1
h_lt' : ↑k < π * 10 ^ (n + 1) + 1
hk2 : k % 10 = 2
q : ℤ
hq : k = 10 * q + 2
h_pow_eq_10 : 10 ^ (n + 1) = 10 ^ 61 * 10 ^ (n - 60)
hn_ge_limit_use : 60 ≤ n
h_ten_neg_limit : 2 * 10 ^ (-(↑n + 1)) ≤ 2 * 10 ^ (-61)
h_ten_neg_limit_le : 2 * 10 ^ (-61) < 1 / 10 ^ 60
h_lt_limit : ↑k < π * 10 ^ (n + 1) + 1 / 10 ^ 60
h_pi_limit_gt : 3141592653589793238462643383279502884197169399375105820974944 / 10 ^ 60 < π
h_pi_limit_lt : π < 3141592653589793238462643383279502884197169399375105820974946 / 10 ^ 60
h_gt_mul : 3141592653589793238462643383279502884197169399375105820974944 / 10 ^ 60 * 10 ^ (n + 1) < ↑k
h_lt_mul : ↑k < 3141592653589793238462643383279502884197169399375105820974946 / 10 ^ 60 * 10 ^ (n + 1)
h_pow_eq : 10 ^ (n + 1) = 10 ^ 60 * 10 ^ (n + 1 - 60)
h_gt_mul_simp : ↑3141592653589793238462643383279502884197169399375105820974944 * 10 ^ (n + 1 - 60) < ↑k
h_lt_mul_simp : ↑k < ↑3141592653589793238462643383279502884197169399375105820974946 * 10 ^ (n + 1 - 60)
hk_gt' : 3141592653589793238462643383279502884197169399375105820974944 * 10 ^ (n + 1 - 60) < k
hk_lt' : k < 3141592653589793238462643383279502884197169399375105820974946 * 10 ^ (n + 1 - 60)
hM5 : 5 ≤ n + 1 - 60
h_pow_M : 10 ^ (n + 1 - 60) = 10 ^ (n + 1 - 60 - 1) * 10
hk_gt_M : 3141592653589793238462643383279502884197169399375105820974944 * 10 * 10 ^ (n + 1 - 60 - 1) < k
h_rw : k < 3141592653589793238462643383279502884197169399375105820974946 * 10 ^ (n + 1 - 60)
⊢ k < 3141592653589793238462643383279502884197169399375105820974946 * 10 * 10 ^ (n + 1 - 60 - 1)
/workspace/leanproject/Submission/Spec.lean:2177:34: error: Expected type must not contain metavariables
  1 ≤ ?m.8522
/workspace/leanproject/Submission/Spec.lean:2181:16: error: Tactic `rewrite` failed: Did not find an occurrence of the pattern
  10 ^ (n + 1 - 60 - 1)
in the target expression
  3141592653589793238462643383279502884197169399375105820974944 * 10 * 10 ^ (n + 1 - 60 - 1) < k

n : ℕ
hn_ge : 60 ≤ n
k : ℤ
h1 : π * 10 ^ ↑(n + 1) < ↑k
h2 : ↑k < π / arctan (1 / 10 ^ ↑(n + 1))
h_pi_gt : 3.141592653589793238462643383279502884197169399375105820974944592307816406286208 < π
h_pi_lt : π < 3.141592653589793238462643383279502884197169399375105820974944592307816406286210
h_ub : π / arctan (1 / 10 ^ (n + 1)) < π * 10 ^ (n + 1) + 2 * 10 ^ (-↑(n + 1))
h_lt : ↑k < π * 10 ^ (n + 1) + 2 * 10 ^ (-(↑n + 1))
h_gt : π * 10 ^ (n + 1) < ↑k
hn_ge_limit : 60 ≤ n
hn_ge_limit1 : 61 ≤ n + 1
h_ten_neg : 2 * 10 ^ (-(↑n + 1)) ≤ 2 * 10 ^ (-61)
h_ten_neg_le : 2 * 10 ^ (-61) < 1
h_lt' : ↑k < π * 10 ^ (n + 1) + 1
hk2 : k % 10 = 2
q : ℤ
hq : k = 10 * q + 2
h_pow_eq_10 : 10 ^ (n + 1) = 10 ^ 61 * 10 ^ (n - 60)
hn_ge_limit_use : 60 ≤ n
h_ten_neg_limit : 2 * 10 ^ (-(↑n + 1)) ≤ 2 * 10 ^ (-61)
h_ten_neg_limit_le : 2 * 10 ^ (-61) < 1 / 10 ^ 60
h_lt_limit : ↑k < π * 10 ^ (n + 1) + 1 / 10 ^ 60
h_pi_limit_gt : 3141592653589793238462643383279502884197169399375105820974944 / 10 ^ 60 < π
h_pi_limit_lt : π < 3141592653589793238462643383279502884197169399375105820974946 / 10 ^ 60
h_gt_mul : 3141592653589793238462643383279502884197169399375105820974944 / 10 ^ 60 * 10 ^ (n + 1) < ↑k
h_lt_mul : ↑k < 3141592653589793238462643383279502884197169399375105820974946 / 10 ^ 60 * 10 ^ (n + 1)
h_pow_eq : 10 ^ (n + 1) = 10 ^ 60 * 10 ^ (n + 1 - 60)
h_gt_mul_simp : ↑3141592653589793238462643383279502884197169399375105820974944 * 10 ^ (n + 1 - 60) < ↑k
h_lt_mul_simp : ↑k < ↑3141592653589793238462643383279502884197169399375105820974946 * 10 ^ (n + 1 - 60)
hk_gt' : 3141592653589793238462643383279502884197169399375105820974944 * 10 ^ (n + 1 - 60) < k
hk_lt' : k < 3141592653589793238462643383279502884197169399375105820974946 * 10 ^ (n + 1 - 60)
hM5 : 5 ≤ n + 1 - 60
h_pow_M : 10 ^ (n + 1 - 60) = 10 ^ (n + 1 - 60 - 1) * 10
hk_gt_M : 3141592653589793238462643383279502884197169399375105820974944 * 10 * 10 ^ (n + 1 - 60 - 1) < k
hk_lt_M : k < 3141592653589793238462643383279502884197169399375105820974946 * 10 * 10 ^ (n + 1 - 60 - 1)
Y : ℕ
hY_val : 10 ^ (n + 1 - 60 - 1) = 10 ^ 4 * Y
h_Y_pos : 1 ≤ Y
this : k = 10 * q + 2
h_rw : 3141592653589793238462643383279502884197169399375105820974944 * 10 * 10 ^ (n + 1 - 60 - 1) < k
⊢ 3141592653589793238462643383279502884197169399375105820974944 * 10 * 10 ^ 4 * ↑Y < 10 * q + 2
/workspace/leanproject/Submission/Spec.lean:2186:16: error: Tactic `rewrite` failed: Did not find an occurrence of the pattern
  10 ^ (n + 1 - 60 - 1)
in the target expression
  k < 3141592653589793238462643383279502884197169399375105820974946 * 10 * 10 ^ (n + 1 - 60 - 1)

n : ℕ
hn_ge : 60 ≤ n
k : ℤ
h1 : π * 10 ^ ↑(n + 1) < ↑k
h2 : ↑k < π / arctan (1 / 10 ^ ↑(n + 1))
h_pi_gt : 3.141592653589793238462643383279502884197169399375105820974944592307816406286208 < π
h_pi_lt : π < 3.141592653589793238462643383279502884197169399375105820974944592307816406286210
h_ub : π / arctan (1 / 10 ^ (n + 1)) < π * 10 ^ (n + 1) + 2 * 10 ^ (-↑(n + 1))
h_lt : ↑k < π * 10 ^ (n + 1) + 2 * 10 ^ (-(↑n + 1))
h_gt : π * 10 ^ (n + 1) < ↑k
hn_ge_limit : 60 ≤ n
hn_ge_limit1 : 61 ≤ n + 1
h_ten_neg : 2 * 10 ^ (-(↑n + 1)) ≤ 2 * 10 ^ (-61)
h_ten_neg_le : 2 * 10 ^ (-61) < 1
h_lt' : ↑k < π * 10 ^ (n + 1) + 1
hk2 : k % 10 = 2
q : ℤ
hq : k = 10 * q + 2
h_pow_eq_10 : 10 ^ (n + 1) = 10 ^ 61 * 10 ^ (n - 60)
hn_ge_limit_use : 60 ≤ n
h_ten_neg_limit : 2 * 10 ^ (-(↑n + 1)) ≤ 2 * 10 ^ (-61)
h_ten_neg_limit_le : 2 * 10 ^ (-61) < 1 / 10 ^ 60
h_lt_limit : ↑k < π * 10 ^ (n + 1) + 1 / 10 ^ 60
h_pi_limit_gt : 3141592653589793238462643383279502884197169399375105820974944 / 10 ^ 60 < π
h_pi_limit_lt : π < 3141592653589793238462643383279502884197169399375105820974946 / 10 ^ 60
h_gt_mul : 3141592653589793238462643383279502884197169399375105820974944 / 10 ^ 60 * 10 ^ (n + 1) < ↑k
h_lt_mul : ↑k < 3141592653589793238462643383279502884197169399375105820974946 / 10 ^ 60 * 10 ^ (n + 1)
h_pow_eq : 10 ^ (n + 1) = 10 ^ 60 * 10 ^ (n + 1 - 60)
h_gt_mul_simp : ↑3141592653589793238462643383279502884197169399375105820974944 * 10 ^ (n + 1 - 60) < ↑k
h_lt_mul_simp : ↑k < ↑3141592653589793238462643383279502884197169399375105820974946 * 10 ^ (n + 1 - 60)
hk_gt' : 3141592653589793238462643383279502884197169399375105820974944 * 10 ^ (n + 1 - 60) < k
hk_lt' : k < 3141592653589793238462643383279502884197169399375105820974946 * 10 ^ (n + 1 - 60)
hM5 : 5 ≤ n + 1 - 60
h_pow_M : 10 ^ (n + 1 - 60) = 10 ^ (n + 1 - 60 - 1) * 10
hk_gt_M : 3141592653589793238462643383279502884197169399375105820974944 * 10 * 10 ^ (n + 1 - 60 - 1) < k
hk_lt_M : k < 3141592653589793238462643383279502884197169399375105820974946 * 10 * 10 ^ (n + 1 - 60 - 1)
Y : ℕ
hY_val : 10 ^ (n + 1 - 60 - 1) = 10 ^ 4 * Y
h_Y_pos : 1 ≤ Y
this : k = 10 * q + 2
h_gt_final : 3141592653589793238462643383279502884197169399375105820974944 * 10 * 10 ^ 4 * ↑Y < 10 * q + 2
h_rw : k < 3141592653589793238462643383279502884197169399375105820974946 * 10 * 10 ^ (n + 1 - 60 - 1)
⊢ 10 * q + 2 < 3141592653589793238462643383279502884197169399375105820974946 * 10 * 10 ^ 4 * ↑Y
/workspace/leanproject/Submission/Spec.lean:2189:10: error: omega could not prove the goal:
a possible counterexample may satisfy the constraints
  e ≥ 1
  c ≥ 5
  a - 3141592653589793238462643383279502884197169399375105820974946*d ≤ -1
  a - 3141592653589793238462643383279502884197169399375105820974944*d ≥ 0
  a - 31415926535897932384626433832795028841971693993751058209749460000*e ≤ -1
  a - 31415926535897932384626433832795028841971693993751058209749440000*e ≥ 0
  5*a - 1570796326794896619231321691639751442098584699687552910487473*b ≤ -2
  5*a - 1570796326794896619231321691639751442098584699687552910487472*b ≥ 0
where
 a := q
 b := 10 ^ (n + 1 - 60)
 c := ↑(n + 1 - 60)
 d := 10 ^ (n + 1 - 60 - 1)
 e := ↑Y
/workspace/leanproject/Submission/Spec.lean:2238:88: error: unsolved goals
n : ℕ
hn_ge : 60 ≤ n
k : ℤ
h1 : π * 10 ^ ↑(n + 1) < ↑k
h2 : ↑k < π / arctan (1 / 10 ^ ↑(n + 1))
h_pi_gt : 3.141592653589793238462643383279502884197169399375105820974944592307816406286208 < π
h_pi_lt : π < 3.141592653589793238462643383279502884197169399375105820974944592307816406286210
h_ub : π / arctan (1 / 10 ^ (n + 1)) < π * 10 ^ (n + 1) + 2 * 10 ^ (-↑(n + 1))
h_lt : ↑k < π * 10 ^ (n + 1) + 2 * 10 ^ (-(↑n + 1))
h_gt : π * 10 ^ (n + 1) < ↑k
hn_ge_limit : 60 ≤ n
hn_ge_limit1 : 61 ≤ n + 1
h_ten_neg : 2 * 10 ^ (-(↑n + 1)) ≤ 2 * 10 ^ (-61)
h_ten_neg_le : 2 * 10 ^ (-61) < 1
h_lt' : ↑k < π * 10 ^ (n + 1) + 1
hk3 : k % 10 = 3
q : ℤ
hq : k = 10 * q + 3
h_pow_eq_10 : 10 ^ (n + 1) = 10 ^ 61 * 10 ^ (n - 60)
hn_ge_limit_use : 60 ≤ n
h_ten_neg_limit : 2 * 10 ^ (-(↑n + 1)) ≤ 2 * 10 ^ (-61)
h_ten_neg_limit_le : 2 * 10 ^ (-61) < 1 / 10 ^ 60
h_lt_limit : ↑k < π * 10 ^ (n + 1) + 1 / 10 ^ 60
h_pi_limit_gt : 3141592653589793238462643383279502884197169399375105820974944 / 10 ^ 60 < π
h_pi_limit_lt : π < 3141592653589793238462643383279502884197169399375105820974946 / 10 ^ 60
h_gt_mul : 3141592653589793238462643383279502884197169399375105820974944 / 10 ^ 60 * 10 ^ (n + 1) < ↑k
h_lt_mul : ↑k < 3141592653589793238462643383279502884197169399375105820974946 / 10 ^ 60 * 10 ^ (n + 1)
this : n + 1 = 60 + (n + 1 - 60)
⊢ 10 ^ 60 * 10 ^ (n + 1 - 60) = 10 ^ 60 * 10 ^ (60 + (n + 1 - 60) - 60)
/workspace/leanproject/Submission/Spec.lean:2269:10: error: omega could not prove the goal:
a possible counterexample may satisfy the constraints
  3141592653589793238462643383279502884197169399375105820974944 ≤ a ≤ 3141592653589793238462643383279502884197169399375105820974945
  5*a - 1570796326794896619231321691639751442098584699687552910487473*b ≤ -2
  5*a - 1570796326794896619231321691639751442098584699687552910487472*b ≥ -1
where
 a := q
 b := 10 ^ (n + 1 - 60)
/workspace/leanproject/Submission/Spec.lean:2273:10: error: omega could not prove the goal:
a possible counterexample may satisfy the constraints
  31415926535897932384626433832795028841971693993751058209749440 ≤ a ≤ 31415926535897932384626433832795028841971693993751058209749459
  5*a - 1570796326794896619231321691639751442098584699687552910487473*b ≤ -2
  5*a - 1570796326794896619231321691639751442098584699687552910487472*b ≥ -1
where
 a := q
 b := 10 ^ (n + 1 - 60)
/workspace/leanproject/Submission/Spec.lean:2277:10: error: omega could not prove the goal:
a possible counterexample may satisfy the constraints
  314159265358979323846264338327950288419716939937510582097494400 ≤ a ≤ 314159265358979323846264338327950288419716939937510582097494599
  5*a - 1570796326794896619231321691639751442098584699687552910487473*b ≤ -2
  5*a - 1570796326794896619231321691639751442098584699687552910487472*b ≥ -1
where
 a := q
 b := 10 ^ (n + 1 - 60)
/workspace/leanproject/Submission/Spec.lean:2281:10: error: omega could not prove the goal:
a possible counterexample may satisfy the constraints
  3141592653589793238462643383279502884197169399375105820974944000 ≤ a ≤ 3141592653589793238462643383279502884197169399375105820974945999
  5*a - 1570796326794896619231321691639751442098584699687552910487473*b ≤ -2
  5*a - 1570796326794896619231321691639751442098584699687552910487472*b ≥ -1
where
 a := q
 b := 10 ^ (n + 1 - 60)
Try this:
  [apply] ring_nf
  
  The `ring` tactic failed to close the goal. Use `ring_nf` to obtain a normal form.
    
  Note that `ring` works primarily in *commutative* rings. If you have a noncommutative ring, abelian group or module, consider using `noncomm_ring`, `abel` or `module` instead.
/workspace/leanproject/Submission/Spec.lean:2282:75: error: unsolved goals
n : ℕ
hn_ge : 60 ≤ n
k : ℤ
h1 : π * 10 ^ ↑(n + 1) < ↑k
h2 : ↑k < π / arctan (1 / 10 ^ ↑(n + 1))
h_pi_gt : 3.141592653589793238462643383279502884197169399375105820974944592307816406286208 < π
h_pi_lt : π < 3.141592653589793238462643383279502884197169399375105820974944592307816406286210
h_ub : π / arctan (1 / 10 ^ (n + 1)) < π * 10 ^ (n + 1) + 2 * 10 ^ (-↑(n + 1))
h_lt : ↑k < π * 10 ^ (n + 1) + 2 * 10 ^ (-(↑n + 1))
h_gt : π * 10 ^ (n + 1) < ↑k
hn_ge_limit : 60 ≤ n
hn_ge_limit1 : 61 ≤ n + 1
h_ten_neg : 2 * 10 ^ (-(↑n + 1)) ≤ 2 * 10 ^ (-61)
h_ten_neg_le : 2 * 10 ^ (-61) < 1
h_lt' : ↑k < π * 10 ^ (n + 1) + 1
hk3 : k % 10 = 3
q : ℤ
hq : k = 10 * q + 3
h_pow_eq_10 : 10 ^ (n + 1) = 10 ^ 61 * 10 ^ (n - 60)
hn_ge_limit_use : 60 ≤ n
h_ten_neg_limit : 2 * 10 ^ (-(↑n + 1)) ≤ 2 * 10 ^ (-61)
h_ten_neg_limit_le : 2 * 10 ^ (-61) < 1 / 10 ^ 60
h_lt_limit : ↑k < π * 10 ^ (n + 1) + 1 / 10 ^ 60
h_pi_limit_gt : 3141592653589793238462643383279502884197169399375105820974944 / 10 ^ 60 < π
h_pi_limit_lt : π < 3141592653589793238462643383279502884197169399375105820974946 / 10 ^ 60
h_gt_mul : 3141592653589793238462643383279502884197169399375105820974944 / 10 ^ 60 * 10 ^ (n + 1) < ↑k
h_lt_mul : ↑k < 3141592653589793238462643383279502884197169399375105820974946 / 10 ^ 60 * 10 ^ (n + 1)
h_pow_eq : 10 ^ (n + 1) = 10 ^ 60 * 10 ^ (n + 1 - 60)
h_gt_mul_simp : ↑3141592653589793238462643383279502884197169399375105820974944 * 10 ^ (n + 1 - 60) < ↑k
h_lt_mul_simp : ↑k < ↑3141592653589793238462643383279502884197169399375105820974946 * 10 ^ (n + 1 - 60)
hk_gt' : 3141592653589793238462643383279502884197169399375105820974944 * 10 ^ (n + 1 - 60) < k
hk_lt' : k < 3141592653589793238462643383279502884197169399375105820974946 * 10 ^ (n + 1 - 60)
hM5 : 5 ≤ n + 1 - 60
this : n + 1 - 60 = n + 1 - 60 - 1 + 1
⊢ 10 ^ (1 + n - 60 - 1) * 10 = 10 ^ (1 + (1 + n - 60 - 1) - 1) * 10
/workspace/leanproject/Submission/Spec.lean:2288:16: error: Tactic `rewrite` failed: Did not find an occurrence of the pattern
  10 ^ (n + 1 - 60)
in the target expression
  3141592653589793238462643383279502884197169399375105820974944 * 10 ^ (n + 1 - 60) < k

n : ℕ
hn_ge : 60 ≤ n
k : ℤ
h1 : π * 10 ^ ↑(n + 1) < ↑k
h2 : ↑k < π / arctan (1 / 10 ^ ↑(n + 1))
h_pi_gt : 3.141592653589793238462643383279502884197169399375105820974944592307816406286208 < π
h_pi_lt : π < 3.141592653589793238462643383279502884197169399375105820974944592307816406286210
h_ub : π / arctan (1 / 10 ^ (n + 1)) < π * 10 ^ (n + 1) + 2 * 10 ^ (-↑(n + 1))
h_lt : ↑k < π * 10 ^ (n + 1) + 2 * 10 ^ (-(↑n + 1))
h_gt : π * 10 ^ (n + 1) < ↑k
hn_ge_limit : 60 ≤ n
hn_ge_limit1 : 61 ≤ n + 1
h_ten_neg : 2 * 10 ^ (-(↑n + 1)) ≤ 2 * 10 ^ (-61)
h_ten_neg_le : 2 * 10 ^ (-61) < 1
h_lt' : ↑k < π * 10 ^ (n + 1) + 1
hk3 : k % 10 = 3
q : ℤ
hq : k = 10 * q + 3
h_pow_eq_10 : 10 ^ (n + 1) = 10 ^ 61 * 10 ^ (n - 60)
hn_ge_limit_use : 60 ≤ n
h_ten_neg_limit : 2 * 10 ^ (-(↑n + 1)) ≤ 2 * 10 ^ (-61)
h_ten_neg_limit_le : 2 * 10 ^ (-61) < 1 / 10 ^ 60
h_lt_limit : ↑k < π * 10 ^ (n + 1) + 1 / 10 ^ 60
h_pi_limit_gt : 3141592653589793238462643383279502884197169399375105820974944 / 10 ^ 60 < π
h_pi_limit_lt : π < 3141592653589793238462643383279502884197169399375105820974946 / 10 ^ 60
h_gt_mul : 3141592653589793238462643383279502884197169399375105820974944 / 10 ^ 60 * 10 ^ (n + 1) < ↑k
h_lt_mul : ↑k < 3141592653589793238462643383279502884197169399375105820974946 / 10 ^ 60 * 10 ^ (n + 1)
h_pow_eq : 10 ^ (n + 1) = 10 ^ 60 * 10 ^ (n + 1 - 60)
h_gt_mul_simp : ↑3141592653589793238462643383279502884197169399375105820974944 * 10 ^ (n + 1 - 60) < ↑k
h_lt_mul_simp : ↑k < ↑3141592653589793238462643383279502884197169399375105820974946 * 10 ^ (n + 1 - 60)
hk_gt' : 3141592653589793238462643383279502884197169399375105820974944 * 10 ^ (n + 1 - 60) < k
hk_lt' : k < 3141592653589793238462643383279502884197169399375105820974946 * 10 ^ (n + 1 - 60)
hM5 : 5 ≤ n + 1 - 60
h_pow_M : 10 ^ (n + 1 - 60) = 10 ^ (n + 1 - 60 - 1) * 10
h_rw : 3141592653589793238462643383279502884197169399375105820974944 * 10 ^ (n + 1 - 60) < k
⊢ 3141592653589793238462643383279502884197169399375105820974944 * 10 * 10 ^ (n + 1 - 60 - 1) < k
/workspace/leanproject/Submission/Spec.lean:2292:16: error: Tactic `rewrite` failed: Did not find an occurrence of the pattern
  10 ^ (n + 1 - 60)
in the target expression
  k < 3141592653589793238462643383279502884197169399375105820974946 * 10 ^ (n + 1 - 60)

n : ℕ
hn_ge : 60 ≤ n
k : ℤ
h1 : π * 10 ^ ↑(n + 1) < ↑k
h2 : ↑k < π / arctan (1 / 10 ^ ↑(n + 1))
h_pi_gt : 3.141592653589793238462643383279502884197169399375105820974944592307816406286208 < π
h_pi_lt : π < 3.141592653589793238462643383279502884197169399375105820974944592307816406286210
h_ub : π / arctan (1 / 10 ^ (n + 1)) < π * 10 ^ (n + 1) + 2 * 10 ^ (-↑(n + 1))
h_lt : ↑k < π * 10 ^ (n + 1) + 2 * 10 ^ (-(↑n + 1))
h_gt : π * 10 ^ (n + 1) < ↑k
hn_ge_limit : 60 ≤ n
hn_ge_limit1 : 61 ≤ n + 1
h_ten_neg : 2 * 10 ^ (-(↑n + 1)) ≤ 2 * 10 ^ (-61)
h_ten_neg_le : 2 * 10 ^ (-61) < 1
h_lt' : ↑k < π * 10 ^ (n + 1) + 1
hk3 : k % 10 = 3
q : ℤ
hq : k = 10 * q + 3
h_pow_eq_10 : 10 ^ (n + 1) = 10 ^ 61 * 10 ^ (n - 60)
hn_ge_limit_use : 60 ≤ n
h_ten_neg_limit : 2 * 10 ^ (-(↑n + 1)) ≤ 2 * 10 ^ (-61)
h_ten_neg_limit_le : 2 * 10 ^ (-61) < 1 / 10 ^ 60
h_lt_limit : ↑k < π * 10 ^ (n + 1) + 1 / 10 ^ 60
h_pi_limit_gt : 3141592653589793238462643383279502884197169399375105820974944 / 10 ^ 60 < π
h_pi_limit_lt : π < 3141592653589793238462643383279502884197169399375105820974946 / 10 ^ 60
h_gt_mul : 3141592653589793238462643383279502884197169399375105820974944 / 10 ^ 60 * 10 ^ (n + 1) < ↑k
h_lt_mul : ↑k < 3141592653589793238462643383279502884197169399375105820974946 / 10 ^ 60 * 10 ^ (n + 1)
h_pow_eq : 10 ^ (n + 1) = 10 ^ 60 * 10 ^ (n + 1 - 60)
h_gt_mul_simp : ↑3141592653589793238462643383279502884197169399375105820974944 * 10 ^ (n + 1 - 60) < ↑k
h_lt_mul_simp : ↑k < ↑3141592653589793238462643383279502884197169399375105820974946 * 10 ^ (n + 1 - 60)
hk_gt' : 3141592653589793238462643383279502884197169399375105820974944 * 10 ^ (n + 1 - 60) < k
hk_lt' : k < 3141592653589793238462643383279502884197169399375105820974946 * 10 ^ (n + 1 - 60)
hM5 : 5 ≤ n + 1 - 60
h_pow_M : 10 ^ (n + 1 - 60) = 10 ^ (n + 1 - 60 - 1) * 10
hk_gt_M : 3141592653589793238462643383279502884197169399375105820974944 * 10 * 10 ^ (n + 1 - 60 - 1) < k
h_rw : k < 3141592653589793238462643383279502884197169399375105820974946 * 10 ^ (n + 1 - 60)
⊢ k < 3141592653589793238462643383279502884197169399375105820974946 * 10 * 10 ^ (n + 1 - 60 - 1)
/workspace/leanproject/Submission/Spec.lean:2300:34: error: Expected type must not contain metavariables
  1 ≤ ?m.11457
/workspace/leanproject/Submission/Spec.lean:2304:16: error: Tactic `rewrite` failed: Did not find an occurrence of the pattern
  10 ^ (n + 1 - 60 - 1)
in the target expression
  3141592653589793238462643383279502884197169399375105820974944 * 10 * 10 ^ (n + 1 - 60 - 1) < k

n : ℕ
hn_ge : 60 ≤ n
k : ℤ
h1 : π * 10 ^ ↑(n + 1) < ↑k
h2 : ↑k < π / arctan (1 / 10 ^ ↑(n + 1))
h_pi_gt : 3.141592653589793238462643383279502884197169399375105820974944592307816406286208 < π
h_pi_lt : π < 3.141592653589793238462643383279502884197169399375105820974944592307816406286210
h_ub : π / arctan (1 / 10 ^ (n + 1)) < π * 10 ^ (n + 1) + 2 * 10 ^ (-↑(n + 1))
h_lt : ↑k < π * 10 ^ (n + 1) + 2 * 10 ^ (-(↑n + 1))
h_gt : π * 10 ^ (n + 1) < ↑k
hn_ge_limit : 60 ≤ n
hn_ge_limit1 : 61 ≤ n + 1
h_ten_neg : 2 * 10 ^ (-(↑n + 1)) ≤ 2 * 10 ^ (-61)
h_ten_neg_le : 2 * 10 ^ (-61) < 1
h_lt' : ↑k < π * 10 ^ (n + 1) + 1
hk3 : k % 10 = 3
q : ℤ
hq : k = 10 * q + 3
h_pow_eq_10 : 10 ^ (n + 1) = 10 ^ 61 * 10 ^ (n - 60)
hn_ge_limit_use : 60 ≤ n
h_ten_neg_limit : 2 * 10 ^ (-(↑n + 1)) ≤ 2 * 10 ^ (-61)
h_ten_neg_limit_le : 2 * 10 ^ (-61) < 1 / 10 ^ 60
h_lt_limit : ↑k < π * 10 ^ (n + 1) + 1 / 10 ^ 60
h_pi_limit_gt : 3141592653589793238462643383279502884197169399375105820974944 / 10 ^ 60 < π
h_pi_limit_lt : π < 3141592653589793238462643383279502884197169399375105820974946 / 10 ^ 60
h_gt_mul : 3141592653589793238462643383279502884197169399375105820974944 / 10 ^ 60 * 10 ^ (n + 1) < ↑k
h_lt_mul : ↑k < 3141592653589793238462643383279502884197169399375105820974946 / 10 ^ 60 * 10 ^ (n + 1)
h_pow_eq : 10 ^ (n + 1) = 10 ^ 60 * 10 ^ (n + 1 - 60)
h_gt_mul_simp : ↑3141592653589793238462643383279502884197169399375105820974944 * 10 ^ (n + 1 - 60) < ↑k
h_lt_mul_simp : ↑k < ↑3141592653589793238462643383279502884197169399375105820974946 * 10 ^ (n + 1 - 60)
hk_gt' : 3141592653589793238462643383279502884197169399375105820974944 * 10 ^ (n + 1 - 60) < k
hk_lt' : k < 3141592653589793238462643383279502884197169399375105820974946 * 10 ^ (n + 1 - 60)
hM5 : 5 ≤ n + 1 - 60
h_pow_M : 10 ^ (n + 1 - 60) = 10 ^ (n + 1 - 60 - 1) * 10
hk_gt_M : 3141592653589793238462643383279502884197169399375105820974944 * 10 * 10 ^ (n + 1 - 60 - 1) < k
hk_lt_M : k < 3141592653589793238462643383279502884197169399375105820974946 * 10 * 10 ^ (n + 1 - 60 - 1)
Y : ℕ
hY_val : 10 ^ (n + 1 - 60 - 1) = 10 ^ 4 * Y
h_Y_pos : 1 ≤ Y
this : k = 10 * q + 3
h_rw : 3141592653589793238462643383279502884197169399375105820974944 * 10 * 10 ^ (n + 1 - 60 - 1) < k
⊢ 3141592653589793238462643383279502884197169399375105820974944 * 10 * 10 ^ 4 * ↑Y < 10 * q + 3
/workspace/leanproject/Submission/Spec.lean:2309:16: error: Tactic `rewrite` failed: Did not find an occurrence of the pattern
  10 ^ (n + 1 - 60 - 1)
in the target expression
  k < 3141592653589793238462643383279502884197169399375105820974946 * 10 * 10 ^ (n + 1 - 60 - 1)

n : ℕ
hn_ge : 60 ≤ n
k : ℤ
h1 : π * 10 ^ ↑(n + 1) < ↑k
h2 : ↑k < π / arctan (1 / 10 ^ ↑(n + 1))
h_pi_gt : 3.141592653589793238462643383279502884197169399375105820974944592307816406286208 < π
h_pi_lt : π < 3.141592653589793238462643383279502884197169399375105820974944592307816406286210
h_ub : π / arctan (1 / 10 ^ (n + 1)) < π * 10 ^ (n + 1) + 2 * 10 ^ (-↑(n + 1))
h_lt : ↑k < π * 10 ^ (n + 1) + 2 * 10 ^ (-(↑n + 1))
h_gt : π * 10 ^ (n + 1) < ↑k
hn_ge_limit : 60 ≤ n
hn_ge_limit1 : 61 ≤ n + 1
h_ten_neg : 2 * 10 ^ (-(↑n + 1)) ≤ 2 * 10 ^ (-61)
h_ten_neg_le : 2 * 10 ^ (-61) < 1
h_lt' : ↑k < π * 10 ^ (n + 1) + 1
hk3 : k % 10 = 3
q : ℤ
hq : k = 10 * q + 3
h_pow_eq_10 : 10 ^ (n + 1) = 10 ^ 61 * 10 ^ (n - 60)
hn_ge_limit_use : 60 ≤ n
h_ten_neg_limit : 2 * 10 ^ (-(↑n + 1)) ≤ 2 * 10 ^ (-61)
h_ten_neg_limit_le : 2 * 10 ^ (-61) < 1 / 10 ^ 60
h_lt_limit : ↑k < π * 10 ^ (n + 1) + 1 / 10 ^ 60
h_pi_limit_gt : 3141592653589793238462643383279502884197169399375105820974944 / 10 ^ 60 < π
h_pi_limit_lt : π < 3141592653589793238462643383279502884197169399375105820974946 / 10 ^ 60
h_gt_mul : 3141592653589793238462643383279502884197169399375105820974944 / 10 ^ 60 * 10 ^ (n + 1) < ↑k
h_lt_mul : ↑k < 3141592653589793238462643383279502884197169399375105820974946 / 10 ^ 60 * 10 ^ (n + 1)
h_pow_eq : 10 ^ (n + 1) = 10 ^ 60 * 10 ^ (n + 1 - 60)
h_gt_mul_simp : ↑3141592653589793238462643383279502884197169399375105820974944 * 10 ^ (n + 1 - 60) < ↑k
h_lt_mul_simp : ↑k < ↑3141592653589793238462643383279502884197169399375105820974946 * 10 ^ (n + 1 - 60)
hk_gt' : 3141592653589793238462643383279502884197169399375105820974944 * 10 ^ (n + 1 - 60) < k
hk_lt' : k < 3141592653589793238462643383279502884197169399375105820974946 * 10 ^ (n + 1 - 60)
hM5 : 5 ≤ n + 1 - 60
h_pow_M : 10 ^ (n + 1 - 60) = 10 ^ (n + 1 - 60 - 1) * 10
hk_gt_M : 3141592653589793238462643383279502884197169399375105820974944 * 10 * 10 ^ (n + 1 - 60 - 1) < k
hk_lt_M : k < 3141592653589793238462643383279502884197169399375105820974946 * 10 * 10 ^ (n + 1 - 60 - 1)
Y : ℕ
hY_val : 10 ^ (n + 1 - 60 - 1) = 10 ^ 4 * Y
h_Y_pos : 1 ≤ Y
this : k = 10 * q + 3
h_gt_final : 3141592653589793238462643383279502884197169399375105820974944 * 10 * 10 ^ 4 * ↑Y < 10 * q + 3
h_rw : k < 3141592653589793238462643383279502884197169399375105820974946 * 10 * 10 ^ (n + 1 - 60 - 1)
⊢ 10 * q + 3 < 3141592653589793238462643383279502884197169399375105820974946 * 10 * 10 ^ 4 * ↑Y
/workspace/leanproject/Submission/Spec.lean:2312:10: error: omega could not prove the goal:
a possible counterexample may satisfy the constraints
  e ≥ 1
  c ≥ 5
  a - 3141592653589793238462643383279502884197169399375105820974946*d ≤ -1
  a - 3141592653589793238462643383279502884197169399375105820974944*d ≥ 0
  a - 31415926535897932384626433832795028841971693993751058209749460000*e ≤ -1
  a - 31415926535897932384626433832795028841971693993751058209749440000*e ≥ 0
  5*a - 1570796326794896619231321691639751442098584699687552910487473*b ≤ -2
  5*a - 1570796326794896619231321691639751442098584699687552910487472*b ≥ -1
where
 a := q
 b := 10 ^ (n + 1 - 60)
 c := ↑(n + 1 - 60)
 d := 10 ^ (n + 1 - 60 - 1)
 e := ↑Y
/workspace/leanproject/Submission/Spec.lean:2354:54: error: (deterministic) timeout at `whnf`, maximum number of heartbeats (200000) has been reached

Note: Use `set_option maxHeartbeats <num>` to set the limit.

Hint: Additional diagnostic information may be available using the `set_option diagnostics true` command.
/workspace/leanproject/Submission/Spec.lean:2349:112: error: (deterministic) timeout at `whnf`, maximum number of heartbeats (200000) has been reached

Note: Use `set_option maxHeartbeats <num>` to set the limit.

Hint: Additional diagnostic information may be available using the `set_option diagnostics true` command.
/workspace/leanproject/Submission/Spec.lean:2365:8: error: (deterministic) timeout at `«tactic execution»`, maximum number of heartbeats (200000) has been reached

Note: Use `set_option maxHeartbeats <num>` to set the limit.

Hint: Additional diagnostic information may be available using the `set_option diagnostics true` command.
/workspace/leanproject/Submission/Spec.lean:2560:6: error: (deterministic) timeout at `«tactic execution»`, maximum number of heartbeats (200000) has been reached

Note: Use `set_option maxHeartbeats <num>` to set the limit.

Hint: Additional diagnostic information may be available using the `set_option diagnostics true` command.
'oeis_a011545_conjecture_0' depends on axioms: [propext, sorryAx, Classical.choice, Quot.sound]
