Submission/Spec.lean:249:4: error: linarith failed to find a contradiction
case h
k : ℤ
h1 : π * 10 ^ ↑1 < ↑k
h2 : ↑k < π / arctan (1 / 10 ^ ↑1)
h_pi_gt : 3.141592653589793238462643383279502884197169399375105820974944592307816406286208 < π
h_pi_lt : π < 3.141592653589793238462643383279502884197169399375105820974944592307816406286210
h_ub : π / arctan (1 / 10 ^ 1) < π * 10 ^ 1 + 2 * 10 ^ (-↑1)
h_lt : ↑k < π * 10 + 2 * (1 / 10)
h_gt : π * 10 < ↑k
a✝ : 31 + 2 * (1 / 10) ≤ ↑k
⊢ False
failed
Submission/Spec.lean:276:4: error: linarith failed to find a contradiction
case h
k : ℤ
h1 : π * 10 ^ ↑2 < ↑k
h2 : ↑k < π / arctan (1 / 10 ^ ↑2)
h_pi_gt : 3.141592653589793238462643383279502884197169399375105820974944592307816406286208 < π
h_pi_lt : π < 3.141592653589793238462643383279502884197169399375105820974944592307816406286210
h_ub : π / arctan (1 / 10 ^ 2) < π * 10 ^ 2 + 2 * 10 ^ (-↑2)
h_lt : ↑k < π * 100 + 2 * (1 / 100)
h_gt : π * 100 < ↑k
a✝ : 314 + 2 * (1 / 100) ≤ ↑k
⊢ False
failed
Submission/Spec.lean:303:4: error: linarith failed to find a contradiction
case h
k : ℤ
h1 : π * 10 ^ ↑3 < ↑k
h2 : ↑k < π / arctan (1 / 10 ^ ↑3)
h_pi_gt : 3.141592653589793238462643383279502884197169399375105820974944592307816406286208 < π
h_pi_lt : π < 3.141592653589793238462643383279502884197169399375105820974944592307816406286210
h_ub : π / arctan (1 / 10 ^ 3) < π * 10 ^ 3 + 2 * 10 ^ (-↑3)
h_lt : ↑k < π * 1000 + 2 * (1 / 1000)
h_gt : π * 1000 < ↑k
a✝ : 3141 + 2 * (1 / 1000) ≤ ↑k
⊢ False
failed
Submission/Spec.lean:330:4: error: linarith failed to find a contradiction
case h
k : ℤ
h1 : π * 10 ^ ↑4 < ↑k
h2 : ↑k < π / arctan (1 / 10 ^ ↑4)
h_pi_gt : 3.141592653589793238462643383279502884197169399375105820974944592307816406286208 < π
h_pi_lt : π < 3.141592653589793238462643383279502884197169399375105820974944592307816406286210
h_ub : π / arctan (1 / 10 ^ 4) < π * 10 ^ 4 + 2 * 10 ^ (-↑4)
h_lt : ↑k < π * 10000 + 2 * (1 / 10000)
h_gt : π * 10000 < ↑k
a✝ : 31415 + 2 * (1 / 10000) ≤ ↑k
⊢ False
failed
Submission/Spec.lean:357:4: error: linarith failed to find a contradiction
case h
k : ℤ
h1 : π * 10 ^ ↑5 < ↑k
h2 : ↑k < π / arctan (1 / 10 ^ ↑5)
h_pi_gt : 3.141592653589793238462643383279502884197169399375105820974944592307816406286208 < π
h_pi_lt : π < 3.141592653589793238462643383279502884197169399375105820974944592307816406286210
h_ub : π / arctan (1 / 10 ^ 5) < π * 10 ^ 5 + 2 * 10 ^ (-↑5)
h_lt : ↑k < π * 100000 + 2 * (1 / 100000)
h_gt : π * 100000 < ↑k
a✝ : 314159 + 2 * (1 / 100000) ≤ ↑k
⊢ False
failed
Submission/Spec.lean:384:4: error: linarith failed to find a contradiction
case h
k : ℤ
h1 : π * 10 ^ ↑6 < ↑k
h2 : ↑k < π / arctan (1 / 10 ^ ↑6)
h_pi_gt : 3.141592653589793238462643383279502884197169399375105820974944592307816406286208 < π
h_pi_lt : π < 3.141592653589793238462643383279502884197169399375105820974944592307816406286210
h_ub : π / arctan (1 / 10 ^ 6) < π * 10 ^ 6 + 2 * 10 ^ (-↑6)
h_lt : ↑k < π * 1000000 + 2 * (1 / 1000000)
h_gt : π * 1000000 < ↑k
a✝ : 3141592 + 2 * (1 / 1000000) ≤ ↑k
⊢ False
failed
Submission/Spec.lean:411:4: error: linarith failed to find a contradiction
case h
k : ℤ
h1 : π * 10 ^ ↑7 < ↑k
h2 : ↑k < π / arctan (1 / 10 ^ ↑7)
h_pi_gt : 3.141592653589793238462643383279502884197169399375105820974944592307816406286208 < π
h_pi_lt : π < 3.141592653589793238462643383279502884197169399375105820974944592307816406286210
h_ub : π / arctan (1 / 10 ^ 7) < π * 10 ^ 7 + 2 * 10 ^ (-↑7)
h_lt : ↑k < π * 10000000 + 2 * (1 / 10000000)
h_gt : π * 10000000 < ↑k
a✝ : 31415926 + 2 * (1 / 10000000) ≤ ↑k
⊢ False
failed
Submission/Spec.lean:438:4: error: linarith failed to find a contradiction
case h
k : ℤ
h1 : π * 10 ^ ↑8 < ↑k
h2 : ↑k < π / arctan (1 / 10 ^ ↑8)
h_pi_gt : 3.141592653589793238462643383279502884197169399375105820974944592307816406286208 < π
h_pi_lt : π < 3.141592653589793238462643383279502884197169399375105820974944592307816406286210
h_ub : π / arctan (1 / 10 ^ 8) < π * 10 ^ 8 + 2 * 10 ^ (-↑8)
h_lt : ↑k < π * 100000000 + 2 * (1 / 100000000)
h_gt : π * 100000000 < ↑k
a✝ : 314159265 + 2 * (1 / 100000000) ≤ ↑k
⊢ False
failed
Submission/Spec.lean:465:4: error: linarith failed to find a contradiction
case h
k : ℤ
h1 : π * 10 ^ ↑9 < ↑k
h2 : ↑k < π / arctan (1 / 10 ^ ↑9)
h_pi_gt : 3.141592653589793238462643383279502884197169399375105820974944592307816406286208 < π
h_pi_lt : π < 3.141592653589793238462643383279502884197169399375105820974944592307816406286210
h_ub : π / arctan (1 / 10 ^ 9) < π * 10 ^ 9 + 2 * 10 ^ (-↑9)
h_lt : ↑k < π * 1000000000 + 2 * (1 / 1000000000)
h_gt : π * 1000000000 < ↑k
a✝ : 3141592653 + 2 * (1 / 1000000000) ≤ ↑k
⊢ False
failed
Submission/Spec.lean:492:4: error: linarith failed to find a contradiction
case h
k : ℤ
h1 : π * 10 ^ ↑10 < ↑k
h2 : ↑k < π / arctan (1 / 10 ^ ↑10)
h_pi_gt : 3.141592653589793238462643383279502884197169399375105820974944592307816406286208 < π
h_pi_lt : π < 3.141592653589793238462643383279502884197169399375105820974944592307816406286210
h_ub : π / arctan (1 / 10 ^ 10) < π * 10 ^ 10 + 2 * 10 ^ (-↑10)
h_lt : ↑k < π * 10000000000 + 2 * (1 / 10000000000)
h_gt : π * 10000000000 < ↑k
a✝ : 31415926535 + 2 * (1 / 10000000000) ≤ ↑k
⊢ False
failed
Submission/Spec.lean:519:4: error: linarith failed to find a contradiction
case h
k : ℤ
h1 : π * 10 ^ ↑11 < ↑k
h2 : ↑k < π / arctan (1 / 10 ^ ↑11)
h_pi_gt : 3.141592653589793238462643383279502884197169399375105820974944592307816406286208 < π
h_pi_lt : π < 3.141592653589793238462643383279502884197169399375105820974944592307816406286210
h_ub : π / arctan (1 / 10 ^ 11) < π * 10 ^ 11 + 2 * 10 ^ (-↑11)
h_lt : ↑k < π * 100000000000 + 2 * (1 / 100000000000)
h_gt : π * 100000000000 < ↑k
a✝ : 314159265358 + 2 * (1 / 100000000000) ≤ ↑k
⊢ False
failed
Submission/Spec.lean:546:4: error: linarith failed to find a contradiction
case h
k : ℤ
h1 : π * 10 ^ ↑12 < ↑k
h2 : ↑k < π / arctan (1 / 10 ^ ↑12)
h_pi_gt : 3.141592653589793238462643383279502884197169399375105820974944592307816406286208 < π
h_pi_lt : π < 3.141592653589793238462643383279502884197169399375105820974944592307816406286210
h_ub : π / arctan (1 / 10 ^ 12) < π * 10 ^ 12 + 2 * 10 ^ (-↑12)
h_lt : ↑k < π * 1000000000000 + 2 * (1 / 1000000000000)
h_gt : π * 1000000000000 < ↑k
a✝ : 3141592653589 + 2 * (1 / 1000000000000) ≤ ↑k
⊢ False
failed
Submission/Spec.lean:573:4: error: linarith failed to find a contradiction
case h
k : ℤ
h1 : π * 10 ^ ↑13 < ↑k
h2 : ↑k < π / arctan (1 / 10 ^ ↑13)
h_pi_gt : 3.141592653589793238462643383279502884197169399375105820974944592307816406286208 < π
h_pi_lt : π < 3.141592653589793238462643383279502884197169399375105820974944592307816406286210
h_ub : π / arctan (1 / 10 ^ 13) < π * 10 ^ 13 + 2 * 10 ^ (-↑13)
h_lt : ↑k < π * 10000000000000 + 2 * (1 / 10000000000000)
h_gt : π * 10000000000000 < ↑k
a✝ : 31415926535897 + 2 * (1 / 10000000000000) ≤ ↑k
⊢ False
failed
Submission/Spec.lean:600:4: error: linarith failed to find a contradiction
case h
k : ℤ
h1 : π * 10 ^ ↑14 < ↑k
h2 : ↑k < π / arctan (1 / 10 ^ ↑14)
h_pi_gt : 3.141592653589793238462643383279502884197169399375105820974944592307816406286208 < π
h_pi_lt : π < 3.141592653589793238462643383279502884197169399375105820974944592307816406286210
h_ub : π / arctan (1 / 10 ^ 14) < π * 10 ^ 14 + 2 * 10 ^ (-↑14)
h_lt : ↑k < π * 100000000000000 + 2 * (1 / 100000000000000)
h_gt : π * 100000000000000 < ↑k
a✝ : 314159265358979 + 2 * (1 / 100000000000000) ≤ ↑k
⊢ False
failed
Submission/Spec.lean:627:4: error: linarith failed to find a contradiction
case h
k : ℤ
h1 : π * 10 ^ ↑15 < ↑k
h2 : ↑k < π / arctan (1 / 10 ^ ↑15)
h_pi_gt : 3.141592653589793238462643383279502884197169399375105820974944592307816406286208 < π
h_pi_lt : π < 3.141592653589793238462643383279502884197169399375105820974944592307816406286210
h_ub : π / arctan (1 / 10 ^ 15) < π * 10 ^ 15 + 2 * 10 ^ (-↑15)
h_lt : ↑k < π * 1000000000000000 + 2 * (1 / 1000000000000000)
h_gt : π * 1000000000000000 < ↑k
a✝ : 3141592653589793 + 2 * (1 / 1000000000000000) ≤ ↑k
⊢ False
failed
Submission/Spec.lean:654:4: error: linarith failed to find a contradiction
case h
k : ℤ
h1 : π * 10 ^ ↑16 < ↑k
h2 : ↑k < π / arctan (1 / 10 ^ ↑16)
h_pi_gt : 3.141592653589793238462643383279502884197169399375105820974944592307816406286208 < π
h_pi_lt : π < 3.141592653589793238462643383279502884197169399375105820974944592307816406286210
h_ub : π / arctan (1 / 10 ^ 16) < π * 10 ^ 16 + 2 * 10 ^ (-↑16)
h_lt : ↑k < π * 10000000000000000 + 2 * (1 / 10000000000000000)
h_gt : π * 10000000000000000 < ↑k
a✝ : 31415926535897932 + 2 * (1 / 10000000000000000) ≤ ↑k
⊢ False
failed
Submission/Spec.lean:681:4: error: linarith failed to find a contradiction
case h
k : ℤ
h1 : π * 10 ^ ↑17 < ↑k
h2 : ↑k < π / arctan (1 / 10 ^ ↑17)
h_pi_gt : 3.141592653589793238462643383279502884197169399375105820974944592307816406286208 < π
h_pi_lt : π < 3.141592653589793238462643383279502884197169399375105820974944592307816406286210
h_ub : π / arctan (1 / 10 ^ 17) < π * 10 ^ 17 + 2 * 10 ^ (-↑17)
h_lt : ↑k < π * 100000000000000000 + 2 * (1 / 100000000000000000)
h_gt : π * 100000000000000000 < ↑k
a✝ : 314159265358979323 + 2 * (1 / 100000000000000000) ≤ ↑k
⊢ False
failed
Submission/Spec.lean:708:4: error: linarith failed to find a contradiction
case h
k : ℤ
h1 : π * 10 ^ ↑18 < ↑k
h2 : ↑k < π / arctan (1 / 10 ^ ↑18)
h_pi_gt : 3.141592653589793238462643383279502884197169399375105820974944592307816406286208 < π
h_pi_lt : π < 3.141592653589793238462643383279502884197169399375105820974944592307816406286210
h_ub : π / arctan (1 / 10 ^ 18) < π * 10 ^ 18 + 2 * 10 ^ (-↑18)
h_lt : ↑k < π * 1000000000000000000 + 2 * (1 / 1000000000000000000)
h_gt : π * 1000000000000000000 < ↑k
a✝ : 3141592653589793238 + 2 * (1 / 1000000000000000000) ≤ ↑k
⊢ False
failed
Submission/Spec.lean:735:4: error: linarith failed to find a contradiction
case h
k : ℤ
h1 : π * 10 ^ ↑19 < ↑k
h2 : ↑k < π / arctan (1 / 10 ^ ↑19)
h_pi_gt : 3.141592653589793238462643383279502884197169399375105820974944592307816406286208 < π
h_pi_lt : π < 3.141592653589793238462643383279502884197169399375105820974944592307816406286210
h_ub : π / arctan (1 / 10 ^ 19) < π * 10 ^ 19 + 2 * 10 ^ (-↑19)
h_lt : ↑k < π * 10000000000000000000 + 2 * (1 / 10000000000000000000)
h_gt : π * 10000000000000000000 < ↑k
a✝ : 31415926535897932384 + 2 * (1 / 10000000000000000000) ≤ ↑k
⊢ False
failed
Submission/Spec.lean:762:4: error: linarith failed to find a contradiction
case h
k : ℤ
h1 : π * 10 ^ ↑20 < ↑k
h2 : ↑k < π / arctan (1 / 10 ^ ↑20)
h_pi_gt : 3.141592653589793238462643383279502884197169399375105820974944592307816406286208 < π
h_pi_lt : π < 3.141592653589793238462643383279502884197169399375105820974944592307816406286210
h_ub : π / arctan (1 / 10 ^ 20) < π * 10 ^ 20 + 2 * 10 ^ (-↑20)
h_lt : ↑k < π * 100000000000000000000 + 2 * (1 / 100000000000000000000)
h_gt : π * 100000000000000000000 < ↑k
a✝ : 314159265358979323846 + 2 * (1 / 100000000000000000000) ≤ ↑k
⊢ False
failed
Submission/Spec.lean:789:4: error: linarith failed to find a contradiction
case h
k : ℤ
h1 : π * 10 ^ ↑21 < ↑k
h2 : ↑k < π / arctan (1 / 10 ^ ↑21)
h_pi_gt : 3.141592653589793238462643383279502884197169399375105820974944592307816406286208 < π
h_pi_lt : π < 3.141592653589793238462643383279502884197169399375105820974944592307816406286210
h_ub : π / arctan (1 / 10 ^ 21) < π * 10 ^ 21 + 2 * 10 ^ (-↑21)
h_lt : ↑k < π * 1000000000000000000000 + 2 * (1 / 1000000000000000000000)
h_gt : π * 1000000000000000000000 < ↑k
a✝ : 3141592653589793238462 + 2 * (1 / 1000000000000000000000) ≤ ↑k
⊢ False
failed
Submission/Spec.lean:816:4: error: linarith failed to find a contradiction
case h
k : ℤ
h1 : π * 10 ^ ↑22 < ↑k
h2 : ↑k < π / arctan (1 / 10 ^ ↑22)
h_pi_gt : 3.141592653589793238462643383279502884197169399375105820974944592307816406286208 < π
h_pi_lt : π < 3.141592653589793238462643383279502884197169399375105820974944592307816406286210
h_ub : π / arctan (1 / 10 ^ 22) < π * 10 ^ 22 + 2 * 10 ^ (-↑22)
h_lt : ↑k < π * 10000000000000000000000 + 2 * (1 / 10000000000000000000000)
h_gt : π * 10000000000000000000000 < ↑k
a✝ : 31415926535897932384626 + 2 * (1 / 10000000000000000000000) ≤ ↑k
⊢ False
failed
Submission/Spec.lean:843:4: error: linarith failed to find a contradiction
case h
k : ℤ
h1 : π * 10 ^ ↑23 < ↑k
h2 : ↑k < π / arctan (1 / 10 ^ ↑23)
h_pi_gt : 3.141592653589793238462643383279502884197169399375105820974944592307816406286208 < π
h_pi_lt : π < 3.141592653589793238462643383279502884197169399375105820974944592307816406286210
h_ub : π / arctan (1 / 10 ^ 23) < π * 10 ^ 23 + 2 * 10 ^ (-↑23)
h_lt : ↑k < π * 100000000000000000000000 + 2 * (1 / 100000000000000000000000)
h_gt : π * 100000000000000000000000 < ↑k
a✝ : 314159265358979323846264 + 2 * (1 / 100000000000000000000000) ≤ ↑k
⊢ False
failed
Submission/Spec.lean:870:4: error: linarith failed to find a contradiction
case h
k : ℤ
h1 : π * 10 ^ ↑24 < ↑k
h2 : ↑k < π / arctan (1 / 10 ^ ↑24)
h_pi_gt : 3.141592653589793238462643383279502884197169399375105820974944592307816406286208 < π
h_pi_lt : π < 3.141592653589793238462643383279502884197169399375105820974944592307816406286210
h_ub : π / arctan (1 / 10 ^ 24) < π * 10 ^ 24 + 2 * 10 ^ (-↑24)
h_lt : ↑k < π * 1000000000000000000000000 + 2 * (1 / 1000000000000000000000000)
h_gt : π * 1000000000000000000000000 < ↑k
a✝ : 3141592653589793238462643 + 2 * (1 / 1000000000000000000000000) ≤ ↑k
⊢ False
failed
Submission/Spec.lean:897:4: error: linarith failed to find a contradiction
case h
k : ℤ
h1 : π * 10 ^ ↑25 < ↑k
h2 : ↑k < π / arctan (1 / 10 ^ ↑25)
h_pi_gt : 3.141592653589793238462643383279502884197169399375105820974944592307816406286208 < π
h_pi_lt : π < 3.141592653589793238462643383279502884197169399375105820974944592307816406286210
h_ub : π / arctan (1 / 10 ^ 25) < π * 10 ^ 25 + 2 * 10 ^ (-↑25)
h_lt : ↑k < π * 10000000000000000000000000 + 2 * (1 / 10000000000000000000000000)
h_gt : π * 10000000000000000000000000 < ↑k
a✝ : 31415926535897932384626433 + 2 * (1 / 10000000000000000000000000) ≤ ↑k
⊢ False
failed
Submission/Spec.lean:924:4: error: linarith failed to find a contradiction
case h
k : ℤ
h1 : π * 10 ^ ↑26 < ↑k
h2 : ↑k < π / arctan (1 / 10 ^ ↑26)
h_pi_gt : 3.141592653589793238462643383279502884197169399375105820974944592307816406286208 < π
h_pi_lt : π < 3.141592653589793238462643383279502884197169399375105820974944592307816406286210
h_ub : π / arctan (1 / 10 ^ 26) < π * 10 ^ 26 + 2 * 10 ^ (-↑26)
h_lt : ↑k < π * 100000000000000000000000000 + 2 * (1 / 100000000000000000000000000)
h_gt : π * 100000000000000000000000000 < ↑k
a✝ : 314159265358979323846264338 + 2 * (1 / 100000000000000000000000000) ≤ ↑k
⊢ False
failed
Submission/Spec.lean:951:4: error: linarith failed to find a contradiction
case h
k : ℤ
h1 : π * 10 ^ ↑27 < ↑k
h2 : ↑k < π / arctan (1 / 10 ^ ↑27)
h_pi_gt : 3.141592653589793238462643383279502884197169399375105820974944592307816406286208 < π
h_pi_lt : π < 3.141592653589793238462643383279502884197169399375105820974944592307816406286210
h_ub : π / arctan (1 / 10 ^ 27) < π * 10 ^ 27 + 2 * 10 ^ (-↑27)
h_lt : ↑k < π * 1000000000000000000000000000 + 2 * (1 / 1000000000000000000000000000)
h_gt : π * 1000000000000000000000000000 < ↑k
a✝ : 3141592653589793238462643383 + 2 * (1 / 1000000000000000000000000000) ≤ ↑k
⊢ False
failed
Submission/Spec.lean:978:4: error: linarith failed to find a contradiction
case h
k : ℤ
h1 : π * 10 ^ ↑28 < ↑k
h2 : ↑k < π / arctan (1 / 10 ^ ↑28)
h_pi_gt : 3.141592653589793238462643383279502884197169399375105820974944592307816406286208 < π
h_pi_lt : π < 3.141592653589793238462643383279502884197169399375105820974944592307816406286210
h_ub : π / arctan (1 / 10 ^ 28) < π * 10 ^ 28 + 2 * 10 ^ (-↑28)
h_lt : ↑k < π * 10000000000000000000000000000 + 2 * (1 / 10000000000000000000000000000)
h_gt : π * 10000000000000000000000000000 < ↑k
a✝ : 31415926535897932384626433832 + 2 * (1 / 10000000000000000000000000000) ≤ ↑k
⊢ False
failed
Submission/Spec.lean:1005:4: error: linarith failed to find a contradiction
case h
k : ℤ
h1 : π * 10 ^ ↑29 < ↑k
h2 : ↑k < π / arctan (1 / 10 ^ ↑29)
h_pi_gt : 3.141592653589793238462643383279502884197169399375105820974944592307816406286208 < π
h_pi_lt : π < 3.141592653589793238462643383279502884197169399375105820974944592307816406286210
h_ub : π / arctan (1 / 10 ^ 29) < π * 10 ^ 29 + 2 * 10 ^ (-↑29)
h_lt : ↑k < π * 100000000000000000000000000000 + 2 * (1 / 100000000000000000000000000000)
h_gt : π * 100000000000000000000000000000 < ↑k
a✝ : 314159265358979323846264338327 + 2 * (1 / 100000000000000000000000000000) ≤ ↑k
⊢ False
failed
Submission/Spec.lean:1032:4: error: linarith failed to find a contradiction
case h
k : ℤ
h1 : π * 10 ^ ↑30 < ↑k
h2 : ↑k < π / arctan (1 / 10 ^ ↑30)
h_pi_gt : 3.141592653589793238462643383279502884197169399375105820974944592307816406286208 < π
h_pi_lt : π < 3.141592653589793238462643383279502884197169399375105820974944592307816406286210
h_ub : π / arctan (1 / 10 ^ 30) < π * 10 ^ 30 + 2 * 10 ^ (-↑30)
h_lt : ↑k < π * 1000000000000000000000000000000 + 2 * (1 / 1000000000000000000000000000000)
h_gt : π * 1000000000000000000000000000000 < ↑k
a✝ : 3141592653589793238462643383279 + 2 * (1 / 1000000000000000000000000000000) ≤ ↑k
⊢ False
failed
Submission/Spec.lean:1059:4: error: linarith failed to find a contradiction
case h
k : ℤ
h1 : π * 10 ^ ↑31 < ↑k
h2 : ↑k < π / arctan (1 / 10 ^ ↑31)
h_pi_gt : 3.141592653589793238462643383279502884197169399375105820974944592307816406286208 < π
h_pi_lt : π < 3.141592653589793238462643383279502884197169399375105820974944592307816406286210
h_ub : π / arctan (1 / 10 ^ 31) < π * 10 ^ 31 + 2 * 10 ^ (-↑31)
h_lt : ↑k < π * 10000000000000000000000000000000 + 2 * (1 / 10000000000000000000000000000000)
h_gt : π * 10000000000000000000000000000000 < ↑k
a✝ : 31415926535897932384626433832795 + 2 * (1 / 10000000000000000000000000000000) ≤ ↑k
⊢ False
failed
Submission/Spec.lean:1086:4: error: linarith failed to find a contradiction
case h
k : ℤ
h1 : π * 10 ^ ↑32 < ↑k
h2 : ↑k < π / arctan (1 / 10 ^ ↑32)
h_pi_gt : 3.141592653589793238462643383279502884197169399375105820974944592307816406286208 < π
h_pi_lt : π < 3.141592653589793238462643383279502884197169399375105820974944592307816406286210
h_ub : π / arctan (1 / 10 ^ 32) < π * 10 ^ 32 + 2 * 10 ^ (-↑32)
h_lt : ↑k < π * 100000000000000000000000000000000 + 2 * (1 / 100000000000000000000000000000000)
h_gt : π * 100000000000000000000000000000000 < ↑k
a✝ : 314159265358979323846264338327950 + 2 * (1 / 100000000000000000000000000000000) ≤ ↑k
⊢ False
failed
Submission/Spec.lean:1113:4: error: linarith failed to find a contradiction
case h
k : ℤ
h1 : π * 10 ^ ↑33 < ↑k
h2 : ↑k < π / arctan (1 / 10 ^ ↑33)
h_pi_gt : 3.141592653589793238462643383279502884197169399375105820974944592307816406286208 < π
h_pi_lt : π < 3.141592653589793238462643383279502884197169399375105820974944592307816406286210
h_ub : π / arctan (1 / 10 ^ 33) < π * 10 ^ 33 + 2 * 10 ^ (-↑33)
h_lt : ↑k < π * 1000000000000000000000000000000000 + 2 * (1 / 1000000000000000000000000000000000)
h_gt : π * 1000000000000000000000000000000000 < ↑k
a✝ : 3141592653589793238462643383279502 + 2 * (1 / 1000000000000000000000000000000000) ≤ ↑k
⊢ False
failed
Submission/Spec.lean:1140:4: error: linarith failed to find a contradiction
case h
k : ℤ
h1 : π * 10 ^ ↑34 < ↑k
h2 : ↑k < π / arctan (1 / 10 ^ ↑34)
h_pi_gt : 3.141592653589793238462643383279502884197169399375105820974944592307816406286208 < π
h_pi_lt : π < 3.141592653589793238462643383279502884197169399375105820974944592307816406286210
h_ub : π / arctan (1 / 10 ^ 34) < π * 10 ^ 34 + 2 * 10 ^ (-↑34)
h_lt : ↑k < π * 10000000000000000000000000000000000 + 2 * (1 / 10000000000000000000000000000000000)
h_gt : π * 10000000000000000000000000000000000 < ↑k
a✝ : 31415926535897932384626433832795028 + 2 * (1 / 10000000000000000000000000000000000) ≤ ↑k
⊢ False
failed
Submission/Spec.lean:1167:4: error: linarith failed to find a contradiction
case h
k : ℤ
h1 : π * 10 ^ ↑35 < ↑k
h2 : ↑k < π / arctan (1 / 10 ^ ↑35)
h_pi_gt : 3.141592653589793238462643383279502884197169399375105820974944592307816406286208 < π
h_pi_lt : π < 3.141592653589793238462643383279502884197169399375105820974944592307816406286210
h_ub : π / arctan (1 / 10 ^ 35) < π * 10 ^ 35 + 2 * 10 ^ (-↑35)
h_lt : ↑k < π * 100000000000000000000000000000000000 + 2 * (1 / 100000000000000000000000000000000000)
h_gt : π * 100000000000000000000000000000000000 < ↑k
a✝ : 314159265358979323846264338327950288 + 2 * (1 / 100000000000000000000000000000000000) ≤ ↑k
⊢ False
failed
Submission/Spec.lean:1194:4: error: linarith failed to find a contradiction
case h
k : ℤ
h1 : π * 10 ^ ↑36 < ↑k
h2 : ↑k < π / arctan (1 / 10 ^ ↑36)
h_pi_gt : 3.141592653589793238462643383279502884197169399375105820974944592307816406286208 < π
h_pi_lt : π < 3.141592653589793238462643383279502884197169399375105820974944592307816406286210
h_ub : π / arctan (1 / 10 ^ 36) < π * 10 ^ 36 + 2 * 10 ^ (-↑36)
h_lt : ↑k < π * 1000000000000000000000000000000000000 + 2 * (1 / 1000000000000000000000000000000000000)
h_gt : π * 1000000000000000000000000000000000000 < ↑k
a✝ : 3141592653589793238462643383279502884 + 2 * (1 / 1000000000000000000000000000000000000) ≤ ↑k
⊢ False
failed
Submission/Spec.lean:1221:4: error: linarith failed to find a contradiction
case h
k : ℤ
h1 : π * 10 ^ ↑37 < ↑k
h2 : ↑k < π / arctan (1 / 10 ^ ↑37)
h_pi_gt : 3.141592653589793238462643383279502884197169399375105820974944592307816406286208 < π
h_pi_lt : π < 3.141592653589793238462643383279502884197169399375105820974944592307816406286210
h_ub : π / arctan (1 / 10 ^ 37) < π * 10 ^ 37 + 2 * 10 ^ (-↑37)
h_lt : ↑k < π * 10000000000000000000000000000000000000 + 2 * (1 / 10000000000000000000000000000000000000)
h_gt : π * 10000000000000000000000000000000000000 < ↑k
a✝ : 31415926535897932384626433832795028841 + 2 * (1 / 10000000000000000000000000000000000000) ≤ ↑k
⊢ False
failed
Submission/Spec.lean:1248:4: error: linarith failed to find a contradiction
case h
k : ℤ
h1 : π * 10 ^ ↑38 < ↑k
h2 : ↑k < π / arctan (1 / 10 ^ ↑38)
h_pi_gt : 3.141592653589793238462643383279502884197169399375105820974944592307816406286208 < π
h_pi_lt : π < 3.141592653589793238462643383279502884197169399375105820974944592307816406286210
h_ub : π / arctan (1 / 10 ^ 38) < π * 10 ^ 38 + 2 * 10 ^ (-↑38)
h_lt : ↑k < π * 100000000000000000000000000000000000000 + 2 * (1 / 100000000000000000000000000000000000000)
h_gt : π * 100000000000000000000000000000000000000 < ↑k
a✝ : 314159265358979323846264338327950288419 + 2 * (1 / 100000000000000000000000000000000000000) ≤ ↑k
⊢ False
failed
Submission/Spec.lean:1275:4: error: linarith failed to find a contradiction
case h
k : ℤ
h1 : π * 10 ^ ↑39 < ↑k
h2 : ↑k < π / arctan (1 / 10 ^ ↑39)
h_pi_gt : 3.141592653589793238462643383279502884197169399375105820974944592307816406286208 < π
h_pi_lt : π < 3.141592653589793238462643383279502884197169399375105820974944592307816406286210
h_ub : π / arctan (1 / 10 ^ 39) < π * 10 ^ 39 + 2 * 10 ^ (-↑39)
h_lt : ↑k < π * 1000000000000000000000000000000000000000 + 2 * (1 / 1000000000000000000000000000000000000000)
h_gt : π * 1000000000000000000000000000000000000000 < ↑k
a✝ : 3141592653589793238462643383279502884197 + 2 * (1 / 1000000000000000000000000000000000000000) ≤ ↑k
⊢ False
failed
Submission/Spec.lean:1302:4: error: linarith failed to find a contradiction
case h
k : ℤ
h1 : π * 10 ^ ↑40 < ↑k
h2 : ↑k < π / arctan (1 / 10 ^ ↑40)
h_pi_gt : 3.141592653589793238462643383279502884197169399375105820974944592307816406286208 < π
h_pi_lt : π < 3.141592653589793238462643383279502884197169399375105820974944592307816406286210
h_ub : π / arctan (1 / 10 ^ 40) < π * 10 ^ 40 + 2 * 10 ^ (-↑40)
h_lt : ↑k < π * 10000000000000000000000000000000000000000 + 2 * (1 / 10000000000000000000000000000000000000000)
h_gt : π * 10000000000000000000000000000000000000000 < ↑k
a✝ : 31415926535897932384626433832795028841971 + 2 * (1 / 10000000000000000000000000000000000000000) ≤ ↑k
⊢ False
failed
Submission/Spec.lean:1329:4: error: linarith failed to find a contradiction
case h
k : ℤ
h1 : π * 10 ^ ↑41 < ↑k
h2 : ↑k < π / arctan (1 / 10 ^ ↑41)
h_pi_gt : 3.141592653589793238462643383279502884197169399375105820974944592307816406286208 < π
h_pi_lt : π < 3.141592653589793238462643383279502884197169399375105820974944592307816406286210
h_ub : π / arctan (1 / 10 ^ 41) < π * 10 ^ 41 + 2 * 10 ^ (-↑41)
h_lt : ↑k < π * 100000000000000000000000000000000000000000 + 2 * (1 / 100000000000000000000000000000000000000000)
h_gt : π * 100000000000000000000000000000000000000000 < ↑k
a✝ : 314159265358979323846264338327950288419716 + 2 * (1 / 100000000000000000000000000000000000000000) ≤ ↑k
⊢ False
failed
Submission/Spec.lean:1356:4: error: linarith failed to find a contradiction
case h
k : ℤ
h1 : π * 10 ^ ↑42 < ↑k
h2 : ↑k < π / arctan (1 / 10 ^ ↑42)
h_pi_gt : 3.141592653589793238462643383279502884197169399375105820974944592307816406286208 < π
h_pi_lt : π < 3.141592653589793238462643383279502884197169399375105820974944592307816406286210
h_ub : π / arctan (1 / 10 ^ 42) < π * 10 ^ 42 + 2 * 10 ^ (-↑42)
h_lt : ↑k < π * 1000000000000000000000000000000000000000000 + 2 * (1 / 1000000000000000000000000000000000000000000)
h_gt : π * 1000000000000000000000000000000000000000000 < ↑k
a✝ : 3141592653589793238462643383279502884197169 + 2 * (1 / 1000000000000000000000000000000000000000000) ≤ ↑k
⊢ False
failed
Submission/Spec.lean:1383:4: error: linarith failed to find a contradiction
case h
k : ℤ
h1 : π * 10 ^ ↑43 < ↑k
h2 : ↑k < π / arctan (1 / 10 ^ ↑43)
h_pi_gt : 3.141592653589793238462643383279502884197169399375105820974944592307816406286208 < π
h_pi_lt : π < 3.141592653589793238462643383279502884197169399375105820974944592307816406286210
h_ub : π / arctan (1 / 10 ^ 43) < π * 10 ^ 43 + 2 * 10 ^ (-↑43)
h_lt : ↑k < π * 10000000000000000000000000000000000000000000 + 2 * (1 / 10000000000000000000000000000000000000000000)
h_gt : π * 10000000000000000000000000000000000000000000 < ↑k
a✝ : 31415926535897932384626433832795028841971693 + 2 * (1 / 10000000000000000000000000000000000000000000) ≤ ↑k
⊢ False
failed
Submission/Spec.lean:1410:4: error: linarith failed to find a contradiction
case h
k : ℤ
h1 : π * 10 ^ ↑44 < ↑k
h2 : ↑k < π / arctan (1 / 10 ^ ↑44)
h_pi_gt : 3.141592653589793238462643383279502884197169399375105820974944592307816406286208 < π
h_pi_lt : π < 3.141592653589793238462643383279502884197169399375105820974944592307816406286210
h_ub : π / arctan (1 / 10 ^ 44) < π * 10 ^ 44 + 2 * 10 ^ (-↑44)
h_lt : ↑k < π * 100000000000000000000000000000000000000000000 + 2 * (1 / 100000000000000000000000000000000000000000000)
h_gt : π * 100000000000000000000000000000000000000000000 < ↑k
a✝ : 314159265358979323846264338327950288419716939 + 2 * (1 / 100000000000000000000000000000000000000000000) ≤ ↑k
⊢ False
failed
Submission/Spec.lean:1437:4: error: linarith failed to find a contradiction
case h
k : ℤ
h1 : π * 10 ^ ↑45 < ↑k
h2 : ↑k < π / arctan (1 / 10 ^ ↑45)
h_pi_gt : 3.141592653589793238462643383279502884197169399375105820974944592307816406286208 < π
h_pi_lt : π < 3.141592653589793238462643383279502884197169399375105820974944592307816406286210
h_ub : π / arctan (1 / 10 ^ 45) < π * 10 ^ 45 + 2 * 10 ^ (-↑45)
h_lt :
  ↑k < π * 1000000000000000000000000000000000000000000000 + 2 * (1 / 1000000000000000000000000000000000000000000000)
h_gt : π * 1000000000000000000000000000000000000000000000 < ↑k
a✝ : 3141592653589793238462643383279502884197169399 + 2 * (1 / 1000000000000000000000000000000000000000000000) ≤ ↑k
⊢ False
failed
Submission/Spec.lean:1464:4: error: linarith failed to find a contradiction
case h
k : ℤ
h1 : π * 10 ^ ↑46 < ↑k
h2 : ↑k < π / arctan (1 / 10 ^ ↑46)
h_pi_gt : 3.141592653589793238462643383279502884197169399375105820974944592307816406286208 < π
h_pi_lt : π < 3.141592653589793238462643383279502884197169399375105820974944592307816406286210
h_ub : π / arctan (1 / 10 ^ 46) < π * 10 ^ 46 + 2 * 10 ^ (-↑46)
h_lt :
  ↑k < π * 10000000000000000000000000000000000000000000000 + 2 * (1 / 10000000000000000000000000000000000000000000000)
h_gt : π * 10000000000000000000000000000000000000000000000 < ↑k
a✝ : 31415926535897932384626433832795028841971693993 + 2 * (1 / 10000000000000000000000000000000000000000000000) ≤ ↑k
⊢ False
failed
Submission/Spec.lean:1491:4: error: linarith failed to find a contradiction
case h
k : ℤ
h1 : π * 10 ^ ↑47 < ↑k
h2 : ↑k < π / arctan (1 / 10 ^ ↑47)
h_pi_gt : 3.141592653589793238462643383279502884197169399375105820974944592307816406286208 < π
h_pi_lt : π < 3.141592653589793238462643383279502884197169399375105820974944592307816406286210
h_ub : π / arctan (1 / 10 ^ 47) < π * 10 ^ 47 + 2 * 10 ^ (-↑47)
h_lt :
  ↑k < π * 100000000000000000000000000000000000000000000000 + 2 * (1 / 100000000000000000000000000000000000000000000000)
h_gt : π * 100000000000000000000000000000000000000000000000 < ↑k
a✝ : 314159265358979323846264338327950288419716939937 + 2 * (1 / 100000000000000000000000000000000000000000000000) ≤ ↑k
⊢ False
failed
Submission/Spec.lean:1518:4: error: linarith failed to find a contradiction
case h
k : ℤ
h1 : π * 10 ^ ↑48 < ↑k
h2 : ↑k < π / arctan (1 / 10 ^ ↑48)
h_pi_gt : 3.141592653589793238462643383279502884197169399375105820974944592307816406286208 < π
h_pi_lt : π < 3.141592653589793238462643383279502884197169399375105820974944592307816406286210
h_ub : π / arctan (1 / 10 ^ 48) < π * 10 ^ 48 + 2 * 10 ^ (-↑48)
h_lt :
  ↑k <
    π * 1000000000000000000000000000000000000000000000000 + 2 * (1 / 1000000000000000000000000000000000000000000000000)
h_gt : π * 1000000000000000000000000000000000000000000000000 < ↑k
a✝ :
  3141592653589793238462643383279502884197169399375 + 2 * (1 / 1000000000000000000000000000000000000000000000000) ≤ ↑k
⊢ False
failed
Submission/Spec.lean:1545:4: error: linarith failed to find a contradiction
case h
k : ℤ
h1 : π * 10 ^ ↑49 < ↑k
h2 : ↑k < π / arctan (1 / 10 ^ ↑49)
h_pi_gt : 3.141592653589793238462643383279502884197169399375105820974944592307816406286208 < π
h_pi_lt : π < 3.141592653589793238462643383279502884197169399375105820974944592307816406286210
h_ub : π / arctan (1 / 10 ^ 49) < π * 10 ^ 49 + 2 * 10 ^ (-↑49)
h_lt :
  ↑k <
    π * 10000000000000000000000000000000000000000000000000 +
      2 * (1 / 10000000000000000000000000000000000000000000000000)
h_gt : π * 10000000000000000000000000000000000000000000000000 < ↑k
a✝ :
  31415926535897932384626433832795028841971693993751 + 2 * (1 / 10000000000000000000000000000000000000000000000000) ≤ ↑k
⊢ False
failed
Submission/Spec.lean:1572:4: error: linarith failed to find a contradiction
case h
k : ℤ
h1 : π * 10 ^ ↑50 < ↑k
h2 : ↑k < π / arctan (1 / 10 ^ ↑50)
h_pi_gt : 3.141592653589793238462643383279502884197169399375105820974944592307816406286208 < π
h_pi_lt : π < 3.141592653589793238462643383279502884197169399375105820974944592307816406286210
h_ub : π / arctan (1 / 10 ^ 50) < π * 10 ^ 50 + 2 * 10 ^ (-↑50)
h_lt :
  ↑k <
    π * 100000000000000000000000000000000000000000000000000 +
      2 * (1 / 100000000000000000000000000000000000000000000000000)
h_gt : π * 100000000000000000000000000000000000000000000000000 < ↑k
a✝ :
  314159265358979323846264338327950288419716939937510 + 2 * (1 / 100000000000000000000000000000000000000000000000000) ≤
    ↑k
⊢ False
failed
Submission/Spec.lean:1599:4: error: linarith failed to find a contradiction
case h
k : ℤ
h1 : π * 10 ^ ↑51 < ↑k
h2 : ↑k < π / arctan (1 / 10 ^ ↑51)
h_pi_gt : 3.141592653589793238462643383279502884197169399375105820974944592307816406286208 < π
h_pi_lt : π < 3.141592653589793238462643383279502884197169399375105820974944592307816406286210
h_ub : π / arctan (1 / 10 ^ 51) < π * 10 ^ 51 + 2 * 10 ^ (-↑51)
h_lt :
  ↑k <
    π * 1000000000000000000000000000000000000000000000000000 +
      2 * (1 / 1000000000000000000000000000000000000000000000000000)
h_gt : π * 1000000000000000000000000000000000000000000000000000 < ↑k
a✝ :
  3141592653589793238462643383279502884197169399375105 +
      2 * (1 / 1000000000000000000000000000000000000000000000000000) ≤
    ↑k
⊢ False
failed
Submission/Spec.lean:1626:4: error: linarith failed to find a contradiction
case h
k : ℤ
h1 : π * 10 ^ ↑52 < ↑k
h2 : ↑k < π / arctan (1 / 10 ^ ↑52)
h_pi_gt : 3.141592653589793238462643383279502884197169399375105820974944592307816406286208 < π
h_pi_lt : π < 3.141592653589793238462643383279502884197169399375105820974944592307816406286210
h_ub : π / arctan (1 / 10 ^ 52) < π * 10 ^ 52 + 2 * 10 ^ (-↑52)
h_lt :
  ↑k <
    π * 10000000000000000000000000000000000000000000000000000 +
      2 * (1 / 10000000000000000000000000000000000000000000000000000)
h_gt : π * 10000000000000000000000000000000000000000000000000000 < ↑k
a✝ :
  31415926535897932384626433832795028841971693993751058 +
      2 * (1 / 10000000000000000000000000000000000000000000000000000) ≤
    ↑k
⊢ False
failed
Submission/Spec.lean:1653:4: error: linarith failed to find a contradiction
case h
k : ℤ
h1 : π * 10 ^ ↑53 < ↑k
h2 : ↑k < π / arctan (1 / 10 ^ ↑53)
h_pi_gt : 3.141592653589793238462643383279502884197169399375105820974944592307816406286208 < π
h_pi_lt : π < 3.141592653589793238462643383279502884197169399375105820974944592307816406286210
h_ub : π / arctan (1 / 10 ^ 53) < π * 10 ^ 53 + 2 * 10 ^ (-↑53)
h_lt :
  ↑k <
    π * 100000000000000000000000000000000000000000000000000000 +
      2 * (1 / 100000000000000000000000000000000000000000000000000000)
h_gt : π * 100000000000000000000000000000000000000000000000000000 < ↑k
a✝ :
  314159265358979323846264338327950288419716939937510582 +
      2 * (1 / 100000000000000000000000000000000000000000000000000000) ≤
    ↑k
⊢ False
failed
Submission/Spec.lean:1680:4: error: linarith failed to find a contradiction
case h
k : ℤ
h1 : π * 10 ^ ↑54 < ↑k
h2 : ↑k < π / arctan (1 / 10 ^ ↑54)
h_pi_gt : 3.141592653589793238462643383279502884197169399375105820974944592307816406286208 < π
h_pi_lt : π < 3.141592653589793238462643383279502884197169399375105820974944592307816406286210
h_ub : π / arctan (1 / 10 ^ 54) < π * 10 ^ 54 + 2 * 10 ^ (-↑54)
h_lt :
  ↑k <
    π * 1000000000000000000000000000000000000000000000000000000 +
      2 * (1 / 1000000000000000000000000000000000000000000000000000000)
h_gt : π * 1000000000000000000000000000000000000000000000000000000 < ↑k
a✝ :
  3141592653589793238462643383279502884197169399375105820 +
      2 * (1 / 1000000000000000000000000000000000000000000000000000000) ≤
    ↑k
⊢ False
failed
Submission/Spec.lean:1707:4: error: linarith failed to find a contradiction
case h
k : ℤ
h1 : π * 10 ^ ↑55 < ↑k
h2 : ↑k < π / arctan (1 / 10 ^ ↑55)
h_pi_gt : 3.141592653589793238462643383279502884197169399375105820974944592307816406286208 < π
h_pi_lt : π < 3.141592653589793238462643383279502884197169399375105820974944592307816406286210
h_ub : π / arctan (1 / 10 ^ 55) < π * 10 ^ 55 + 2 * 10 ^ (-↑55)
h_lt :
  ↑k <
    π * 10000000000000000000000000000000000000000000000000000000 +
      2 * (1 / 10000000000000000000000000000000000000000000000000000000)
h_gt : π * 10000000000000000000000000000000000000000000000000000000 < ↑k
a✝ :
  31415926535897932384626433832795028841971693993751058209 +
      2 * (1 / 10000000000000000000000000000000000000000000000000000000) ≤
    ↑k
⊢ False
failed
Submission/Spec.lean:1734:4: error: linarith failed to find a contradiction
case h
k : ℤ
h1 : π * 10 ^ ↑56 < ↑k
h2 : ↑k < π / arctan (1 / 10 ^ ↑56)
h_pi_gt : 3.141592653589793238462643383279502884197169399375105820974944592307816406286208 < π
h_pi_lt : π < 3.141592653589793238462643383279502884197169399375105820974944592307816406286210
h_ub : π / arctan (1 / 10 ^ 56) < π * 10 ^ 56 + 2 * 10 ^ (-↑56)
h_lt :
  ↑k <
    π * 100000000000000000000000000000000000000000000000000000000 +
      2 * (1 / 100000000000000000000000000000000000000000000000000000000)
h_gt : π * 100000000000000000000000000000000000000000000000000000000 < ↑k
a✝ :
  314159265358979323846264338327950288419716939937510582097 +
      2 * (1 / 100000000000000000000000000000000000000000000000000000000) ≤
    ↑k
⊢ False
failed
Submission/Spec.lean:1761:4: error: linarith failed to find a contradiction
case h
k : ℤ
h1 : π * 10 ^ ↑57 < ↑k
h2 : ↑k < π / arctan (1 / 10 ^ ↑57)
h_pi_gt : 3.141592653589793238462643383279502884197169399375105820974944592307816406286208 < π
h_pi_lt : π < 3.141592653589793238462643383279502884197169399375105820974944592307816406286210
h_ub : π / arctan (1 / 10 ^ 57) < π * 10 ^ 57 + 2 * 10 ^ (-↑57)
h_lt :
  ↑k <
    π * 1000000000000000000000000000000000000000000000000000000000 +
      2 * (1 / 1000000000000000000000000000000000000000000000000000000000)
h_gt : π * 1000000000000000000000000000000000000000000000000000000000 < ↑k
a✝ :
  3141592653589793238462643383279502884197169399375105820974 +
      2 * (1 / 1000000000000000000000000000000000000000000000000000000000) ≤
    ↑k
⊢ False
failed
Submission/Spec.lean:1788:4: error: linarith failed to find a contradiction
case h
k : ℤ
h1 : π * 10 ^ ↑58 < ↑k
h2 : ↑k < π / arctan (1 / 10 ^ ↑58)
h_pi_gt : 3.141592653589793238462643383279502884197169399375105820974944592307816406286208 < π
h_pi_lt : π < 3.141592653589793238462643383279502884197169399375105820974944592307816406286210
h_ub : π / arctan (1 / 10 ^ 58) < π * 10 ^ 58 + 2 * 10 ^ (-↑58)
h_lt :
  ↑k <
    π * 10000000000000000000000000000000000000000000000000000000000 +
      2 * (1 / 10000000000000000000000000000000000000000000000000000000000)
h_gt : π * 10000000000000000000000000000000000000000000000000000000000 < ↑k
a✝ :
  31415926535897932384626433832795028841971693993751058209749 +
      2 * (1 / 10000000000000000000000000000000000000000000000000000000000) ≤
    ↑k
⊢ False
failed
Submission/Spec.lean:1815:4: error: linarith failed to find a contradiction
case h
k : ℤ
h1 : π * 10 ^ ↑59 < ↑k
h2 : ↑k < π / arctan (1 / 10 ^ ↑59)
h_pi_gt : 3.141592653589793238462643383279502884197169399375105820974944592307816406286208 < π
h_pi_lt : π < 3.141592653589793238462643383279502884197169399375105820974944592307816406286210
h_ub : π / arctan (1 / 10 ^ 59) < π * 10 ^ 59 + 2 * 10 ^ (-↑59)
h_lt :
  ↑k <
    π * 100000000000000000000000000000000000000000000000000000000000 +
      2 * (1 / 100000000000000000000000000000000000000000000000000000000000)
h_gt : π * 100000000000000000000000000000000000000000000000000000000000 < ↑k
a✝ :
  314159265358979323846264338327950288419716939937510582097494 +
      2 * (1 / 100000000000000000000000000000000000000000000000000000000000) ≤
    ↑k
⊢ False
failed
Submission/Spec.lean:1842:4: error: linarith failed to find a contradiction
case h
k : ℤ
h1 : π * 10 ^ ↑60 < ↑k
h2 : ↑k < π / arctan (1 / 10 ^ ↑60)
h_pi_gt : 3.141592653589793238462643383279502884197169399375105820974944592307816406286208 < π
h_pi_lt : π < 3.141592653589793238462643383279502884197169399375105820974944592307816406286210
h_ub : π / arctan (1 / 10 ^ 60) < π * 10 ^ 60 + 2 * 10 ^ (-↑60)
h_lt :
  ↑k <
    π * 1000000000000000000000000000000000000000000000000000000000000 +
      2 * (1 / 1000000000000000000000000000000000000000000000000000000000000)
h_gt : π * 1000000000000000000000000000000000000000000000000000000000000 < ↑k
a✝ :
  3141592653589793238462643383279502884197169399375105820974944 +
      2 * (1 / 1000000000000000000000000000000000000000000000000000000000000) ≤
    ↑k
⊢ False
failed
Submission/Spec.lean:1869:4: error: linarith failed to find a contradiction
case h
k : ℤ
h1 : π * 10 ^ ↑61 < ↑k
h2 : ↑k < π / arctan (1 / 10 ^ ↑61)
h_pi_gt : 3.141592653589793238462643383279502884197169399375105820974944592307816406286208 < π
h_pi_lt : π < 3.141592653589793238462643383279502884197169399375105820974944592307816406286210
h_ub : π / arctan (1 / 10 ^ 61) < π * 10 ^ 61 + 2 * 10 ^ (-↑61)
h_lt :
  ↑k <
    π * 10000000000000000000000000000000000000000000000000000000000000 +
      2 * (1 / 10000000000000000000000000000000000000000000000000000000000000)
h_gt : π * 10000000000000000000000000000000000000000000000000000000000000 < ↑k
a✝ :
  31415926535897932384626433832795028841971693993751058209749445 +
      2 * (1 / 10000000000000000000000000000000000000000000000000000000000000) ≤
    ↑k
⊢ False
failed
Submission/Spec.lean:1896:4: error: linarith failed to find a contradiction
case h
k : ℤ
h1 : π * 10 ^ ↑62 < ↑k
h2 : ↑k < π / arctan (1 / 10 ^ ↑62)
h_pi_gt : 3.141592653589793238462643383279502884197169399375105820974944592307816406286208 < π
h_pi_lt : π < 3.141592653589793238462643383279502884197169399375105820974944592307816406286210
h_ub : π / arctan (1 / 10 ^ 62) < π * 10 ^ 62 + 2 * 10 ^ (-↑62)
h_lt :
  ↑k <
    π * 100000000000000000000000000000000000000000000000000000000000000 +
      2 * (1 / 100000000000000000000000000000000000000000000000000000000000000)
h_gt : π * 100000000000000000000000000000000000000000000000000000000000000 < ↑k
a✝ :
  314159265358979323846264338327950288419716939937510582097494459 +
      2 * (1 / 100000000000000000000000000000000000000000000000000000000000000) ≤
    ↑k
⊢ False
failed
Submission/Spec.lean:1923:4: error: linarith failed to find a contradiction
case h
k : ℤ
h1 : π * 10 ^ ↑63 < ↑k
h2 : ↑k < π / arctan (1 / 10 ^ ↑63)
h_pi_gt : 3.141592653589793238462643383279502884197169399375105820974944592307816406286208 < π
h_pi_lt : π < 3.141592653589793238462643383279502884197169399375105820974944592307816406286210
h_ub : π / arctan (1 / 10 ^ 63) < π * 10 ^ 63 + 2 * 10 ^ (-↑63)
h_lt :
  ↑k <
    π * 1000000000000000000000000000000000000000000000000000000000000000 +
      2 * (1 / 1000000000000000000000000000000000000000000000000000000000000000)
h_gt : π * 1000000000000000000000000000000000000000000000000000000000000000 < ↑k
a✝ :
  3141592653589793238462643383279502884197169399375105820974944592 +
      2 * (1 / 1000000000000000000000000000000000000000000000000000000000000000) ≤
    ↑k
⊢ False
failed
Submission/Spec.lean:1950:4: error: linarith failed to find a contradiction
case h
k : ℤ
h1 : π * 10 ^ ↑64 < ↑k
h2 : ↑k < π / arctan (1 / 10 ^ ↑64)
h_pi_gt : 3.141592653589793238462643383279502884197169399375105820974944592307816406286208 < π
h_pi_lt : π < 3.141592653589793238462643383279502884197169399375105820974944592307816406286210
h_ub : π / arctan (1 / 10 ^ 64) < π * 10 ^ 64 + 2 * 10 ^ (-↑64)
h_lt :
  ↑k <
    π * 10000000000000000000000000000000000000000000000000000000000000000 +
      2 * (1 / 10000000000000000000000000000000000000000000000000000000000000000)
h_gt : π * 10000000000000000000000000000000000000000000000000000000000000000 < ↑k
a✝ :
  31415926535897932384626433832795028841971693993751058209749445923 +
      2 * (1 / 10000000000000000000000000000000000000000000000000000000000000000) ≤
    ↑k
⊢ False
failed
Submission/Spec.lean:1977:4: error: linarith failed to find a contradiction
case h
k : ℤ
h1 : π * 10 ^ ↑65 < ↑k
h2 : ↑k < π / arctan (1 / 10 ^ ↑65)
h_pi_gt : 3.141592653589793238462643383279502884197169399375105820974944592307816406286208 < π
h_pi_lt : π < 3.141592653589793238462643383279502884197169399375105820974944592307816406286210
h_ub : π / arctan (1 / 10 ^ 65) < π * 10 ^ 65 + 2 * 10 ^ (-↑65)
h_lt :
  ↑k <
    π * 100000000000000000000000000000000000000000000000000000000000000000 +
      2 * (1 / 100000000000000000000000000000000000000000000000000000000000000000)
h_gt : π * 100000000000000000000000000000000000000000000000000000000000000000 < ↑k
a✝ :
  314159265358979323846264338327950288419716939937510582097494459230 +
      2 * (1 / 100000000000000000000000000000000000000000000000000000000000000000) ≤
    ↑k
⊢ False
failed
Submission/Spec.lean:2004:4: error: linarith failed to find a contradiction
case h
k : ℤ
h1 : π * 10 ^ ↑66 < ↑k
h2 : ↑k < π / arctan (1 / 10 ^ ↑66)
h_pi_gt : 3.141592653589793238462643383279502884197169399375105820974944592307816406286208 < π
h_pi_lt : π < 3.141592653589793238462643383279502884197169399375105820974944592307816406286210
h_ub : π / arctan (1 / 10 ^ 66) < π * 10 ^ 66 + 2 * 10 ^ (-↑66)
h_lt :
  ↑k <
    π * 1000000000000000000000000000000000000000000000000000000000000000000 +
      2 * (1 / 1000000000000000000000000000000000000000000000000000000000000000000)
h_gt : π * 1000000000000000000000000000000000000000000000000000000000000000000 < ↑k
a✝ :
  3141592653589793238462643383279502884197169399375105820974944592307 +
      2 * (1 / 1000000000000000000000000000000000000000000000000000000000000000000) ≤
    ↑k
⊢ False
failed
Submission/Spec.lean:2031:4: error: linarith failed to find a contradiction
case h
k : ℤ
h1 : π * 10 ^ ↑67 < ↑k
h2 : ↑k < π / arctan (1 / 10 ^ ↑67)
h_pi_gt : 3.141592653589793238462643383279502884197169399375105820974944592307816406286208 < π
h_pi_lt : π < 3.141592653589793238462643383279502884197169399375105820974944592307816406286210
h_ub : π / arctan (1 / 10 ^ 67) < π * 10 ^ 67 + 2 * 10 ^ (-↑67)
h_lt :
  ↑k <
    π * 10000000000000000000000000000000000000000000000000000000000000000000 +
      2 * (1 / 10000000000000000000000000000000000000000000000000000000000000000000)
h_gt : π * 10000000000000000000000000000000000000000000000000000000000000000000 < ↑k
a✝ :
  31415926535897932384626433832795028841971693993751058209749445923078 +
      2 * (1 / 10000000000000000000000000000000000000000000000000000000000000000000) ≤
    ↑k
⊢ False
failed
Submission/Spec.lean:2058:4: error: linarith failed to find a contradiction
case h
k : ℤ
h1 : π * 10 ^ ↑68 < ↑k
h2 : ↑k < π / arctan (1 / 10 ^ ↑68)
h_pi_gt : 3.141592653589793238462643383279502884197169399375105820974944592307816406286208 < π
h_pi_lt : π < 3.141592653589793238462643383279502884197169399375105820974944592307816406286210
h_ub : π / arctan (1 / 10 ^ 68) < π * 10 ^ 68 + 2 * 10 ^ (-↑68)
h_lt :
  ↑k <
    π * 100000000000000000000000000000000000000000000000000000000000000000000 +
      2 * (1 / 100000000000000000000000000000000000000000000000000000000000000000000)
h_gt : π * 100000000000000000000000000000000000000000000000000000000000000000000 < ↑k
a✝ :
  314159265358979323846264338327950288419716939937510582097494459230781 +
      2 * (1 / 100000000000000000000000000000000000000000000000000000000000000000000) ≤
    ↑k
⊢ False
failed
Submission/Spec.lean:2085:4: error: linarith failed to find a contradiction
case h
k : ℤ
h1 : π * 10 ^ ↑69 < ↑k
h2 : ↑k < π / arctan (1 / 10 ^ ↑69)
h_pi_gt : 3.141592653589793238462643383279502884197169399375105820974944592307816406286208 < π
h_pi_lt : π < 3.141592653589793238462643383279502884197169399375105820974944592307816406286210
h_ub : π / arctan (1 / 10 ^ 69) < π * 10 ^ 69 + 2 * 10 ^ (-↑69)
h_lt :
  ↑k <
    π * 1000000000000000000000000000000000000000000000000000000000000000000000 +
      2 * (1 / 1000000000000000000000000000000000000000000000000000000000000000000000)
h_gt : π * 1000000000000000000000000000000000000000000000000000000000000000000000 < ↑k
a✝ :
  3141592653589793238462643383279502884197169399375105820974944592307816 +
      2 * (1 / 1000000000000000000000000000000000000000000000000000000000000000000000) ≤
    ↑k
⊢ False
failed
Submission/Spec.lean:2112:4: error: linarith failed to find a contradiction
case h
k : ℤ
h1 : π * 10 ^ ↑70 < ↑k
h2 : ↑k < π / arctan (1 / 10 ^ ↑70)
h_pi_gt : 3.141592653589793238462643383279502884197169399375105820974944592307816406286208 < π
h_pi_lt : π < 3.141592653589793238462643383279502884197169399375105820974944592307816406286210
h_ub : π / arctan (1 / 10 ^ 70) < π * 10 ^ 70 + 2 * 10 ^ (-↑70)
h_lt :
  ↑k <
    π * 10000000000000000000000000000000000000000000000000000000000000000000000 +
      2 * (1 / 10000000000000000000000000000000000000000000000000000000000000000000000)
h_gt : π * 10000000000000000000000000000000000000000000000000000000000000000000000 < ↑k
a✝ :
  31415926535897932384626433832795028841971693993751058209749445923078164 +
      2 * (1 / 10000000000000000000000000000000000000000000000000000000000000000000000) ≤
    ↑k
⊢ False
failed
Submission/Spec.lean:2139:4: error: linarith failed to find a contradiction
case h
k : ℤ
h1 : π * 10 ^ ↑71 < ↑k
h2 : ↑k < π / arctan (1 / 10 ^ ↑71)
h_pi_gt : 3.141592653589793238462643383279502884197169399375105820974944592307816406286208 < π
h_pi_lt : π < 3.141592653589793238462643383279502884197169399375105820974944592307816406286210
h_ub : π / arctan (1 / 10 ^ 71) < π * 10 ^ 71 + 2 * 10 ^ (-↑71)
h_lt :
  ↑k <
    π * 100000000000000000000000000000000000000000000000000000000000000000000000 +
      2 * (1 / 100000000000000000000000000000000000000000000000000000000000000000000000)
h_gt : π * 100000000000000000000000000000000000000000000000000000000000000000000000 < ↑k
a✝ :
  314159265358979323846264338327950288419716939937510582097494459230781640 +
      2 * (1 / 100000000000000000000000000000000000000000000000000000000000000000000000) ≤
    ↑k
⊢ False
failed
Submission/Spec.lean:2166:4: error: linarith failed to find a contradiction
case h
k : ℤ
h1 : π * 10 ^ ↑72 < ↑k
h2 : ↑k < π / arctan (1 / 10 ^ ↑72)
h_pi_gt : 3.141592653589793238462643383279502884197169399375105820974944592307816406286208 < π
h_pi_lt : π < 3.141592653589793238462643383279502884197169399375105820974944592307816406286210
h_ub : π / arctan (1 / 10 ^ 72) < π * 10 ^ 72 + 2 * 10 ^ (-↑72)
h_lt :
  ↑k <
    π * 1000000000000000000000000000000000000000000000000000000000000000000000000 +
      2 * (1 / 1000000000000000000000000000000000000000000000000000000000000000000000000)
h_gt : π * 1000000000000000000000000000000000000000000000000000000000000000000000000 < ↑k
a✝ :
  3141592653589793238462643383279502884197169399375105820974944592307816406 +
      2 * (1 / 1000000000000000000000000000000000000000000000000000000000000000000000000) ≤
    ↑k
⊢ False
failed
Submission/Spec.lean:2193:4: error: linarith failed to find a contradiction
case h
k : ℤ
h1 : π * 10 ^ ↑73 < ↑k
h2 : ↑k < π / arctan (1 / 10 ^ ↑73)
h_pi_gt : 3.141592653589793238462643383279502884197169399375105820974944592307816406286208 < π
h_pi_lt : π < 3.141592653589793238462643383279502884197169399375105820974944592307816406286210
h_ub : π / arctan (1 / 10 ^ 73) < π * 10 ^ 73 + 2 * 10 ^ (-↑73)
h_lt :
  ↑k <
    π * 10000000000000000000000000000000000000000000000000000000000000000000000000 +
      2 * (1 / 10000000000000000000000000000000000000000000000000000000000000000000000000)
h_gt : π * 10000000000000000000000000000000000000000000000000000000000000000000000000 < ↑k
a✝ :
  31415926535897932384626433832795028841971693993751058209749445923078164062 +
      2 * (1 / 10000000000000000000000000000000000000000000000000000000000000000000000000) ≤
    ↑k
⊢ False
failed
Submission/Spec.lean:2220:4: error: linarith failed to find a contradiction
case h
k : ℤ
h1 : π * 10 ^ ↑74 < ↑k
h2 : ↑k < π / arctan (1 / 10 ^ ↑74)
h_pi_gt : 3.141592653589793238462643383279502884197169399375105820974944592307816406286208 < π
h_pi_lt : π < 3.141592653589793238462643383279502884197169399375105820974944592307816406286210
h_ub : π / arctan (1 / 10 ^ 74) < π * 10 ^ 74 + 2 * 10 ^ (-↑74)
h_lt :
  ↑k <
    π * 100000000000000000000000000000000000000000000000000000000000000000000000000 +
      2 * (1 / 100000000000000000000000000000000000000000000000000000000000000000000000000)
h_gt : π * 100000000000000000000000000000000000000000000000000000000000000000000000000 < ↑k
a✝ :
  314159265358979323846264338327950288419716939937510582097494459230781640628 +
      2 * (1 / 100000000000000000000000000000000000000000000000000000000000000000000000000) ≤
    ↑k
⊢ False
failed
Submission/Spec.lean:2247:4: error: linarith failed to find a contradiction
case h
k : ℤ
h1 : π * 10 ^ ↑75 < ↑k
h2 : ↑k < π / arctan (1 / 10 ^ ↑75)
h_pi_gt : 3.141592653589793238462643383279502884197169399375105820974944592307816406286208 < π
h_pi_lt : π < 3.141592653589793238462643383279502884197169399375105820974944592307816406286210
h_ub : π / arctan (1 / 10 ^ 75) < π * 10 ^ 75 + 2 * 10 ^ (-↑75)
h_lt :
  ↑k <
    π * 1000000000000000000000000000000000000000000000000000000000000000000000000000 +
      2 * (1 / 1000000000000000000000000000000000000000000000000000000000000000000000000000)
h_gt : π * 1000000000000000000000000000000000000000000000000000000000000000000000000000 < ↑k
a✝ :
  3141592653589793238462643383279502884197169399375105820974944592307816406286 +
      2 * (1 / 1000000000000000000000000000000000000000000000000000000000000000000000000000) ≤
    ↑k
⊢ False
failed
Submission/Spec.lean:2274:4: error: linarith failed to find a contradiction
case h
k : ℤ
h1 : π * 10 ^ ↑76 < ↑k
h2 : ↑k < π / arctan (1 / 10 ^ ↑76)
h_pi_gt : 3.141592653589793238462643383279502884197169399375105820974944592307816406286208 < π
h_pi_lt : π < 3.141592653589793238462643383279502884197169399375105820974944592307816406286210
h_ub : π / arctan (1 / 10 ^ 76) < π * 10 ^ 76 + 2 * 10 ^ (-↑76)
h_lt :
  ↑k <
    π * 10000000000000000000000000000000000000000000000000000000000000000000000000000 +
      2 * (1 / 10000000000000000000000000000000000000000000000000000000000000000000000000000)
h_gt : π * 10000000000000000000000000000000000000000000000000000000000000000000000000000 < ↑k
a✝ :
  31415926535897932384626433832795028841971693993751058209749445923078164062862 +
      2 * (1 / 10000000000000000000000000000000000000000000000000000000000000000000000000000) ≤
    ↑k
⊢ False
failed
Submission/Spec.lean:2301:4: error: linarith failed to find a contradiction
case h
k : ℤ
h1 : π * 10 ^ ↑77 < ↑k
h2 : ↑k < π / arctan (1 / 10 ^ ↑77)
h_pi_gt : 3.141592653589793238462643383279502884197169399375105820974944592307816406286208 < π
h_pi_lt : π < 3.141592653589793238462643383279502884197169399375105820974944592307816406286210
h_ub : π / arctan (1 / 10 ^ 77) < π * 10 ^ 77 + 2 * 10 ^ (-↑77)
h_lt :
  ↑k <
    π * 100000000000000000000000000000000000000000000000000000000000000000000000000000 +
      2 * (1 / 100000000000000000000000000000000000000000000000000000000000000000000000000000)
h_gt : π * 100000000000000000000000000000000000000000000000000000000000000000000000000000 < ↑k
a✝ :
  314159265358979323846264338327950288419716939937510582097494459230781640628620 +
      2 * (1 / 100000000000000000000000000000000000000000000000000000000000000000000000000000) ≤
    ↑k
⊢ False
failed
Submission/Spec.lean:2328:4: error: linarith failed to find a contradiction
case h
k : ℤ
h1 : π * 10 ^ ↑78 < ↑k
h2 : ↑k < π / arctan (1 / 10 ^ ↑78)
h_pi_gt : 3.141592653589793238462643383279502884197169399375105820974944592307816406286208 < π
h_pi_lt : π < 3.141592653589793238462643383279502884197169399375105820974944592307816406286210
h_ub : π / arctan (1 / 10 ^ 78) < π * 10 ^ 78 + 2 * 10 ^ (-↑78)
h_lt :
  ↑k <
    π * 1000000000000000000000000000000000000000000000000000000000000000000000000000000 +
      2 * (1 / 1000000000000000000000000000000000000000000000000000000000000000000000000000000)
h_gt : π * 1000000000000000000000000000000000000000000000000000000000000000000000000000000 < ↑k
a✝ :
  3141592653589793238462643383279502884197169399375105820974944592307816406286208 +
      2 * (1 / 1000000000000000000000000000000000000000000000000000000000000000000000000000000) ≤
    ↑k
⊢ False
failed
Submission/Spec.lean:2355:4: error: linarith failed to find a contradiction
case h
k : ℤ
h1 : π * 10 ^ ↑79 < ↑k
h2 : ↑k < π / arctan (1 / 10 ^ ↑79)
h_pi_gt : 3.141592653589793238462643383279502884197169399375105820974944592307816406286208 < π
h_pi_lt : π < 3.141592653589793238462643383279502884197169399375105820974944592307816406286210
h_ub : π / arctan (1 / 10 ^ 79) < π * 10 ^ 79 + 2 * 10 ^ (-↑79)
h_lt :
  ↑k <
    π * 10000000000000000000000000000000000000000000000000000000000000000000000000000000 +
      2 * (1 / 10000000000000000000000000000000000000000000000000000000000000000000000000000000)
h_gt : π * 10000000000000000000000000000000000000000000000000000000000000000000000000000000 < ↑k
a✝ :
  31415926535897932384626433832795028841971693993751058209749445923078164062862080 +
      2 * (1 / 10000000000000000000000000000000000000000000000000000000000000000000000000000000) ≤
    ↑k
⊢ False
failed
Submission/Spec.lean:2382:4: error: linarith failed to find a contradiction
case h
k : ℤ
h1 : π * 10 ^ ↑80 < ↑k
h2 : ↑k < π / arctan (1 / 10 ^ ↑80)
h_pi_gt : 3.141592653589793238462643383279502884197169399375105820974944592307816406286208 < π
h_pi_lt : π < 3.141592653589793238462643383279502884197169399375105820974944592307816406286210
h_ub : π / arctan (1 / 10 ^ 80) < π * 10 ^ 80 + 2 * 10 ^ (-↑80)
h_lt :
  ↑k <
    π * 100000000000000000000000000000000000000000000000000000000000000000000000000000000 +
      2 * (1 / 100000000000000000000000000000000000000000000000000000000000000000000000000000000)
h_gt : π * 100000000000000000000000000000000000000000000000000000000000000000000000000000000 < ↑k
a✝ :
  314159265358979323846264338327950288419716939937510582097494459230781640628620800 +
      2 * (1 / 100000000000000000000000000000000000000000000000000000000000000000000000000000000) ≤
    ↑k
⊢ False
failed
Submission/Spec.lean:2409:4: error: linarith failed to find a contradiction
case h
k : ℤ
h1 : π * 10 ^ ↑81 < ↑k
h2 : ↑k < π / arctan (1 / 10 ^ ↑81)
h_pi_gt : 3.141592653589793238462643383279502884197169399375105820974944592307816406286208 < π
h_pi_lt : π < 3.141592653589793238462643383279502884197169399375105820974944592307816406286210
h_ub : π / arctan (1 / 10 ^ 81) < π * 10 ^ 81 + 2 * 10 ^ (-↑81)
h_lt :
  ↑k <
    π * 1000000000000000000000000000000000000000000000000000000000000000000000000000000000 +
      2 * (1 / 1000000000000000000000000000000000000000000000000000000000000000000000000000000000)
h_gt : π * 1000000000000000000000000000000000000000000000000000000000000000000000000000000000 < ↑k
a✝ :
  3141592653589793238462643383279502884197169399375105820974944592307816406286208000 +
      2 * (1 / 1000000000000000000000000000000000000000000000000000000000000000000000000000000000) ≤
    ↑k
⊢ False
failed
Submission/Spec.lean:2436:4: error: linarith failed to find a contradiction
case h
k : ℤ
h1 : π * 10 ^ ↑82 < ↑k
h2 : ↑k < π / arctan (1 / 10 ^ ↑82)
h_pi_gt : 3.141592653589793238462643383279502884197169399375105820974944592307816406286208 < π
h_pi_lt : π < 3.141592653589793238462643383279502884197169399375105820974944592307816406286210
h_ub : π / arctan (1 / 10 ^ 82) < π * 10 ^ 82 + 2 * 10 ^ (-↑82)
h_lt :
  ↑k <
    π * 10000000000000000000000000000000000000000000000000000000000000000000000000000000000 +
      2 * (1 / 10000000000000000000000000000000000000000000000000000000000000000000000000000000000)
h_gt : π * 10000000000000000000000000000000000000000000000000000000000000000000000000000000000 < ↑k
a✝ :
  31415926535897932384626433832795028841971693993751058209749445923078164062862080000 +
      2 * (1 / 10000000000000000000000000000000000000000000000000000000000000000000000000000000000) ≤
    ↑k
⊢ False
failed
Submission/Spec.lean:2463:4: error: linarith failed to find a contradiction
case h
k : ℤ
h1 : π * 10 ^ ↑83 < ↑k
h2 : ↑k < π / arctan (1 / 10 ^ ↑83)
h_pi_gt : 3.141592653589793238462643383279502884197169399375105820974944592307816406286208 < π
h_pi_lt : π < 3.141592653589793238462643383279502884197169399375105820974944592307816406286210
h_ub : π / arctan (1 / 10 ^ 83) < π * 10 ^ 83 + 2 * 10 ^ (-↑83)
h_lt :
  ↑k <
    π * 100000000000000000000000000000000000000000000000000000000000000000000000000000000000 +
      2 * (1 / 100000000000000000000000000000000000000000000000000000000000000000000000000000000000)
h_gt : π * 100000000000000000000000000000000000000000000000000000000000000000000000000000000000 < ↑k
a✝ :
  314159265358979323846264338327950288419716939937510582097494459230781640628620800000 +
      2 * (1 / 100000000000000000000000000000000000000000000000000000000000000000000000000000000000) ≤
    ↑k
⊢ False
failed
Submission/Spec.lean:2490:4: error: linarith failed to find a contradiction
case h
k : ℤ
h1 : π * 10 ^ ↑84 < ↑k
h2 : ↑k < π / arctan (1 / 10 ^ ↑84)
h_pi_gt : 3.141592653589793238462643383279502884197169399375105820974944592307816406286208 < π
h_pi_lt : π < 3.141592653589793238462643383279502884197169399375105820974944592307816406286210
h_ub : π / arctan (1 / 10 ^ 84) < π * 10 ^ 84 + 2 * 10 ^ (-↑84)
h_lt :
  ↑k <
    π * 1000000000000000000000000000000000000000000000000000000000000000000000000000000000000 +
      2 * (1 / 1000000000000000000000000000000000000000000000000000000000000000000000000000000000000)
h_gt : π * 1000000000000000000000000000000000000000000000000000000000000000000000000000000000000 < ↑k
a✝ :
  3141592653589793238462643383279502884197169399375105820974944592307816406286208000000 +
      2 * (1 / 1000000000000000000000000000000000000000000000000000000000000000000000000000000000000) ≤
    ↑k
⊢ False
failed
Submission/Spec.lean:2517:4: error: linarith failed to find a contradiction
case h
k : ℤ
h1 : π * 10 ^ ↑85 < ↑k
h2 : ↑k < π / arctan (1 / 10 ^ ↑85)
h_pi_gt : 3.141592653589793238462643383279502884197169399375105820974944592307816406286208 < π
h_pi_lt : π < 3.141592653589793238462643383279502884197169399375105820974944592307816406286210
h_ub : π / arctan (1 / 10 ^ 85) < π * 10 ^ 85 + 2 * 10 ^ (-↑85)
h_lt :
  ↑k <
    π * 10000000000000000000000000000000000000000000000000000000000000000000000000000000000000 +
      2 * (1 / 10000000000000000000000000000000000000000000000000000000000000000000000000000000000000)
h_gt : π * 10000000000000000000000000000000000000000000000000000000000000000000000000000000000000 < ↑k
a✝ :
  31415926535897932384626433832795028841971693993751058209749445923078164062862080000000 +
      2 * (1 / 10000000000000000000000000000000000000000000000000000000000000000000000000000000000000) ≤
    ↑k
⊢ False
failed
Submission/Spec.lean:2544:4: error: linarith failed to find a contradiction
case h
k : ℤ
h1 : π * 10 ^ ↑86 < ↑k
h2 : ↑k < π / arctan (1 / 10 ^ ↑86)
h_pi_gt : 3.141592653589793238462643383279502884197169399375105820974944592307816406286208 < π
h_pi_lt : π < 3.141592653589793238462643383279502884197169399375105820974944592307816406286210
h_ub : π / arctan (1 / 10 ^ 86) < π * 10 ^ 86 + 2 * 10 ^ (-↑86)
h_lt :
  ↑k <
    π * 100000000000000000000000000000000000000000000000000000000000000000000000000000000000000 +
      2 * (1 / 100000000000000000000000000000000000000000000000000000000000000000000000000000000000000)
h_gt : π * 100000000000000000000000000000000000000000000000000000000000000000000000000000000000000 < ↑k
a✝ :
  314159265358979323846264338327950288419716939937510582097494459230781640628620800000000 +
      2 * (1 / 100000000000000000000000000000000000000000000000000000000000000000000000000000000000000) ≤
    ↑k
⊢ False
failed
Submission/Spec.lean:2571:4: error: linarith failed to find a contradiction
case h
k : ℤ
h1 : π * 10 ^ ↑87 < ↑k
h2 : ↑k < π / arctan (1 / 10 ^ ↑87)
h_pi_gt : 3.141592653589793238462643383279502884197169399375105820974944592307816406286208 < π
h_pi_lt : π < 3.141592653589793238462643383279502884197169399375105820974944592307816406286210
h_ub : π / arctan (1 / 10 ^ 87) < π * 10 ^ 87 + 2 * 10 ^ (-↑87)
h_lt :
  ↑k <
    π * 1000000000000000000000000000000000000000000000000000000000000000000000000000000000000000 +
      2 * (1 / 1000000000000000000000000000000000000000000000000000000000000000000000000000000000000000)
h_gt : π * 1000000000000000000000000000000000000000000000000000000000000000000000000000000000000000 < ↑k
a✝ :
  3141592653589793238462643383279502884197169399375105820974944592307816406286208000000000 +
      2 * (1 / 1000000000000000000000000000000000000000000000000000000000000000000000000000000000000000) ≤
    ↑k
⊢ False
failed
Submission/Spec.lean:2598:4: error: linarith failed to find a contradiction
case h
k : ℤ
h1 : π * 10 ^ ↑88 < ↑k
h2 : ↑k < π / arctan (1 / 10 ^ ↑88)
h_pi_gt : 3.141592653589793238462643383279502884197169399375105820974944592307816406286208 < π
h_pi_lt : π < 3.141592653589793238462643383279502884197169399375105820974944592307816406286210
h_ub : π / arctan (1 / 10 ^ 88) < π * 10 ^ 88 + 2 * 10 ^ (-↑88)
h_lt :
  ↑k <
    π * 10000000000000000000000000000000000000000000000000000000000000000000000000000000000000000 +
      2 * (1 / 10000000000000000000000000000000000000000000000000000000000000000000000000000000000000000)
h_gt : π * 10000000000000000000000000000000000000000000000000000000000000000000000000000000000000000 < ↑k
a✝ :
  31415926535897932384626433832795028841971693993751058209749445923078164062862080000000000 +
      2 * (1 / 10000000000000000000000000000000000000000000000000000000000000000000000000000000000000000) ≤
    ↑k
⊢ False
failed
Submission/Spec.lean:2625:4: error: linarith failed to find a contradiction
case h
k : ℤ
h1 : π * 10 ^ ↑89 < ↑k
h2 : ↑k < π / arctan (1 / 10 ^ ↑89)
h_pi_gt : 3.141592653589793238462643383279502884197169399375105820974944592307816406286208 < π
h_pi_lt : π < 3.141592653589793238462643383279502884197169399375105820974944592307816406286210
h_ub : π / arctan (1 / 10 ^ 89) < π * 10 ^ 89 + 2 * 10 ^ (-↑89)
h_lt :
  ↑k <
    π * 100000000000000000000000000000000000000000000000000000000000000000000000000000000000000000 +
      2 * (1 / 100000000000000000000000000000000000000000000000000000000000000000000000000000000000000000)
h_gt : π * 100000000000000000000000000000000000000000000000000000000000000000000000000000000000000000 < ↑k
a✝ :
  314159265358979323846264338327950288419716939937510582097494459230781640628620800000000000 +
      2 * (1 / 100000000000000000000000000000000000000000000000000000000000000000000000000000000000000000) ≤
    ↑k
⊢ False
failed
Submission/Spec.lean:2652:4: error: linarith failed to find a contradiction
case h
k : ℤ
h1 : π * 10 ^ ↑90 < ↑k
h2 : ↑k < π / arctan (1 / 10 ^ ↑90)
h_pi_gt : 3.141592653589793238462643383279502884197169399375105820974944592307816406286208 < π
h_pi_lt : π < 3.141592653589793238462643383279502884197169399375105820974944592307816406286210
h_ub : π / arctan (1 / 10 ^ 90) < π * 10 ^ 90 + 2 * 10 ^ (-↑90)
h_lt :
  ↑k <
    π * 1000000000000000000000000000000000000000000000000000000000000000000000000000000000000000000 +
      2 * (1 / 1000000000000000000000000000000000000000000000000000000000000000000000000000000000000000000)
h_gt : π * 1000000000000000000000000000000000000000000000000000000000000000000000000000000000000000000 < ↑k
a✝ :
  3141592653589793238462643383279502884197169399375105820974944592307816406286208000000000000 +
      2 * (1 / 1000000000000000000000000000000000000000000000000000000000000000000000000000000000000000000) ≤
    ↑k
⊢ False
failed
Submission/Spec.lean:2679:4: error: linarith failed to find a contradiction
case h
k : ℤ
h1 : π * 10 ^ ↑91 < ↑k
h2 : ↑k < π / arctan (1 / 10 ^ ↑91)
h_pi_gt : 3.141592653589793238462643383279502884197169399375105820974944592307816406286208 < π
h_pi_lt : π < 3.141592653589793238462643383279502884197169399375105820974944592307816406286210
h_ub : π / arctan (1 / 10 ^ 91) < π * 10 ^ 91 + 2 * 10 ^ (-↑91)
h_lt :
  ↑k <
    π * 10000000000000000000000000000000000000000000000000000000000000000000000000000000000000000000 +
      2 * (1 / 10000000000000000000000000000000000000000000000000000000000000000000000000000000000000000000)
h_gt : π * 10000000000000000000000000000000000000000000000000000000000000000000000000000000000000000000 < ↑k
a✝ :
  31415926535897932384626433832795028841971693993751058209749445923078164062862080000000000000 +
      2 * (1 / 10000000000000000000000000000000000000000000000000000000000000000000000000000000000000000000) ≤
    ↑k
⊢ False
failed
Submission/Spec.lean:2706:4: error: linarith failed to find a contradiction
case h
k : ℤ
h1 : π * 10 ^ ↑92 < ↑k
h2 : ↑k < π / arctan (1 / 10 ^ ↑92)
h_pi_gt : 3.141592653589793238462643383279502884197169399375105820974944592307816406286208 < π
h_pi_lt : π < 3.141592653589793238462643383279502884197169399375105820974944592307816406286210
h_ub : π / arctan (1 / 10 ^ 92) < π * 10 ^ 92 + 2 * 10 ^ (-↑92)
h_lt :
  ↑k <
    π * 100000000000000000000000000000000000000000000000000000000000000000000000000000000000000000000 +
      2 * (1 / 100000000000000000000000000000000000000000000000000000000000000000000000000000000000000000000)
h_gt : π * 100000000000000000000000000000000000000000000000000000000000000000000000000000000000000000000 < ↑k
a✝ :
  314159265358979323846264338327950288419716939937510582097494459230781640628620800000000000000 +
      2 * (1 / 100000000000000000000000000000000000000000000000000000000000000000000000000000000000000000000) ≤
    ↑k
⊢ False
failed
Submission/Spec.lean:2733:4: error: linarith failed to find a contradiction
case h
k : ℤ
h1 : π * 10 ^ ↑93 < ↑k
h2 : ↑k < π / arctan (1 / 10 ^ ↑93)
h_pi_gt : 3.141592653589793238462643383279502884197169399375105820974944592307816406286208 < π
h_pi_lt : π < 3.141592653589793238462643383279502884197169399375105820974944592307816406286210
h_ub : π / arctan (1 / 10 ^ 93) < π * 10 ^ 93 + 2 * 10 ^ (-↑93)
h_lt :
  ↑k <
    π * 1000000000000000000000000000000000000000000000000000000000000000000000000000000000000000000000 +
      2 * (1 / 1000000000000000000000000000000000000000000000000000000000000000000000000000000000000000000000)
h_gt : π * 1000000000000000000000000000000000000000000000000000000000000000000000000000000000000000000000 < ↑k
a✝ :
  3141592653589793238462643383279502884197169399375105820974944592307816406286208000000000000000 +
      2 * (1 / 1000000000000000000000000000000000000000000000000000000000000000000000000000000000000000000000) ≤
    ↑k
⊢ False
failed
Submission/Spec.lean:2760:4: error: linarith failed to find a contradiction
case h
k : ℤ
h1 : π * 10 ^ ↑94 < ↑k
h2 : ↑k < π / arctan (1 / 10 ^ ↑94)
h_pi_gt : 3.141592653589793238462643383279502884197169399375105820974944592307816406286208 < π
h_pi_lt : π < 3.141592653589793238462643383279502884197169399375105820974944592307816406286210
h_ub : π / arctan (1 / 10 ^ 94) < π * 10 ^ 94 + 2 * 10 ^ (-↑94)
h_lt :
  ↑k <
    π * 10000000000000000000000000000000000000000000000000000000000000000000000000000000000000000000000 +
      2 * (1 / 10000000000000000000000000000000000000000000000000000000000000000000000000000000000000000000000)
h_gt : π * 10000000000000000000000000000000000000000000000000000000000000000000000000000000000000000000000 < ↑k
a✝ :
  31415926535897932384626433832795028841971693993751058209749445923078164062862080000000000000000 +
      2 * (1 / 10000000000000000000000000000000000000000000000000000000000000000000000000000000000000000000000) ≤
    ↑k
⊢ False
failed
Submission/Spec.lean:2787:4: error: linarith failed to find a contradiction
case h
k : ℤ
h1 : π * 10 ^ ↑95 < ↑k
h2 : ↑k < π / arctan (1 / 10 ^ ↑95)
h_pi_gt : 3.141592653589793238462643383279502884197169399375105820974944592307816406286208 < π
h_pi_lt : π < 3.141592653589793238462643383279502884197169399375105820974944592307816406286210
h_ub : π / arctan (1 / 10 ^ 95) < π * 10 ^ 95 + 2 * 10 ^ (-↑95)
h_lt :
  ↑k <
    π * 100000000000000000000000000000000000000000000000000000000000000000000000000000000000000000000000 +
      2 * (1 / 100000000000000000000000000000000000000000000000000000000000000000000000000000000000000000000000)
h_gt : π * 100000000000000000000000000000000000000000000000000000000000000000000000000000000000000000000000 < ↑k
a✝ :
  314159265358979323846264338327950288419716939937510582097494459230781640628620800000000000000000 +
      2 * (1 / 100000000000000000000000000000000000000000000000000000000000000000000000000000000000000000000000) ≤
    ↑k
⊢ False
failed
Submission/Spec.lean:2814:4: error: linarith failed to find a contradiction
case h
k : ℤ
h1 : π * 10 ^ ↑96 < ↑k
h2 : ↑k < π / arctan (1 / 10 ^ ↑96)
h_pi_gt : 3.141592653589793238462643383279502884197169399375105820974944592307816406286208 < π
h_pi_lt : π < 3.141592653589793238462643383279502884197169399375105820974944592307816406286210
h_ub : π / arctan (1 / 10 ^ 96) < π * 10 ^ 96 + 2 * 10 ^ (-↑96)
h_lt :
  ↑k <
    π * 1000000000000000000000000000000000000000000000000000000000000000000000000000000000000000000000000 +
      2 * (1 / 1000000000000000000000000000000000000000000000000000000000000000000000000000000000000000000000000)
h_gt : π * 1000000000000000000000000000000000000000000000000000000000000000000000000000000000000000000000000 < ↑k
a✝ :
  3141592653589793238462643383279502884197169399375105820974944592307816406286208000000000000000000 +
      2 * (1 / 1000000000000000000000000000000000000000000000000000000000000000000000000000000000000000000000000) ≤
    ↑k
⊢ False
failed
Submission/Spec.lean:2841:4: error: linarith failed to find a contradiction
case h
k : ℤ
h1 : π * 10 ^ ↑97 < ↑k
h2 : ↑k < π / arctan (1 / 10 ^ ↑97)
h_pi_gt : 3.141592653589793238462643383279502884197169399375105820974944592307816406286208 < π
h_pi_lt : π < 3.141592653589793238462643383279502884197169399375105820974944592307816406286210
h_ub : π / arctan (1 / 10 ^ 97) < π * 10 ^ 97 + 2 * 10 ^ (-↑97)
h_lt :
  ↑k <
    π * 10000000000000000000000000000000000000000000000000000000000000000000000000000000000000000000000000 +
      2 * (1 / 10000000000000000000000000000000000000000000000000000000000000000000000000000000000000000000000000)
h_gt : π * 10000000000000000000000000000000000000000000000000000000000000000000000000000000000000000000000000 < ↑k
a✝ :
  31415926535897932384626433832795028841971693993751058209749445923078164062862080000000000000000000 +
      2 * (1 / 10000000000000000000000000000000000000000000000000000000000000000000000000000000000000000000000000) ≤
    ↑k
⊢ False
failed
Submission/Spec.lean:2868:4: error: linarith failed to find a contradiction
case h
k : ℤ
h1 : π * 10 ^ ↑98 < ↑k
h2 : ↑k < π / arctan (1 / 10 ^ ↑98)
h_pi_gt : 3.141592653589793238462643383279502884197169399375105820974944592307816406286208 < π
h_pi_lt : π < 3.141592653589793238462643383279502884197169399375105820974944592307816406286210
h_ub : π / arctan (1 / 10 ^ 98) < π * 10 ^ 98 + 2 * 10 ^ (-↑98)
h_lt :
  ↑k <
    π * 100000000000000000000000000000000000000000000000000000000000000000000000000000000000000000000000000 +
      2 * (1 / 100000000000000000000000000000000000000000000000000000000000000000000000000000000000000000000000000)
h_gt : π * 100000000000000000000000000000000000000000000000000000000000000000000000000000000000000000000000000 < ↑k
a✝ :
  314159265358979323846264338327950288419716939937510582097494459230781640628620800000000000000000000 +
      2 * (1 / 100000000000000000000000000000000000000000000000000000000000000000000000000000000000000000000000000) ≤
    ↑k
⊢ False
failed
Submission/Spec.lean:2895:4: error: linarith failed to find a contradiction
case h
k : ℤ
h1 : π * 10 ^ ↑99 < ↑k
h2 : ↑k < π / arctan (1 / 10 ^ ↑99)
h_pi_gt : 3.141592653589793238462643383279502884197169399375105820974944592307816406286208 < π
h_pi_lt : π < 3.141592653589793238462643383279502884197169399375105820974944592307816406286210
h_ub : π / arctan (1 / 10 ^ 99) < π * 10 ^ 99 + 2 * 10 ^ (-↑99)
h_lt :
  ↑k <
    π * 1000000000000000000000000000000000000000000000000000000000000000000000000000000000000000000000000000 +
      2 * (1 / 1000000000000000000000000000000000000000000000000000000000000000000000000000000000000000000000000000)
h_gt : π * 1000000000000000000000000000000000000000000000000000000000000000000000000000000000000000000000000000 < ↑k
a✝ :
  3141592653589793238462643383279502884197169399375105820974944592307816406286208000000000000000000000 +
      2 * (1 / 1000000000000000000000000000000000000000000000000000000000000000000000000000000000000000000000000000) ≤
    ↑k
⊢ False
failed
Submission/Spec.lean:2922:4: error: linarith failed to find a contradiction
case h
k : ℤ
h1 : π * 10 ^ ↑100 < ↑k
h2 : ↑k < π / arctan (1 / 10 ^ ↑100)
h_pi_gt : 3.141592653589793238462643383279502884197169399375105820974944592307816406286208 < π
h_pi_lt : π < 3.141592653589793238462643383279502884197169399375105820974944592307816406286210
h_ub : π / arctan (1 / 10 ^ 100) < π * 10 ^ 100 + 2 * 10 ^ (-↑100)
h_lt :
  ↑k <
    π * 10000000000000000000000000000000000000000000000000000000000000000000000000000000000000000000000000000 +
      2 * (1 / 10000000000000000000000000000000000000000000000000000000000000000000000000000000000000000000000000000)
h_gt : π * 10000000000000000000000000000000000000000000000000000000000000000000000000000000000000000000000000000 < ↑k
a✝ :
  31415926535897932384626433832795028841971693993751058209749445923078164062862080000000000000000000000 +
      2 * (1 / 10000000000000000000000000000000000000000000000000000000000000000000000000000000000000000000000000000) ≤
    ↑k
⊢ False
failed
Submission/Spec.lean:2949:4: error: maximum number of errors (100; from option `maxErrors`) reached, exiting
