'Erdos66AdaptiveHitSelection.subtype_hit_card' depends on axioms: [propext, Classical.choice, Quot.sound]
'Erdos66AdaptiveHitSelection.restricted_hit_mgf' depends on axioms: [propext, Classical.choice, Quot.sound]
'Erdos66AdaptiveHitSelection.exists_adaptive_small_hits' depends on axioms: [propext, Classical.choice, Quot.sound]
'Erdos66AdaptivePacketAlgebra.mem_packet_iff' depends on axioms: [propext, Quot.sound]
'Erdos66AdaptivePacketAlgebra.packet_card' depends on axioms: [propext, Classical.choice, Quot.sound]
'Erdos66AdaptivePacketAlgebra.pairs_singletons' depends on axioms: [propext, Classical.choice, Quot.sound]
'Erdos66AdaptivePacketAlgebra.singleton_rep' depends on axioms: [propext, Classical.choice, Quot.sound]
'Erdos66AdaptivePacketAlgebra.packet_rep' depends on axioms: [propext, Classical.choice, Quot.sound]
'Erdos66AdaptivePacketAlgebra.packet_pairs_le' depends on axioms: [propext, Classical.choice, Quot.sound]
'Erdos66AdaptivePacketAlgebra.assigned_packet_pairs_le' depends on axioms: [propext, Classical.choice, Quot.sound]
'Erdos66AdaptivePacketAlgebra.no_extra_hits' depends on axioms: [propext, Classical.choice, Quot.sound]
'Erdos66AdaptivePacketAlgebra.no_old_hits' depends on axioms: [propext, Classical.choice, Quot.sound]
'Erdos66AdaptivePacketAlgebra.energy_step' depends on axioms: [propext, Classical.choice, Quot.sound]
'Erdos66AdaptivePacketAlgebra.energy_center_step' depends on axioms: [propext, Classical.choice, Quot.sound]
'Erdos66AdaptivePacketAlgebra.swapped_no_old_hits' depends on axioms: [propext, Classical.choice, Quot.sound]
'Erdos66AdaptivePacketAlgebra.swapped_error_le_energy' depends on axioms: [propext, Classical.choice, Quot.sound]
'Erdos66AdaptivePacketChoice.bool_exists_card' depends on axioms: [propext, Classical.choice, Quot.sound]
'Erdos66AdaptivePacketChoice.injective_partner_card' depends on axioms: [propext, Classical.choice, Quot.sound]
'Erdos66AdaptivePacketChoice.injective_double_card' depends on axioms: [propext, Classical.choice, Quot.sound]
'Erdos66AdaptivePacketChoice.extraHits_card' depends on axioms: [propext, Classical.choice, Quot.sound]
'Erdos66AdaptivePacketChoice.jointHits_card' depends on axioms: [propext, Classical.choice, Quot.sound]
'Erdos66AdaptivePacketChoice.usedChoices_card' depends on axioms: [propext, Classical.choice, Quot.sound]
'Erdos66AdaptivePacketChoice.blocked_card' depends on axioms: [propext, Classical.choice, Quot.sound]
'Erdos66AdaptivePacketChoice.available_card' depends on axioms: [propext, Classical.choice, Quot.sound]
'Erdos66AdaptivePacketChoice.available_properties' depends on axioms: [propext, Classical.choice, Quot.sound]
'Erdos66AdaptivePacketChoice.assigned_packet_injOn' depends on axioms: [propext, Quot.sound]
'Erdos66AdaptivePacketChoice.injOn_union_disjoint_image' depends on axioms: [propext, Classical.choice, Quot.sound]
'Erdos66AdaptiveAssignedRepair.occurrences_succ' depends on axioms: [propext, Classical.choice, Quot.sound]
'Erdos66AdaptiveAssignedRepair.occurrences_zero_off' depends on axioms: [propext, Classical.choice, Quot.sound]
'Erdos66AdaptiveAssignedRepair.exists_adaptive_assigned_repair' depends on axioms: [propext,
 Classical.choice,
 Quot.sound]
'Erdos66AdaptiveRepairBudget.log_sqrt_decay' depends on axioms: [propext, Classical.choice, Quot.sound]
'Erdos66AdaptiveRepairBudget.demand_sqrt_decay' depends on axioms: [propext, Classical.choice, Quot.sound]
'Erdos66AdaptiveRepairBudget.demand_nat_decay' depends on axioms: [propext, Classical.choice, Quot.sound]
'Erdos66AdaptiveRepairBudget.budget_identity' depends on axioms: [propext, Classical.choice, Quot.sound]
'Erdos66AdaptiveRepairBudget.mean_budget_identity' depends on axioms: [propext, Classical.choice, Quot.sound]
'Erdos66AdaptiveRepairBudget.adaptive_budget_limits' depends on axioms: [propext, Classical.choice, Quot.sound]
'Erdos66AdaptiveRepairBudget.eventually_adaptive_budget' depends on axioms: [propext, Classical.choice, Quot.sound]
'Erdos66AdaptiveRepairBudget.power_demand_decay' depends on axioms: [propext, Classical.choice, Quot.sound]
'Erdos66ShortSupportSwapTail.brackets_count_discrepancy' depends on axioms: [propext, Classical.choice, Quot.sound]
'Erdos66ShortSupportSwapTail.supported_pairs_le_window' depends on axioms: [propext, Classical.choice, Quot.sound]
'Erdos66ShortSupportSwapTail.supported_self_zero' depends on axioms: [propext, Classical.choice, Quot.sound]
'Erdos66ShortSupportSwapTail.short_support_swap_error' depends on axioms: [propext, Classical.choice, Quot.sound]
'Erdos66ShortSupportSwapTail.antitone_window_count' depends on axioms: [propext, Classical.choice, Quot.sound]
'Erdos66ShortSupportSwapTail.short_support_profile_error' depends on axioms: [propext, Classical.choice, Quot.sound]
'Erdos66ShortSupportSwapTail.eventually_harmonic_short_support_tail' depends on axioms: [propext,
 Classical.choice,
 Quot.sound]
'Erdos66GlobalAdaptiveRankRepair.harmonic_rank_gap_thirteen' depends on axioms: [propext, Classical.choice, Quot.sound]
'Erdos66GlobalAdaptiveRankRepair.uniformly_eventually_global_adaptive_rank_repair' depends on axioms: [propext,
 Classical.choice,
 Quot.sound]
'Erdos66GlobalAdaptiveRankRepair.eventually_global_adaptive_rank_repair' depends on axioms: [propext,
 Classical.choice,
 Quot.sound]
'Erdos66GlobalAdaptiveRankRepair.eventually_global_adaptive_rank_power' depends on axioms: [propext,
 Classical.choice,
 Quot.sound]
