'Erdos66ChangingFieldLineStep.mem_extend' depends on axioms: [propext, Classical.choice, Quot.sound]
'Erdos66ChangingFieldLineStep.extend_apply' depends on axioms: [propext, Classical.choice, Quot.sound]
'Erdos66ChangingFieldLineStep.extend_mono' depends on axioms: [propext, Classical.choice, Quot.sound]
'Erdos66ChangingFieldLineStep.step_mono' depends on axioms: [propext, Classical.choice, Quot.sound]
'Erdos66ChangingFieldLineStep.step_mixed_dominates' depends on axioms: [propext, Classical.choice, Quot.sound]
'Erdos66ChangingFieldLineStep.step_self_dominates_twice' depends on axioms: [propext, Classical.choice, Quot.sound]
'Erdos66ChangingFieldLineStep.two_step_amplification' depends on axioms: [propext, Classical.choice, Quot.sound]
'Erdos66ChangingFieldLineStep.step_nonempty' depends on axioms: [propext, Classical.choice, Quot.sound]
'Erdos66ChangingFieldLineStep.union_step_membership' depends on axioms: [propext, Classical.choice, Quot.sound]
'Erdos66ChangingFieldLineStep.field_size_peak' depends on axioms: [propext, Classical.choice, Quot.sound]
'Erdos66ChangingFieldGrowth.growthAllowance_pos' depends on axioms: [propext, Classical.choice, Quot.sound]
'Erdos66ChangingFieldGrowth.budget_one_step' depends on axioms: [propext, Classical.choice, Quot.sound]
'Erdos66ChangingFieldGrowth.budget_bound' depends on axioms: [propext, Classical.choice, Quot.sound]
'Erdos66ChangingFieldGrowth.no_logarithmic_budget' depends on axioms: [propext, Classical.choice, Quot.sound]
'Erdos66ChangingFieldIteration.space_card_succ' depends on axioms: [propext, Classical.choice, Quot.sound]
'Erdos66ChangingFieldIteration.two_step_peak' depends on axioms: [propext, Classical.choice, Quot.sound]
'Erdos66ChangingFieldIteration.exponential_peak_from' depends on axioms: [propext, Classical.choice, Quot.sound]
'Erdos66ChangingFieldIteration.nonempty_stages' depends on axioms: [propext, Classical.choice, Quot.sound]
'Erdos66ChangingFieldIteration.union_step_subset' depends on axioms: [propext, Classical.choice, Quot.sound]
'Erdos66ChangingFieldIteration.field_peak_each_stage' depends on axioms: [propext, Classical.choice, Quot.sound]
'Erdos66ChangingFieldLogCap.space_log_nonneg' depends on axioms: [propext, Classical.choice, Quot.sound]
'Erdos66ChangingFieldLogCap.space_log_succ' depends on axioms: [propext, Classical.choice, Quot.sound]
'Erdos66ChangingFieldLogCap.no_eventual_log_cap' depends on axioms: [propext, Classical.choice, Quot.sound]
'Erdos66ChangingFieldLogCap.arbitrarily_late_log_cap_violation' depends on axioms: [propext,
 Classical.choice,
 Quot.sound]
