'Erdos66DigitBoxEnergy.encode_injective' depends on axioms: [propext, Classical.choice, Quot.sound]
'Erdos66DigitBoxEnergy.encode_lt' depends on axioms: [propext, Classical.choice, Quot.sound]
'Erdos66DigitBoxEnergy.encode_pair_sum' depends on axioms: [propext, Classical.choice, Quot.sound]
'Erdos66DigitBoxEnergy.box_card' depends on axioms: [propext, Classical.choice, Quot.sound]
'Erdos66DigitBoxEnergy.two_point_power_bound' depends on axioms: [propext, Classical.choice, Quot.sound]
'Erdos66DigitBoxEnergy.two_point_box_peak' depends on axioms: [propext, Classical.choice, Quot.sound]
'Erdos66DigitBoxEnergy.box_card_le_cap_power' depends on axioms: [propext, Classical.choice, Quot.sound]
'Erdos66LayeredDigitProgram.mem_accepted_encode' depends on axioms: [propext, Classical.choice, Quot.sound]
'Erdos66LayeredDigitProgram.accepted_lt' depends on axioms: [propext, Classical.choice, Quot.sound]
'Erdos66LayeredDigitProgram.accepted_card_le' depends on axioms: [propext, Classical.choice, Quot.sound]
'Erdos66LayeredDigitProgram.accepted_card_le_of_finite_cap' depends on axioms: [propext, Classical.choice, Quot.sound]
'Erdos66LayeredDigitAsymptotic.logarithmic_digit_cap' depends on axioms: [propext, Classical.choice, Quot.sound]
'Erdos66LayeredDigitAsymptotic.shifted_poly_ratio' depends on axioms: [propext, Classical.choice, Quot.sound]
'Erdos66LayeredDigitAsymptotic.poly_geometric_count_negligible' depends on axioms: [propext,
 Classical.choice,
 Quot.sound]
'Erdos66LayeredDigitAsymptotic.recognized_subset_sq_negligible' depends on axioms: [propext,
 Classical.choice,
 Quot.sound]
'Erdos66LayeredDigitAsymptotic.recognized_subset_negligible' depends on axioms: [propext, Classical.choice, Quot.sound]
'Erdos66LayeredPath.path_append' depends on axioms: [propext, Quot.sound]
'Erdos66LayeredPath.path_ofFn_iff' depends on axioms: [propext, Quot.sound]
'Erdos66DigitBlocking.full_box_eq_range' depends on axioms: [propext, Classical.choice, Quot.sound]
'Erdos66DigitBlocking.exists_encode' depends on axioms: [propext, Classical.choice, Quot.sound]
'Erdos66DigitBlocking.ofFn_eq_finWord' depends on axioms: [propext, Classical.choice, Quot.sound]
'Erdos66DigitBlocking.mem_fromEdge_encode' depends on axioms: [propext, Classical.choice, Quot.sound]
'Erdos66DigitBlocking.mem_fromEdge' depends on axioms: [propext, Classical.choice, Quot.sound]
'Erdos66DigitBlocking.expand_length' depends on axioms: [propext, Classical.choice, Quot.sound]
'Erdos66DigitBlocking.expand_code' depends on axioms: [propext, Classical.choice, Quot.sound]
'Erdos66DigitBlocking.path_expand' depends on axioms: [propext, Classical.choice, Quot.sound]
'Erdos66DigitBlocking.expand_finWord' depends on axioms: [propext, Classical.choice, Quot.sound]
'Erdos66DigitBlocking.mem_block_program' depends on axioms: [propext, Classical.choice, Quot.sound]
'Erdos66NonuniformDigitCore.grouped_recognition' depends on axioms: [propext, Classical.choice, Quot.sound]
'Erdos66NonuniformDigitCore.nonuniform_subset_sq_negligible' depends on axioms: [propext, Classical.choice, Quot.sound]
'Erdos66NonuniformDigitCore.nonuniform_subset_negligible' depends on axioms: [propext, Classical.choice, Quot.sound]
'Erdos66NonuniformDigitCore.no_nonzero_log_limit' depends on axioms: [propext, Classical.choice, Quot.sound]
