'Erdos66CenteredCumulativeRounding.floor_step_binary' depends on axioms: [propext, Classical.choice, Quot.sound]
'Erdos66CenteredCumulativeRounding.rounded_indicator' depends on axioms: [propext, Classical.choice, Quot.sound]
'Erdos66CenteredCumulativeRounding.rounded_mass' depends on axioms: [propext, Classical.choice, Quot.sound]
'Erdos66CenteredCumulativeRounding.rounded_count' depends on axioms: [propext, Classical.choice, Quot.sound]
'Erdos66CenteredCumulativeRounding.integer_brackets_of_distance' depends on axioms: [propext,
 Classical.choice,
 Quot.sound]
'Erdos66CenteredCumulativeRounding.centered_floor_error' depends on axioms: [propext, Classical.choice, Quot.sound]
'Erdos66CenteredCumulativeRounding.rounded_original_brackets' depends on axioms: [propext, Classical.choice, Quot.sound]
'Erdos66CenteredCumulativeRounding.centered_steps' depends on axioms: [propext, Classical.choice, Quot.sound]
'Erdos66CenteredCumulativeRounding.splice_outside' depends on axioms: [propext, Classical.choice, Quot.sound]
'Erdos66CenteredCumulativeRounding.splice_inside' depends on axioms: [propext, Classical.choice, Quot.sound]
'Erdos66CenteredCumulativeRounding.splice_steps' depends on axioms: [propext, Classical.choice, Quot.sound]
'Erdos66CenteredCumulativeRounding.mass_interval_bounds' depends on axioms: [propext, Classical.choice, Quot.sound]
'Erdos66CenteredCumulativeRounding.chordSlope_bounds' depends on axioms: [propext, Classical.choice, Quot.sound]
'Erdos66CenteredCumulativeRounding.chord_endpoints' depends on axioms: [propext, Classical.choice, Quot.sound]
'Erdos66CenteredCumulativeRounding.chord_steps' depends on axioms: [propext, Classical.choice, Quot.sound]
'Erdos66CenteredCumulativeRounding.chord_error' depends on axioms: [propext, Classical.choice, Quot.sound]
'Erdos66LinearRoundingPeak.reflected_rank_sum' depends on axioms: [propext, Quot.sound]
'Erdos66LinearRoundingPeak.paired_ranks_peak' depends on axioms: [propext, Classical.choice, Quot.sound]
'Erdos66LinearRoundingPeak.crossing_bounds' depends on axioms: [propext, Classical.choice, Quot.sound]
'Erdos66LinearRoundingPeak.crossing_inside' depends on axioms: [propext, Classical.choice, Quot.sound]
'Erdos66LinearRoundingPeak.crossing_floor' depends on axioms: [propext, Classical.choice, Quot.sound]
'Erdos66LinearRoundingPeak.crossing_injective' depends on axioms: [propext, Classical.choice, Quot.sound]
'Erdos66LinearRoundingPeak.linear_segment_peak' depends on axioms: [propext, Classical.choice, Quot.sound]
'Erdos66ChordPeakExtension.quarter_flat_window' depends on axioms: [propext, Classical.choice, Quot.sound]
'Erdos66ChordPeakExtension.eventual_linear_peak_budget' depends on axioms: [propext, Classical.choice, Quot.sound]
'Erdos66ChordPeakExtension.exists_extension' depends on axioms: [propext, Classical.choice, Quot.sound]
'Erdos66ChordPeakExtension.step_spec' depends on axioms: [propext, Classical.choice, Quot.sound]
'Erdos66ExactBracketPeaks.states_step' depends on axioms: [propext, Classical.choice, Quot.sound]
'Erdos66ExactBracketPeaks.states_cutoff_mono' depends on axioms: [propext, Classical.choice, Quot.sound]
'Erdos66ExactBracketPeaks.states_cutoff' depends on axioms: [propext, Classical.choice, Quot.sound]
'Erdos66ExactBracketPeaks.states_stable' depends on axioms: [propext, Classical.choice, Quot.sound]
'Erdos66ExactBracketPeaks.limit_eq_state' depends on axioms: [propext, Classical.choice, Quot.sound]
'Erdos66ExactBracketPeaks.limit_zero' depends on axioms: [propext, Classical.choice, Quot.sound]
'Erdos66ExactBracketPeaks.limit_steps' depends on axioms: [propext, Classical.choice, Quot.sound]
'Erdos66ExactBracketPeaks.limit_close' depends on axioms: [propext, Classical.choice, Quot.sound]
'Erdos66ExactBracketPeaks.badSet_brackets' depends on axioms: [propext, Classical.choice, Quot.sound]
'Erdos66ExactBracketPeaks.badSet_mass_discrepancy' depends on axioms: [propext, Classical.choice, Quot.sound]
'Erdos66ExactBracketPeaks.badSet_rep' depends on axioms: [propext, Classical.choice, Quot.sound]
'Erdos66ExactBracketPeaks.target_ge' depends on axioms: [propext, Classical.choice, Quot.sound]
'Erdos66ExactBracketPeaks.badSet_peaks' depends on axioms: [propext, Classical.choice, Quot.sound]
'Erdos66ExactBracketPeaks.badSet_no_limit' depends on axioms: [propext, Classical.choice, Quot.sound]
'Erdos66ExactBracketPeaks.exists_exact_bracket_unbounded_peaks' depends on axioms: [propext,
 Classical.choice,
 Quot.sound]
'Erdos66ExactBracketPeaks.badSet_error_prefix' depends on axioms: [propext, Classical.choice, Quot.sound]
'Erdos66ExactBracketPeaks.badSet_quadratic_error_not_zero' depends on axioms: [propext, Classical.choice, Quot.sound]
'Erdos66BracketLookaheadObstruction.last_cutoff_loss' depends on axioms: [propext, Classical.choice, Quot.sound]
'Erdos66BracketLookaheadObstruction.cutoff_mass' depends on axioms: [propext, Classical.choice, Quot.sound]
'Erdos66BracketLookaheadObstruction.exists_exact_bracket_prefix_forcing_peak' depends on axioms: [propext,
 Classical.choice,
 Quot.sound]
