'Erdos66TailCapBlocking.exists_tail_blocking_extension' depends on axioms: [propext, Classical.choice, Quot.sound]
'Erdos66FiniteExchangeCap.exists_extension' depends on axioms: [propext, Classical.choice, Quot.sound]
'Erdos66FiniteExchangeCap.step_spec' depends on axioms: [propext, Classical.choice, Quot.sound]
'Erdos66FiniteExchangeCap.exists_schedule_late' depends on axioms: [propext, Classical.choice, Quot.sound]
'Erdos66FiniteExchangeCap.states_step' depends on axioms: [propext, Classical.choice, Quot.sound]
'Erdos66FiniteExchangeCap.cutoff_ge' depends on axioms: [propext, Classical.choice, Quot.sound]
'Erdos66FiniteExchangeCap.mem_stable' depends on axioms: [propext, Classical.choice, Quot.sound]
'Erdos66FiniteExchangeCap.rigidSet_mem' depends on axioms: [propext, Classical.choice, Quot.sound]
'Erdos66FiniteExchangeCap.states_subset_rigidSet' depends on axioms: [propext, Classical.choice, Quot.sound]
'Erdos66FiniteExchangeCap.rigidSet_rep' depends on axioms: [propext, Classical.choice, Quot.sound]
'Erdos66FiniteExchangeCap.rigidSet_capped' depends on axioms: [propext, Classical.choice, Quot.sound]
'Erdos66FiniteExchangeCap.rigidSet_tail_certificate' depends on axioms: [propext, Classical.choice, Quot.sound]
'Erdos66FiniteExchangeCap.rigidSet_finite_deletion_rigidity' depends on axioms: [propext, Classical.choice, Quot.sound]
'Erdos66FiniteExchangeCap.rigidSet_maximal' depends on axioms: [propext, Classical.choice, Quot.sound]
'Erdos66FiniteExchangeCap.rigidSet_holes' depends on axioms: [propext, Classical.choice, Quot.sound]
'Erdos66FiniteExchangeCap.rigidSet_peaks' depends on axioms: [propext, Classical.choice, Quot.sound]
'Erdos66FiniteExchangeCap.exists_finitely_rigid_with_holes_and_peaks' depends on axioms: [propext,
 Classical.choice,
 Quot.sound]
'Erdos66LogarithmicFiniteExchange.representation_le_of_finite_deletion' depends on axioms: [propext,
 Classical.choice,
 Quot.sound]
'Erdos66LogarithmicFiniteExchange.finite_exchange_additions_are_old' depends on axioms: [propext,
 Classical.choice,
 Quot.sound]
'Erdos66LogarithmicFiniteExchange.exists_finitely_rigid_log_cap_without_limit' depends on axioms: [propext,
 Classical.choice,
 Quot.sound]
'Erdos66LogarithmicFiniteExchange.exists_all_finite_exchanges_blocked' depends on axioms: [propext,
 Classical.choice,
 Quot.sound]
