'Erdos66FiniteHistoryIncidence.small_tail_window' depends on axioms: [propext, Classical.choice, Quot.sound]
'Erdos66FiniteHistoryIncidence.fiber_tail_subset' depends on axioms: [propext, Classical.choice, Quot.sound]
'Erdos66FiniteHistoryIncidence.fiber_after_history' depends on axioms: [propext, Classical.choice, Quot.sound]
'Erdos66FiniteHistoryIncidence.boundary_tail_difference' depends on axioms: [propext, Classical.choice, Quot.sound]
'Erdos66FiniteHistoryIncidence.boundary_after_history' depends on axioms: [propext, Classical.choice, Quot.sound]
'Erdos66FiniteHistoryIncidence.eventually_history_mass' depends on axioms: [propext, Classical.choice, Quot.sound]
'Erdos66FiniteHistoryIncidence.uniformly_eventually_history_incidence' depends on axioms: [propext,
 Classical.choice,
 Quot.sound]
'Erdos66FiniteHistoryIncidence.eventually_cubic_history_mass' depends on axioms: [propext, Classical.choice, Quot.sound]
'Erdos66FiniteHistoryIncidence.uniformly_eventually_cubic_history_incidence' depends on axioms: [propext,
 Classical.choice,
 Quot.sound]
'Erdos66BoundaryMarginAllowance.eventually_boundary_allowance' depends on axioms: [propext,
 Classical.choice,
 Quot.sound]
'Erdos66FiniteHistoryBatchClipping.exists_host_with_finite_history_batches' depends on axioms: [propext,
 Classical.choice,
 Quot.sound]
'Erdos66BracketWindowOccupancy.brackets_window_prefix_bound' depends on axioms: [propext, Classical.choice, Quot.sound]
'Erdos66BracketWindowOccupancy.brackets_log_window_bound' depends on axioms: [propext, Classical.choice, Quot.sound]
'Erdos66BracketWindowOccupancy.brackets_log_window_bound_subset' depends on axioms: [propext,
 Classical.choice,
 Quot.sound]
'Erdos66BracketOnlyRestoration.uniformly_eventually_rank_restoration' depends on axioms: [propext,
 Classical.choice,
 Quot.sound]
'Erdos66CenterCapBatchClipping.uniformly_eventually_batch_downward_clipping' depends on axioms: [propext,
 Classical.choice,
 Quot.sound]
'Erdos66FiniteHistoryRepresentation.history_hit_window' depends on axioms: [propext, Classical.choice, Quot.sound]
'Erdos66FiniteHistoryRepresentation.representation_after_history' depends on axioms: [propext,
 Classical.choice,
 Quot.sound]
'Erdos66QuarticHistoryBatchClipping.exists_host_with_quartic_history_batches' depends on axioms: [propext,
 Classical.choice,
 Quot.sound]
