'Erdos66FreshCurvePrefix.parabola_secant' depends on axioms: [propext, Classical.choice, Quot.sound]
'Erdos66FreshCurvePrefix.three_old_values' depends on axioms: [propext, Classical.choice, Quot.sound]
'Erdos66FreshCurvePrefix.mem_oldPlane' depends on axioms: [propext, Classical.choice, Quot.sound]
'Erdos66FreshCurvePrefix.arbitrary_old_fresh_curve_cap' depends on axioms: [propext, Classical.choice, Quot.sound]
'Erdos66FreshCurvePrefix.arbitrary_old_fresh_union_cap' depends on axioms: [propext, Classical.choice, Quot.sound]
'Erdos66FreshCurvePrefix.fresh_union_disjoint' depends on axioms: [propext, Classical.choice, Quot.sound]
'Erdos66FreshCurvePrefix.prescribed_old_slice' depends on axioms: [propext, Classical.choice, Quot.sound]
'Erdos66FreshCurvePrefix.prescribed_old_flatness' depends on axioms: [propext, Classical.choice, Quot.sound]
'Erdos66FreshOddExtension.old_target_forces_old_endpoint' depends on axioms: [propext, Classical.choice, Quot.sound]
'Erdos66FreshOddExtension.oldPlane_add' depends on axioms: [propext, Classical.choice, Quot.sound]
'Erdos66FreshOddExtension.oldPlane_sub' depends on axioms: [propext, Classical.choice, Quot.sound]
'Erdos66FreshOddExtension.old_pairCount_outside' depends on axioms: [propext, Classical.choice, Quot.sound]
'Erdos66FreshOddExtension.old_fresh_pairCount_inside' depends on axioms: [propext, Classical.choice, Quot.sound]
'Erdos66FreshOddExtension.freshParabolas_eq_biUnion' depends on axioms: [propext, Classical.choice, Quot.sound]
'Erdos66FreshOddExtension.freshParabolas_disjoint' depends on axioms: [propext, Classical.choice, Quot.sound]
'Erdos66FreshOddExtension.fresh_pairCount_inside' depends on axioms: [propext, Classical.choice, Quot.sound]
'Erdos66FreshOddExtension.prescribed_old_counts' depends on axioms: [propext, Classical.choice, Quot.sound]
'Erdos66FreshOddExtension.replacement_off_plane' depends on axioms: [propext, Classical.choice, Quot.sound]
'Erdos66FreshOddExtension.replacement_flat_new_targets' depends on axioms: [propext, Classical.choice, Quot.sound]
'Erdos66PrescribedOddFieldExtension.planeMap_pairCount' depends on axioms: [propext, Classical.choice, Quot.sound]
'Erdos66PrescribedOddFieldExtension.exists_prescribed_extension' depends on axioms: [propext,
 Classical.choice,
 Quot.sound]
'Erdos66CosetPrescribedExtension.exists_flat_prescribed_extension' depends on axioms: [propext,
 Classical.choice,
 Quot.sound]
'Erdos66NaturalBoundaryMixed.boundary_exact' depends on axioms: [propext, Classical.choice, Quot.sound]
'Erdos66NaturalBoundaryMixed.boundary_target_tendsto' depends on axioms: [propext, Quot.sound]
'Erdos66NaturalBoundaryMixed.boundary_mixed_limit' depends on axioms: [propext, Classical.choice, Quot.sound]
'Erdos66NaturalBoundaryMixed.no_sublog_boundary_cap' depends on axioms: [propext, Classical.choice, Quot.sound]
'Erdos66NaturalBoundaryMixed.root_log_ratio_tendsto_zero' depends on axioms: [propext, Classical.choice, Quot.sound]
'Erdos66NaturalBoundaryMixed.no_root_boundary_cap' depends on axioms: [propext, Classical.choice, Quot.sound]
