'Erdos66TranslatedGraphPartition.mem_graphSlice' depends on axioms: [propext, Classical.choice, Quot.sound]
'Erdos66TranslatedGraphPartition.graphSlice_disjoint' depends on axioms: [propext, Classical.choice, Quot.sound]
'Erdos66TranslatedGraphPartition.graphSlice_cover' depends on axioms: [propext, Classical.choice, Quot.sound]
'Erdos66TranslatedGraphPartition.graphSlice_card' depends on axioms: [propext, Classical.choice, Quot.sound]
'Erdos66TranslatedGraphPartition.sumCoeff_le' depends on axioms: [propext, Classical.choice, Quot.sound]
'Erdos66TranslatedGraphPartition.graphSlice_pairCount' depends on axioms: [propext, Classical.choice, Quot.sound]
'Erdos66TranslatedGraphPartition.graphSum_one' depends on axioms: [propext, Classical.choice, Quot.sound]
'Erdos66TranslatedGraphPartition.graphSum_fibers' depends on axioms: [propext, Classical.choice, Quot.sound]
'Erdos66TranslatedGraphPartition.graphSum_sq_le_energy' depends on axioms: [propext, Classical.choice, Quot.sound]
'Erdos66UniformGraphColorTransfer.graphSum_centered' depends on axioms: [propext, Classical.choice, Quot.sound]
'Erdos66UniformGraphColorTransfer.graphSum_error_sq' depends on axioms: [propext, Classical.choice, Quot.sound]
'Erdos66UniformGraphColorTransfer.exists_energy_budget' depends on axioms: [propext, Classical.choice, Quot.sound]
'Erdos66UniformGraphColorTransfer.exists_uniform_graph_budget' depends on axioms: [propext,
 Classical.choice,
 Quot.sound]
'Erdos66UniformGraphColorTransfer.mem_graphSet' depends on axioms: [propext, Classical.choice, Quot.sound]
'Erdos66UniformGraphColorTransfer.graphSet_pairCount' depends on axioms: [propext, Classical.choice, Quot.sound]
'Erdos66UniformGraphColorTransfer.exists_actual_uniform_graph_budget' depends on axioms: [propext,
 Classical.choice,
 Quot.sound]
'Erdos66QuarticGraph.sumPolynomial_eval' depends on axioms: [propext, Classical.choice, Quot.sound]
'Erdos66QuarticGraph.sumPolynomial_degree' depends on axioms: [propext, Classical.choice, Quot.sound]
'Erdos66QuarticGraph.sumPolynomial_ne_zero' depends on axioms: [propext, Classical.choice, Quot.sound]
'Erdos66QuarticGraph.polynomial_fiber_bound' depends on axioms: [propext, Classical.choice, Quot.sound]
'Erdos66QuarticGraph.quarticGraph_bounded' depends on axioms: [propext, Classical.choice, Quot.sound]
'Erdos66QuarticGraph.quarticGraph_no_reflection' depends on axioms: [propext, Classical.choice, Quot.sound]
'Erdos66EvenPolynomialGraph.reflectionPolynomial_degree' depends on axioms: [propext, Classical.choice, Quot.sound]
'Erdos66EvenPolynomialGraph.reflectionPolynomial_leading' depends on axioms: [propext, Classical.choice, Quot.sound]
'Erdos66EvenPolynomialGraph.even_polynomial_bounded' depends on axioms: [propext, Classical.choice, Quot.sound]
'Erdos66BoundedGraphInterpolation.exists_bounded_interpolant' depends on axioms: [propext, Classical.choice, Quot.sound]
'Erdos66AnchoredGraphColorTransfer.graphSet_eq_on_columns' depends on axioms: [propext, Classical.choice, Quot.sound]
'Erdos66AnchoredGraphColorTransfer.exists_later_anchored_graph' depends on axioms: [propext,
 Classical.choice,
 Quot.sound]
'Erdos66AnchoredGraphColorTransfer.constant_prescription_requires_budget' depends on axioms: [propext,
 Classical.choice,
 Quot.sound]
'Erdos66HistogramPatch.histogram_change_L1' depends on axioms: [propext, Classical.choice, Quot.sound]
'Erdos66HistogramPatch.histogram_change_L2' depends on axioms: [propext, Classical.choice, Quot.sound]
'Erdos66GraphPatch.sumCoeff_histogram' depends on axioms: [propext, Classical.choice, Quot.sound]
'Erdos66GraphPatch.reflectedPatch_card' depends on axioms: [propext, Classical.choice, Quot.sound]
'Erdos66GraphPatch.pairMap_eq_off_patch' depends on axioms: [propext, Classical.choice, Quot.sound]
'Erdos66GraphPatch.sumCoeff_patch_L1' depends on axioms: [propext, Classical.choice, Quot.sound]
'Erdos66GraphPatch.sumCoeff_patch_L2' depends on axioms: [propext, Classical.choice, Quot.sound]
'Erdos66GraphPatch.graphSum_patch_sq' depends on axioms: [propext, Classical.choice, Quot.sound]
'Erdos66GraphPatch.patched_graph_error_sq' depends on axioms: [propext, Classical.choice, Quot.sound]
'Erdos66GraphPatch.exists_patched_graph_budget' depends on axioms: [propext, Classical.choice, Quot.sound]
'Erdos66PatchedGraphSet.patch_on' depends on axioms: [propext, Quot.sound]
'Erdos66PatchedGraphSet.patch_off' depends on axioms: [propext, Quot.sound]
'Erdos66PatchedGraphSet.patched_graphSet_on' depends on axioms: [propext, Classical.choice, Quot.sound]
'Erdos66PatchedGraphSet.patched_graphSet_off' depends on axioms: [propext, Classical.choice, Quot.sound]
'Erdos66PatchedGraphSet.exists_actual_patched_graph_budget' depends on axioms: [propext, Classical.choice, Quot.sound]
