'Erdos66TwofoldFamily.familyMult' depends on axioms: [propext, Quot.sound]
'Erdos66TwofoldFamily.collisions' depends on axioms: [propext, Quot.sound]
'Erdos66TwofoldFamily.familyMult_pos_iff' depends on axioms: [propext, Classical.choice, Quot.sound]
'Erdos66TwofoldFamily.sum_indicators_eq_mult' depends on axioms: [propext, Classical.choice, Quot.sound]
'Erdos66TwofoldFamily.mult_decomposition' depends on axioms: [propext, Classical.choice, Quot.sound]
'Erdos66TwofoldFamily.sum_indicator' depends on axioms: [propext, Classical.choice, Quot.sound]
'Erdos66TwofoldFamily.sum_familyMult' depends on axioms: [propext, Classical.choice, Quot.sound]
'Erdos66TwofoldFamily.mass_correction' depends on axioms: [propext, Classical.choice, Quot.sound]
'Erdos66TwofoldFamily.representation_correction' depends on axioms: [propext, Classical.choice, Quot.sound]
'Erdos66TwofoldFamily.union_count_le_weighted' depends on axioms: [propext, Classical.choice, Quot.sound]
'Erdos66TwofoldFamily.collision_double_indicator' depends on axioms: [propext, Classical.choice, Quot.sound]
'Erdos66TwofoldFamily.sum_square_mult' depends on axioms: [propext, Classical.choice, Quot.sound]
'Erdos66TwofoldFamily.collision_mass_formula' depends on axioms: [propext, Classical.choice, Quot.sound]
'Erdos66InterceptCurve.value' depends on axioms: [propext, Classical.choice, Quot.sound]
'Erdos66InterceptCurve.point' depends on axioms: [propext, Classical.choice, Quot.sound]
'Erdos66InterceptCurve.point_injective' depends on axioms: [propext, Classical.choice, Quot.sound]
'Erdos66InterceptCurve.value_zero' depends on axioms: [propext, Classical.choice, Quot.sound]
'Erdos66InterceptCurve.value_collision' depends on axioms: [propext, Classical.choice, Quot.sound]
'Erdos66InterceptCurve.curve' depends on axioms: [propext, Classical.choice, Quot.sound]
'Erdos66InterceptCurve.curveUnion' depends on axioms: [propext, Classical.choice, Quot.sound]
'Erdos66InterceptCurve.multiplicity' depends on axioms: [propext, Classical.choice, Quot.sound]
'Erdos66InterceptCurve.mem_curve' depends on axioms: [propext, Classical.choice, Quot.sound]
'Erdos66InterceptCurve.mem_curveUnion' depends on axioms: [propext, Classical.choice, Quot.sound]
'Erdos66InterceptCurve.curveUnion_row_zero' depends on axioms: [propext, Classical.choice, Quot.sound]
'Erdos66InterceptCurve.curve_card' depends on axioms: [propext, Classical.choice, Quot.sound]
'Erdos66InterceptCurve.multiplicity_le_two' depends on axioms: [propext, Classical.choice, Quot.sound]
'Erdos66InterceptCurve.rootCount' depends on axioms: [propext, Classical.choice, Quot.sound]
'Erdos66InterceptCurve.weightedCount' depends on axioms: [propext, Classical.choice, Quot.sound]
'Erdos66InterceptCurve.rootCount_parabola' depends on axioms: [propext, Classical.choice, Quot.sound]
'Erdos66InterceptCurve.rootCount_formula' depends on axioms: [propext, Classical.choice, Quot.sound]
'Erdos66InterceptCurve.weightedCount_formula' depends on axioms: [propext, Classical.choice, Quot.sound]
'Erdos66InterceptCurve.weightedCount_error' depends on axioms: [propext, Classical.choice, Quot.sound]
'Erdos66InterceptCurve.curve_pairCount' depends on axioms: [propext, Classical.choice, Quot.sound]
'Erdos66InterceptCollisionCorrection.collisionSet' depends on axioms: [propext, Classical.choice, Quot.sound]
'Erdos66InterceptCollisionCorrection.familyMult_eq' depends on axioms: [propext, Classical.choice, Quot.sound]
'Erdos66InterceptCollisionCorrection.weighted_set_correction' depends on axioms: [propext, Classical.choice, Quot.sound]
'Erdos66InterceptCollisionCorrection.curve_union_mass' depends on axioms: [propext, Classical.choice, Quot.sound]
'Erdos66InterceptCollisionCorrection.curve_intersection_card' depends on axioms: [propext, Classical.choice, Quot.sound]
'Erdos66InterceptCollisionCorrection.curve_intersection_character' depends on axioms: [propext,
 Classical.choice,
 Quot.sound]
'Erdos66InterceptCollisionCorrection.intersection_formula' depends on axioms: [propext, Classical.choice, Quot.sound]
'Erdos66InterceptCollisionCorrection.collision_card_formula' depends on axioms: [propext, Classical.choice, Quot.sound]
'Erdos66InterceptCollisionCorrection.collision_card_le_square' depends on axioms: [propext,
 Classical.choice,
 Quot.sound]
'Erdos66InterceptUpperAndMass.sum_pairCount_real' depends on axioms: [propext, Classical.choice, Quot.sound]
'Erdos66InterceptUpperAndMass.deficit' depends on axioms: [propext, Classical.choice, Quot.sound]
'Erdos66InterceptUpperAndMass.deficit_nonneg' depends on axioms: [propext, Classical.choice, Quot.sound]
'Erdos66InterceptUpperAndMass.total_deficit_exact' depends on axioms: [propext, Classical.choice, Quot.sound]
'Erdos66InterceptUpperAndMass.total_deficit_le' depends on axioms: [propext, Classical.choice, Quot.sound]
'Erdos66InterceptUpperAndMass.actual_upper_from_weighted' depends on axioms: [propext, Classical.choice, Quot.sound]
'Erdos66InterceptUpperAndMass.actual_upper' depends on axioms: [propext, Classical.choice, Quot.sound]
'Erdos66InterceptUpperAndMass.total_absolute_error' depends on axioms: [propext, Classical.choice, Quot.sound]
'Erdos66InterceptPrefix.anchored' depends on axioms: [propext, Classical.choice, Quot.sound]
'Erdos66InterceptPrefix.anchored_row_zero' depends on axioms: [propext, Classical.choice, Quot.sound]
'Erdos66InterceptPrefix.anchored_pairCount' depends on axioms: [propext, Classical.choice, Quot.sound]
'Erdos66InterceptPrefix.encoded_prefix' depends on axioms: [propext, Classical.choice, Quot.sound]
'Erdos66InterceptPrefix.encoded_counts_below' depends on axioms: [propext, Classical.choice, Quot.sound]
'Erdos66InterceptCollisionExample.actual_count_two' depends on axioms: [propext, Classical.choice, Quot.sound]
'Erdos66InterceptCollisionExample.weighted_count_eight' depends on axioms: [propext, Classical.choice, Quot.sound]
