'Erdos66OldNewRepairSplit.selfMass_nonneg' depends on axioms: [propext, Classical.choice, Quot.sound]
'Erdos66OldNewRepairSplit.selfMass_le_card_sq' depends on axioms: [propext, Classical.choice, Quot.sound]
'Erdos66OldNewRepairSplit.increment_old_new_identity' depends on axioms: [propext, Classical.choice, Quot.sound]
'Erdos66OldNewRepairSplit.uniform_gain_old_new_bound' depends on axioms: [propext, Classical.choice, Quot.sound]
'Erdos66OldNewRepairSplit.old_degree_forces_self_mass' depends on axioms: [propext, Classical.choice, Quot.sound]
'Erdos66OldNewRepairSplit.negligible_old_incidence_forces_self_mass' depends on axioms: [propext,
 Classical.choice,
 Quot.sound]
'Erdos66OldNewRepairSplit.negligible_old_incidence_card_lower' depends on axioms: [propext,
 Classical.choice,
 Quot.sound]
'Erdos66OldNewRepairSplit.negligible_old_incidence_and_self_forces_empty' depends on axioms: [propext,
 Classical.choice,
 Quot.sound]
'Erdos66CompletionSelfMass.same_counting_completion_self_mass' depends on axioms: [propext,
 Classical.choice,
 Quot.sound]
'Erdos66CompletionSelfMass.same_counting_completion_card_lower' depends on axioms: [propext,
 Classical.choice,
 Quot.sound]
'Erdos66CompletionSelfMass.same_coefficient_completion_self_mass' depends on axioms: [propext,
 Classical.choice,
 Quot.sound]
'Erdos66CompletionSelfMass.same_coefficient_completion_frequent_self_peak' depends on axioms: [propext,
 Classical.choice,
 Quot.sound]
