'Erdos66QuadraticFieldLift.quad_card' depends on axioms: [propext, Classical.choice, Quot.sound]
'Erdos66QuadraticFieldLift.quad_char' depends on axioms: [propext, Classical.choice, Quot.sound]
'Erdos66QuadraticFieldLift.mem_liftCurve' depends on axioms: [propext, Classical.choice, Quot.sound]
'Erdos66QuadraticFieldLift.liftCurve_zero_slice' depends on axioms: [propext, Classical.choice, Quot.sound]
'Erdos66QuadraticFieldLift.curve_card' depends on axioms: [propext, Classical.choice, Quot.sound]
'Erdos66QuadraticFieldLift.liftCurve_card' depends on axioms: [propext, Classical.choice, Quot.sound]
'Erdos66QuadraticFieldLift.liftCurve_pairCount' depends on axioms: [propext, Classical.choice, Quot.sound]
'Erdos66QuadraticFieldLift.liftCurve_joint_cap' depends on axioms: [propext, Classical.choice, Quot.sound]
'Erdos66QuadraticFieldLift.liftCurve_mean' depends on axioms: [propext, Classical.choice, Quot.sound]
'Erdos66QuadraticExtensionCharacter.base_isSquare' depends on axioms: [propext, Classical.choice, Quot.sound]
'Erdos66QuadraticExtensionCharacter.base_quadraticChar' depends on axioms: [propext, Classical.choice, Quot.sound]
'Erdos66QuadraticExtensionCharacter.mapped_union_nonsquare_hole' depends on axioms: [propext,
 Classical.choice,
 Quot.sound]
'Erdos66QuadraticExtensionCharacter.mapped_root_double' depends on axioms: [propext, Classical.choice, Quot.sound]
'Erdos66QuadraticExtensionCharacter.mapped_union_double' depends on axioms: [propext, Classical.choice, Quot.sound]
'Erdos66QuadraticExtensionCharacter.quadratic_extension_hole' depends on axioms: [propext, Classical.choice, Quot.sound]
'Erdos66QuadraticLiftUnion.liftUnion_eq_image' depends on axioms: [propext, Classical.choice, Quot.sound]
'Erdos66QuadraticLiftUnion.liftUnion_zero_slice' depends on axioms: [propext, Classical.choice, Quot.sound]
'Erdos66QuadraticLiftUnion.liftUnion_pairCount' depends on axioms: [propext, Classical.choice, Quot.sound]
'Erdos66QuadraticLiftUnion.nonsquare_im_ne_zero' depends on axioms: [propext, Classical.choice, Quot.sound]
'Erdos66QuadraticLiftUnion.liftUnion_has_new_hole' depends on axioms: [propext, Classical.choice, Quot.sound]
'Erdos66QuadraticLiftUnion.liftUnion_old_target_double' depends on axioms: [propext, Classical.choice, Quot.sound]
'Erdos66QuadraticLiftUnion.not_relative_flat' depends on axioms: [propext, Classical.choice, Quot.sound]
