'Erdos66IntegerFiniteSwapAlgebra.pairCount_mono_right' depends on axioms: [propext, Quot.sound]
'Erdos66IntegerFiniteSwapAlgebra.swap_card' depends on axioms: [propext, Classical.choice, Quot.sound]
'Erdos66IntegerFiniteSwapAlgebra.upper_self_zero' depends on axioms: [propext, Quot.sound]
'Erdos66IntegerFiniteSwapAlgebra.deleted_center_zero' depends on axioms: [propext, Quot.sound]
'Erdos66IntegerFiniteSwapAlgebra.swap_center' depends on axioms: [propext, Classical.choice, Quot.sound]
'Erdos66IntegerFiniteSwapAlgebra.swap_error_bound' depends on axioms: [propext, Classical.choice, Quot.sound]
'Erdos66FiniteSwapSelection.image_mixed_le_hits' depends on axioms: [propext, Classical.choice, Quot.sound]
'Erdos66FiniteSwapSelection.exists_finite_swap' depends on axioms: [propext, Classical.choice, Quot.sound]
'Erdos66BracketOrderedExchange.inter_card_difference_between' depends on axioms: [propext, Classical.choice, Quot.sound]
'Erdos66BracketOrderedExchange.partial_prefix_difference_between' depends on axioms: [propext,
 Classical.choice,
 Quot.sound]
'Erdos66BracketOrderedExchange.partial_swap_count_between' depends on axioms: [propext, Classical.choice, Quot.sound]
'Erdos66BracketOrderedExchange.mass_indicator_eq_count' depends on axioms: [propext, Classical.choice, Quot.sound]
'Erdos66BracketOrderedExchange.partial_swap_brackets' depends on axioms: [propext, Classical.choice, Quot.sound]
'Erdos66BracketOrderedExchange.exists_bracket_exchange_cube' depends on axioms: [propext, Classical.choice, Quot.sound]
'Erdos66BracketSparseSwap.exists_bracket_preserving_sparse_swap' depends on axioms: [propext,
 Classical.choice,
 Quot.sound]
'Erdos66BracketRankMove.count_zero' depends on axioms: [propext, Classical.choice, Quot.sound]
'Erdos66BracketRankMove.count_succ' depends on axioms: [propext, Classical.choice, Quot.sound]
'Erdos66BracketRankMove.count_monotone' depends on axioms: [propext, Classical.choice, Quot.sound]
'Erdos66BracketRankMove.exists_point_at_rank' depends on axioms: [propext, Classical.choice, Quot.sound]
'Erdos66BracketRankMove.rankPoint_mem' depends on axioms: [propext, Classical.choice, Quot.sound]
'Erdos66BracketRankMove.rankPoint_count' depends on axioms: [propext, Classical.choice, Quot.sound]
'Erdos66BracketRankMove.rankPoint_strictMono' depends on axioms: [propext, Classical.choice, Quot.sound]
'Erdos66BracketRankMove.singleton_swap_difference' depends on axioms: [propext, Classical.choice, Quot.sound]
'Erdos66BracketRankMove.rank_move_brackets' depends on axioms: [propext, Classical.choice, Quot.sound]
'Erdos66BracketRankMove.omitted_point_admits_rank_move' depends on axioms: [propext, Classical.choice, Quot.sound]
'Erdos66SeparatedBracketMoves.delta_ne_zero_location' depends on axioms: [propext, Classical.choice, Quot.sound]
'Erdos66SeparatedBracketMoves.image_prefix_sum' depends on axioms: [propext, Classical.choice, Quot.sound]
'Erdos66SeparatedBracketMoves.family_swap_difference' depends on axioms: [propext, Classical.choice, Quot.sound]
'Erdos66SeparatedBracketMoves.sum_zero_or_single' depends on axioms: [propext, Classical.choice, Quot.sound]
'Erdos66SeparatedBracketMoves.family_brackets' depends on axioms: [propext, Classical.choice, Quot.sound]
'Erdos66RankCellExchange.rankPoint_mass_bounds' depends on axioms: [propext, Classical.choice, Quot.sound]
'Erdos66RankCellExchange.cell_mono' depends on axioms: [propext, Classical.choice, Quot.sound]
'Erdos66RankCellExchange.cell_lower' depends on axioms: [propext, Classical.choice, Quot.sound]
'Erdos66RankCellExchange.cell_upper' depends on axioms: [propext, Classical.choice, Quot.sound]
'Erdos66RankCellExchange.cell_moves_separated' depends on axioms: [propext, Classical.choice, Quot.sound]
'Erdos66RankCellExchange.rank_family_brackets' depends on axioms: [propext, Classical.choice, Quot.sound]
