'Erdos66BernoulliVariance.scalar_centered_mgf' depends on axioms: [propext, Classical.choice, Quot.sound]
'Erdos66BernoulliVariance.centered_mgf_variance' depends on axioms: [propext, Classical.choice, Quot.sound]
'Erdos66BernoulliVariance.exists_summed_variance_bound' depends on axioms: [propext, Classical.choice, Quot.sound]
'Erdos66RefreshAlgebra.blend_bounds' depends on axioms: [propext, Classical.choice, Quot.sound]
'Erdos66RefreshAlgebra.pairConv_comm' depends on axioms: [propext, Classical.choice, Quot.sound]
'Erdos66RefreshAlgebra.pairConv_add_scaled_self' depends on axioms: [propext, Classical.choice, Quot.sound]
'Erdos66RefreshAlgebra.pairConv_bits' depends on axioms: [propext, Classical.choice, Quot.sound]
'Erdos66RefreshAlgebra.refresh_mean' depends on axioms: [propext, Classical.choice, Quot.sound]
'Erdos66RefreshAlgebra.pairConv_restriction' depends on axioms: [propext, Classical.choice, Quot.sound]
'Erdos66RefreshAlgebra.expect_rep' depends on axioms: [propext, Classical.choice, Quot.sound]
'Erdos66RefreshAlgebra.refresh_quadratic_mean' depends on axioms: [propext, Classical.choice, Quot.sound]
'Erdos66RefreshAlgebra.scalar_blend_variance' depends on axioms: [propext, Classical.choice, Quot.sound]
'Erdos66RefreshAlgebra.refresh_diag_bounds' depends on axioms: [propext, Classical.choice, Quot.sound]
'Erdos66RefreshAlgebra.refresh_mean_contraction' depends on axioms: [propext, Classical.choice, Quot.sound]
'Erdos66RepVariance.repVarianceProxy_nonneg' depends on axioms: [propext, Classical.choice, Quot.sound]
'Erdos66RepVariance.repVarianceProxy_le_mean' depends on axioms: [propext, Classical.choice, Quot.sound]
'Erdos66RepVariance.rep_variance_mgf' depends on axioms: [propext, Classical.choice, Quot.sound]
'Erdos66RepVariance.exists_rep_variance_bound' depends on axioms: [propext, Classical.choice, Quot.sound]
'Erdos66RefreshVariance.pair_survival' depends on axioms: [propext, Classical.choice, Quot.sound]
'Erdos66RefreshVariance.variance_binary_comparison' depends on axioms: [propext, Classical.choice, Quot.sound]
'Erdos66RefreshVariance.refresh_variance_mean_bound' depends on axioms: [propext, Classical.choice, Quot.sound]
'Erdos66RefreshVariance.refresh_variance_bound' depends on axioms: [propext, Classical.choice, Quot.sound]
'Erdos66RefreshVariance.exists_refresh' depends on axioms: [propext, Classical.choice, Quot.sound]
'Erdos66HarmonicRefresh.bit_decide_indicator' depends on axioms: [propext, Classical.choice, Quot.sound]
'Erdos66HarmonicRefresh.selected_prefix_count' depends on axioms: [propext, Classical.choice, Quot.sound]
'Erdos66HarmonicRefresh.mixed_profile' depends on axioms: [propext, Classical.choice, Quot.sound]
'Erdos66HarmonicRefresh.harmonic_refresh_variance' depends on axioms: [propext, Classical.choice, Quot.sound]
'Erdos66HarmonicRefresh.exists_harmonic_refresh' depends on axioms: [propext, Classical.choice, Quot.sound]
'Erdos66RefreshBudget.dyadic_budget_forces_exponent' depends on axioms: [propext, Classical.choice, Quot.sound]
'Erdos66RefreshBudget.refresh_budget_tradeoff' depends on axioms: [propext, Classical.choice, Quot.sound]
'Erdos66RefreshBudget.no_small_error_certified_refresh' depends on axioms: [propext, Classical.choice, Quot.sound]
'Erdos66BalancedRepVariance.exists_prefix_balanced_variance_bound' depends on axioms: [propext,
 Classical.choice,
 Quot.sound]
'Erdos66BalancedHarmonicRefresh.prefix_refresh_invariant' depends on axioms: [propext, Classical.choice, Quot.sound]
'Erdos66BalancedHarmonicRefresh.exists_balanced_harmonic_refresh' depends on axioms: [propext,
 Classical.choice,
 Quot.sound]
