'Erdos66OneSidedMoment.finite_second_moment' depends on axioms: [propext, Classical.choice, Quot.sound]
'Erdos66OneSidedMoment.second_moment_limit_of_one_sided_bound' depends on axioms: [propext,
 Classical.choice,
 Quot.sound]
'Erdos66PrefixAbelComparison.prefix_eq_convolution' depends on axioms: [propext, Classical.choice, Quot.sound]
'Erdos66PrefixAbelComparison.summable_prefix' depends on axioms: [propext, Classical.choice, Quot.sound]
'Erdos66PrefixAbelComparison.series_prefix' depends on axioms: [propext, Classical.choice, Quot.sound]
'Erdos66PrefixAbelComparison.series_le_of_prefix_le' depends on axioms: [propext, Classical.choice, Quot.sound]
'Erdos66PrefixAbelComparison.harmonic_prefix_formula' depends on axioms: [propext, Classical.choice, Quot.sound]
'Erdos66PrefixAbelComparison.harmonic_prefix_limit' depends on axioms: [propext, Classical.choice, Quot.sound]
'Erdos66PrefixAbelComparison.prefix_domination_of_small_energy' depends on axioms: [propext,
 Classical.choice,
 Quot.sound]
'Erdos66PrefixAbelComparison.abel_zero_of_prefix_limit' depends on axioms: [propext, Classical.choice, Quot.sound]
'Erdos66SharpCapRoundingObstruction.harmonic_error_log_limit' depends on axioms: [propext, Classical.choice, Quot.sound]
'Erdos66SharpCapRoundingObstruction.no_bounded_upper_error' depends on axioms: [propext, Classical.choice, Quot.sound]
'Erdos66SharpCapRoundingObstruction.no_bounded_lower_error' depends on axioms: [propext, Classical.choice, Quot.sound]
'Erdos66SharpCapRoundingObstruction.global_upper_of_eventual' depends on axioms: [propext, Classical.choice, Quot.sound]
'Erdos66SharpCapRoundingObstruction.upper_error_frequently_large' depends on axioms: [propext,
 Classical.choice,
 Quot.sound]
'Erdos66SharpCapRoundingObstruction.profile_tendsto_zero' depends on axioms: [propext, Classical.choice, Quot.sound]
'Erdos66SharpCapRoundingObstruction.profile_prefix_mean_zero' depends on axioms: [propext, Classical.choice, Quot.sound]
'Erdos66SharpCapRoundingObstruction.balanced_representation_mean_zero' depends on axioms: [propext,
 Classical.choice,
 Quot.sound]
'Erdos66SharpCapRoundingObstruction.limit_eq_one_of_small_signed_mean' depends on axioms: [propext,
 Classical.choice,
 Quot.sound]
'Erdos66SharpCapRoundingObstruction.bounded_rounding_sharp_cap_no_limit' depends on axioms: [propext,
 Classical.choice,
 Quot.sound]
'Erdos66SharpCapRoundingObstruction.bounded_rounding_sharp_cap_no_finite_limit' depends on axioms: [propext,
 Classical.choice,
 Quot.sound]
