'Erdos66AntitonePairIntervals.active' depends on axioms: [propext, Classical.choice, Quot.sound]
'Erdos66AntitonePairIntervals.mem_active' depends on axioms: [propext, Classical.choice, Quot.sound]
'Erdos66AntitonePairIntervals.active_convex' depends on axioms: [propext, Classical.choice, Quot.sound]
'Erdos66AntitonePairIntervals.active_eq_interval' depends on axioms: [propext, Classical.choice, Quot.sound]
'Erdos66AntitonePairIntervals.halfSupport' depends on axioms: [propext, Classical.choice, Quot.sound]
'Erdos66AntitonePairIntervals.active_mem_halfSupport' depends on axioms: [propext, Classical.choice, Quot.sound]
'Erdos66AntitonePairIntervals.active_empty_off_halfSupport' depends on axioms: [propext, Classical.choice, Quot.sound]
'Erdos66AntitonePairIntervals.halfSupport_card_le' depends on axioms: [propext, Classical.choice, Quot.sound]
'Erdos66ShortOrbitCarry.phasedRows' depends on axioms: [propext, Classical.choice, Quot.sound]
'Erdos66ShortOrbitCarry.hit' depends on axioms: [propext, Classical.choice, Quot.sound]
'Erdos66ShortOrbitCarry.IntervalBound' depends on axioms: [propext, Classical.choice, Quot.sound]
'Erdos66ShortOrbitCarry.phasedRows_zero' depends on axioms: [propext, Classical.choice, Quot.sound]
'Erdos66ShortOrbitCarry.lower_eq_prefix' depends on axioms: [propext, Classical.choice, Quot.sound]
'Erdos66ShortOrbitCarry.lower_phased_sum' depends on axioms: [propext, Classical.choice, Quot.sound]
'Erdos66ShortOrbitCarry.lower_sum_eq_active' depends on axioms: [propext, Classical.choice, Quot.sound]
'Erdos66ShortOrbitCarry.count_sum_eq_active' depends on axioms: [propext, Classical.choice, Quot.sound]
'Erdos66ShortOrbitCarry.active_orbit_error' depends on axioms: [propext, Classical.choice, Quot.sound]
'Erdos66ShortOrbitCarry.lower_short_orbit_error' depends on axioms: [propext, Classical.choice, Quot.sound]
'Erdos66ShortOrbitNatural.phased_pairCount' depends on axioms: [propext, Classical.choice, Quot.sound]
'Erdos66ShortOrbitNatural.upper_short_orbit_error' depends on axioms: [propext, Classical.choice, Quot.sound]
'Erdos66ShortOrbitNatural.intervalBound_mono' depends on axioms: [propext, Classical.choice, Quot.sound]
'Erdos66ShortOrbitNatural.phaseMass' depends on axioms: [propext, Classical.choice, Quot.sound]
'Erdos66ShortOrbitNatural.halfMass' depends on axioms: [propext, Classical.choice, Quot.sound]
'Erdos66ShortOrbitNatural.natural_short_orbit_error' depends on axioms: [propext, Classical.choice, Quot.sound]
'Erdos66QuadraticRotationApprox.sqrt_two_rat_lower' depends on axioms: [propext, Classical.choice, Quot.sound]
'Erdos66QuadraticRotationApprox.exists_comparable_approx' depends on axioms: [propext, Classical.choice, Quot.sound]
'Erdos66HermiteFloor.sum_int_div_block' depends on axioms: [propext, Classical.choice, Quot.sound]
'Erdos66HermiteFloor.sum_floor_grid' depends on axioms: [propext, Classical.choice, Quot.sound]
'Erdos66RationalRotationGrid.sum_zmod_range' depends on axioms: [propext, Classical.choice, Quot.sound]
'Erdos66RationalRotationGrid.rat_mul_mod_decomposition' depends on axioms: [propext, Classical.choice, Quot.sound]
'Erdos66RationalRotationGrid.rational_orbit_sum' depends on axioms: [propext, Classical.choice, Quot.sound]
'Erdos66RationalRotationGrid.rational_floor_difference' depends on axioms: [propext, Classical.choice, Quot.sound]
'Erdos66RotationFloorPerturbation.rotationSum' depends on axioms: [propext, Classical.choice, Quot.sound]
'Erdos66RotationFloorPerturbation.rotationSum_add' depends on axioms: [propext, Classical.choice, Quot.sound]
'Erdos66RotationFloorPerturbation.rotationSum_zero' depends on axioms: [propext, Classical.choice, Quot.sound]
'Erdos66RotationFloorPerturbation.floor_diff_error' depends on axioms: [propext, Classical.choice, Quot.sound]
'Erdos66RotationFloorPerturbation.rational_rotation_error' depends on axioms: [propext, Classical.choice, Quot.sound]
'Erdos66RotationFloorPerturbation.rational_block_perturbation' depends on axioms: [propext,
 Classical.choice,
 Quot.sound]
'Erdos66RotationFloorPerturbation.block_error_of_approximation' depends on axioms: [propext,
 Classical.choice,
 Quot.sound]
'Erdos66ShortRotationLogBound.exists_good_rotation_block' depends on axioms: [propext, Classical.choice, Quot.sound]
'Erdos66ShortRotationLogBound.rotation_log_bound' depends on axioms: [propext, Classical.choice, Quot.sound]
'Erdos66DiscreteRotationBridge.ediv_difference' depends on axioms: [propext, Classical.choice, Quot.sound]
'Erdos66DiscreteRotationBridge.hit_floor' depends on axioms: [propext, Classical.choice, Quot.sound]
'Erdos66DiscreteRotationBridge.hit_range_eq_rotationSum' depends on axioms: [propext, Classical.choice, Quot.sound]
'Erdos66DiscreteRotationBridge.hit_add' depends on axioms: [propext, Classical.choice, Quot.sound]
'Erdos66DiscreteRotationBridge.phaseInteger' depends on axioms: [propext, Classical.choice, Quot.sound]
'Erdos66DiscreteRotationBridge.phase' depends on axioms: [propext, Classical.choice, Quot.sound]
'Erdos66DiscreteRotationBridge.slope_error' depends on axioms: [propext, Classical.choice, Quot.sound]
'Erdos66DiscreteRotationBridge.slope_near' depends on axioms: [propext, Classical.choice, Quot.sound]
'Erdos66DiscreteRotationBridge.phase_intervalBound' depends on axioms: [propext, Classical.choice, Quot.sound]
'Erdos66ExplicitPhaseCarry.explicit_natural_carry' depends on axioms: [propext, Classical.choice, Quot.sound]
