FiniteSwapAlgebraExplore

NaturalSymmetricPacketExplore

PointwiseCapBlockingExplore

BufferedCapSpliceExplore

BufferedCapSpliceAudit
'Erdos66BufferedCapSplice.exists_capped_splice' depends on axioms: [propext, Classical.choice, Quot.sound]
Submission/BufferedCapSpliceAudit.lean:2:0: warning: This file has no module docstring (`/-! ... -/`). Add one after the imports to document the file.

Note: This linter can be disabled with `set_option linter.style.moduleDocstring false`
'Erdos66BufferedCapSplice.normalized_limit_of_agree_above' depends on axioms: [propext, Classical.choice, Quot.sound]
'Erdos66BufferedCapSplice.sumRep_abs_sub_le_of_agree_above' depends on axioms: [propext, Classical.choice, Quot.sound]

PredecessorPacketRepairExplore
Submission/PredecessorPacketRepairExplore.lean:18:0: warning: automatically included section variable(s) unused in theorem `Erdos66PredecessorPacketRepair.image_pairs_le_hits`:
  [Fintype α]
consider restructuring your `variable` declarations so that the variables are not in scope or explicitly omit them:
  omit [Fintype α] in theorem ...

Note: This linter can be disabled with `set_option linter.unusedSectionVars false`
Submission/PredecessorPacketRepairExplore.lean:67:0: warning: automatically included section variable(s) unused in theorem `Erdos66PredecessorPacketRepair.endpoint_image`:
  [Fintype α]
  [Nonempty α]
consider restructuring your `variable` declarations so that the variables are not in scope or explicitly omit them:
  omit [Fintype α] [Nonempty α] in theorem ...

Note: This linter can be disabled with `set_option linter.unusedSectionVars false`

LocatedPredecessorPacketExplore

PredecessorCandidateDegreeExplore
Submission/PredecessorCandidateDegreeExplore.lean:41:32: warning: This simp argument is unused:
  Finset.mem_univ

Hint: Omit it from the simp argument list.
  simp only [Finset.mem_filter, F̵i̵n̵s̵e̵t̵.̵m̵e̵m̵_̵u̵n̵i̵v̵,̵ ̵true_and, T, hmem a]

Note: This linter can be disabled with `set_option linter.unusedSimpArgs false`
Submission/PredecessorCandidateDegreeExplore.lean:29:111: warning: Used `tac1 <;> tac2` where `(tac1; tac2)` would suffice

Note: This linter can be disabled with `set_option linter.unnecessarySeqFocus false`
Submission/PredecessorCandidateDegreeExplore.lean:129:84: warning: Used `tac1 <;> tac2` where `(tac1; tac2)` would suffice

Note: This linter can be disabled with `set_option linter.unnecessarySeqFocus false`
Submission/PredecessorCandidateDegreeExplore.lean:136:51: warning: Used `tac1 <;> tac2` where `(tac1; tac2)` would suffice

Note: This linter can be disabled with `set_option linter.unnecessarySeqFocus false`
Submission/PredecessorCandidateDegreeExplore.lean:143:84: warning: Used `tac1 <;> tac2` where `(tac1; tac2)` would suffice

Note: This linter can be disabled with `set_option linter.unnecessarySeqFocus false`
Submission/PredecessorCandidateDegreeExplore.lean:150:43: warning: Used `tac1 <;> tac2` where `(tac1; tac2)` would suffice

Note: This linter can be disabled with `set_option linter.unnecessarySeqFocus false`

IntervalPredecessorRepairExplore
Submission/IntervalPredecessorRepairExplore.lean:78:4: warning: This simp argument is unused:
  Bool.not_false

Hint: Omit it from the simp argument list.
  simp only [endpoint, Bool.false_eq_true, Bool.true_eq_false,
      Bool.not_f̵a̵l̵s̵e̵,̵ ̵B̵o̵o̵l̵.̵n̵o̵t_̵t̵rue, ↓reduceIte] at he ⊢

Note: This linter can be disabled with `set_option linter.unusedSimpArgs false`
Submission/IntervalPredecessorRepairExplore.lean:78:20: warning: This simp argument is unused:
  Bool.not_true

Hint: Omit it from the simp argument list.
  simp only [endpoint, Bool.false_eq_true, Bool.true_eq_false,
      Bool.not_false, B̵o̵o̵l̵.̵n̵o̵t̵_̵t̵r̵u̵e̵,̵ ̵↓reduceIte] at he ⊢

Note: This linter can be disabled with `set_option linter.unusedSimpArgs false`
Submission/IntervalPredecessorRepairExplore.lean:125:42: warning: Used `tac1 <;> tac2` where `(tac1; tac2)` would suffice

Note: This linter can be disabled with `set_option linter.unnecessarySeqFocus false`

LocatedIntervalPredecessorExplore
Submission/LocatedIntervalPredecessorExplore.lean:57:42: warning: Used `tac1 <;> tac2` where `(tac1; tac2)` would suffice

Note: This linter can be disabled with `set_option linter.unnecessarySeqFocus false`

PredecessorCutoffTransferExplore

PredecessorScaleBudgetExplore
Submission/PredecessorScaleBudgetExplore.lean:59:24: warning: unused variable `hG`

Note: This linter can be disabled with `set_option linter.unusedVariables false`

GlobalPredecessorRepairExplore

SeparatedPredecessorStateExplore

SeparatedPredecessorSpikesExplore

CountPreservingPowerSpikesExplore

TailCapBlockingExplore

FiniteExchangeCapExplore

MaximalCapWithHolesExplore

LogarithmicMaximalCapExplore

LogarithmicFiniteExchangeExplore

FiniteExchangeCapAudit
'Erdos66TailCapBlocking.exists_tail_blocking_extension' depends on axioms: [propext, Classical.choice, Quot.sound]
'Erdos66FiniteExchangeCap.exists_extension' depends on axioms: [propext, Classical.choice, Quot.sound]
'Erdos66FiniteExchangeCap.step_spec' depends on axioms: [propext, Classical.choice, Quot.sound]
'Erdos66FiniteExchangeCap.exists_schedule_late' depends on axioms: [propext, Classical.choice, Quot.sound]
'Erdos66FiniteExchangeCap.states_step' depends on axioms: [propext, Classical.choice, Quot.sound]
'Erdos66FiniteExchangeCap.cutoff_ge' depends on axioms: [propext, Classical.choice, Quot.sound]
'Erdos66FiniteExchangeCap.mem_stable' depends on axioms: [propext, Classical.choice, Quot.sound]
'Erdos66FiniteExchangeCap.rigidSet_mem' depends on axioms: [propext, Classical.choice, Quot.sound]
'Erdos66FiniteExchangeCap.states_subset_rigidSet' depends on axioms: [propext, Classical.choice, Quot.sound]
'Erdos66FiniteExchangeCap.rigidSet_rep' depends on axioms: [propext, Classical.choice, Quot.sound]
'Erdos66FiniteExchangeCap.rigidSet_capped' depends on axioms: [propext, Classical.choice, Quot.sound]
'Erdos66FiniteExchangeCap.rigidSet_tail_certificate' depends on axioms: [propext, Classical.choice, Quot.sound]
'Erdos66FiniteExchangeCap.rigidSet_finite_deletion_rigidity' depends on axioms: [propext, Classical.choice, Quot.sound]
'Erdos66FiniteExchangeCap.rigidSet_maximal' depends on axioms: [propext, Classical.choice, Quot.sound]
'Erdos66FiniteExchangeCap.rigidSet_holes' depends on axioms: [propext, Classical.choice, Quot.sound]
'Erdos66FiniteExchangeCap.rigidSet_peaks' depends on axioms: [propext, Classical.choice, Quot.sound]
'Erdos66FiniteExchangeCap.exists_finitely_rigid_with_holes_and_peaks' depends on axioms: [propext,
 Classical.choice,
 Quot.sound]
'Erdos66LogarithmicFiniteExchange.representation_le_of_finite_deletion' depends on axioms: [propext,
 Classical.choice,
 Quot.sound]
'Erdos66LogarithmicFiniteExchange.finite_exchange_additions_are_old' depends on axioms: [propext,
 Classical.choice,
 Quot.sound]
'Erdos66LogarithmicFiniteExchange.exists_finitely_rigid_log_cap_without_limit' depends on axioms: [propext,
 Classical.choice,
 Quot.sound]
'Erdos66LogarithmicFiniteExchange.exists_all_finite_exchanges_blocked' depends on axioms: [propext,
 Classical.choice,
 Quot.sound]

IntervalPredecessorAxiomCheck
'Erdos66IntervalPredecessorRepair.natural_window_bound' depends on axioms: [propext, Classical.choice, Quot.sound]
'Erdos66IntervalPredecessorRepair.endpoint_cells_separated' depends on axioms: [propext, Classical.choice, Quot.sound]
'Erdos66IntervalPredecessorRepair.exists_interval_predecessor_repair' depends on axioms: [propext,
 Classical.choice,
 Quot.sound]

MaximalLogCapAudit
'Erdos66PointwiseCapBlocking.blocked_excludes' depends on axioms: [propext, Classical.choice, Quot.sound]
'Erdos66PointwiseCapBlocking.rep_zero_of_upper' depends on axioms: [propext, Classical.choice, Quot.sound]
'Erdos66PointwiseCapBlocking.exists_blocking_extension' depends on axioms: [propext, Classical.choice, Quot.sound]
'Erdos66MaximalCapWithHoles.exists_extension' depends on axioms: [propext, Classical.choice, Quot.sound]
'Erdos66MaximalCapWithHoles.step_spec' depends on axioms: [propext, Classical.choice, Quot.sound]
'Erdos66MaximalCapWithHoles.states_step' depends on axioms: [propext, Classical.choice, Quot.sound]
'Erdos66MaximalCapWithHoles.cutoff_ge' depends on axioms: [propext, Classical.choice, Quot.sound]
'Erdos66MaximalCapWithHoles.mem_stable' depends on axioms: [propext, Classical.choice, Quot.sound]
'Erdos66MaximalCapWithHoles.maximalSet_mem' depends on axioms: [propext, Classical.choice, Quot.sound]
'Erdos66MaximalCapWithHoles.states_subset_maximalSet' depends on axioms: [propext, Classical.choice, Quot.sound]
'Erdos66MaximalCapWithHoles.maximalSet_rep' depends on axioms: [propext, Classical.choice, Quot.sound]
'Erdos66MaximalCapWithHoles.maximalSet_capped' depends on axioms: [propext, Classical.choice, Quot.sound]
'Erdos66MaximalCapWithHoles.maximalSet_maximal' depends on axioms: [propext, Classical.choice, Quot.sound]
'Erdos66MaximalCapWithHoles.maximalSet_holes' depends on axioms: [propext, Classical.choice, Quot.sound]
'Erdos66MaximalCapWithHoles.maximalSet_peaks' depends on axioms: [propext, Classical.choice, Quot.sound]
'Erdos66MaximalCapWithHoles.exists_maximal_with_holes_and_peaks' depends on axioms: [propext,
 Classical.choice,
 Quot.sound]
'Erdos66LogarithmicMaximalCap.logCap_error' depends on axioms: [propext, Classical.choice, Quot.sound]
'Erdos66LogarithmicMaximalCap.logCap_top' depends on axioms: [propext, Classical.choice, Quot.sound]
'Erdos66LogarithmicMaximalCap.logCap_ratio' depends on axioms: [propext, Classical.choice, Quot.sound]
'Erdos66LogarithmicMaximalCap.subquartic_of_log_ratio' depends on axioms: [propext, Classical.choice, Quot.sound]
'Erdos66LogarithmicMaximalCap.holes_peaks_no_limit' depends on axioms: [propext, Classical.choice, Quot.sound]
'Erdos66LogarithmicMaximalCap.exists_maximal_log_cap_without_limit' depends on axioms: [propext,
 Classical.choice,
 Quot.sound]

SparseOrderedSwapExplore

ReflectionSwapCandidatesExplore

OrderedSwapAxiomCheck
'Erdos66OrderedPartialReplacement.partial_prefix_difference_le' depends on axioms: [propext,
 Classical.choice,
 Quot.sound]
'Erdos66OrderedPartialReplacement.exists_ordered_swap_family' depends on axioms: [propext, Classical.choice, Quot.sound]
'Erdos66FiniteSwapAlgebra.sumRep_swapped_upper' depends on axioms: [propext, Classical.choice, Quot.sound]
'Erdos66FiniteSwapAlgebra.sumRep_swapped_lower' depends on axioms: [propext, Classical.choice, Quot.sound]
'Erdos66FiniteSwapAlgebra.swapped_target_exact' depends on axioms: [propext, Classical.choice, Quot.sound]
'Erdos66SparseOrderedSwap.exists_sparse_ordered_swap' depends on axioms: [propext, Classical.choice, Quot.sound]
'Erdos66ReflectionSwapCandidates.exists_reflection_swap_candidates' depends on axioms: [propext,
 Classical.choice,
 Quot.sound]

PredecessorDegreeAxiomCheck
'Erdos66PredecessorCandidateDegree.predecessor_hit_card' depends on axioms: [propext, Classical.choice, Quot.sound]
'Erdos66PredecessorCandidateDegree.endpoint_fiber_bound' depends on axioms: [propext, Classical.choice, Quot.sound]
'Erdos66PredecessorCandidateDegree.predecessor_candidate_degrees' depends on axioms: [propext,
 Classical.choice,
 Quot.sound]

PredecessorRepairAxiomCheck
'Erdos66BoundedFiberSelection.bounded_fiber_indicator_bound' depends on axioms: [propext, Classical.choice, Quot.sound]
'Erdos66BoundedFiberSelection.exists_avoid_bounded_fibers_and_small_hits' depends on axioms: [propext,
 Classical.choice,
 Quot.sound]
'Erdos66CellSidonSelection.exists_cell_sidon_avoid_and_hits' depends on axioms: [propext, Classical.choice, Quot.sound]
'Erdos66NaturalSymmetricPacket.natPacket_off_center' depends on axioms: [propext, Classical.choice, Quot.sound]
'Erdos66NaturalSymmetricPacket.swapped_symmetric_target' depends on axioms: [propext, Classical.choice, Quot.sound]
'Erdos66PredecessorPacketRepair.exists_predecessor_packet_repair' depends on axioms: [propext,
 Classical.choice,
 Quot.sound]

PredecessorRepairFullAxiomCheck
'Erdos66ProfileLowerGap.profile_square_lower' depends on axioms: [propext, Classical.choice, Quot.sound]
'Erdos66ProfileLowerGap.interval_nonempty_of_length' depends on axioms: [propext, Classical.choice, Quot.sound]
'Erdos66PredecessorCell.predecessor_gap_of_profile' depends on axioms: [propext, Classical.choice, Quot.sound]
'Erdos66PredecessorCell.predecessor_swap_prefix' depends on axioms: [propext, Classical.choice, Quot.sound]
'Erdos66BoundedFiberSelection.bounded_fiber_indicator_bound' depends on axioms: [propext, Classical.choice, Quot.sound]
'Erdos66BoundedFiberSelection.exists_avoid_bounded_fibers_and_small_hits' depends on axioms: [propext,
 Classical.choice,
 Quot.sound]
'Erdos66CellSidonSelection.exists_cell_sidon_avoid_and_hits' depends on axioms: [propext, Classical.choice, Quot.sound]
'Erdos66NaturalSymmetricPacket.swapped_symmetric_target' depends on axioms: [propext, Classical.choice, Quot.sound]
'Erdos66PredecessorPacketRepair.exists_predecessor_packet_repair' depends on axioms: [propext,
 Classical.choice,
 Quot.sound]
'Erdos66PredecessorCandidateDegree.predecessor_candidate_degrees' depends on axioms: [propext,
 Classical.choice,
 Quot.sound]
'Erdos66IntervalPredecessorRepair.exists_interval_predecessor_repair' depends on axioms: [propext,
 Classical.choice,
 Quot.sound]
'Erdos66PredecessorRepairParameters.eventually_predecessor_selection_small' depends on axioms: [propext,
 Classical.choice,
 Quot.sound]

SeparatedPredecessorAudit
'Erdos66LocatedPredecessorPacket.exists_predecessor_packet_repair_located' depends on axioms: [propext,
 Classical.choice,
 Quot.sound]
'Erdos66LocatedIntervalPredecessor.exists_located_interval_predecessor_repair' depends on axioms: [propext,
 Classical.choice,
 Quot.sound]
'Erdos66PredecessorCutoffTransfer.predecessor_congr_below' depends on axioms: [propext, Classical.choice, Quot.sound]
'Erdos66PredecessorCutoffTransfer.predecessor_cutoff' depends on axioms: [propext, Classical.choice, Quot.sound]
'Erdos66PredecessorCutoffTransfer.swap_mem_outside' depends on axioms: [propext, Classical.choice, Quot.sound]
'Erdos66PredecessorCutoffTransfer.swap_count_after' depends on axioms: [propext, Classical.choice, Quot.sound]
'Erdos66PredecessorCutoffTransfer.sumRep_union_finset' depends on axioms: [propext, Classical.choice, Quot.sound]
'Erdos66PredecessorCutoffTransfer.swap_rep_error' depends on axioms: [propext, Classical.choice, Quot.sound]
'Erdos66PredecessorCutoffTransfer.cutoff_swap_rep' depends on axioms: [propext, Classical.choice, Quot.sound]
'Erdos66PredecessorCutoffTransfer.cutoff_rep' depends on axioms: [propext, Classical.choice, Quot.sound]
'Erdos66PredecessorCutoffTransfer.cutoff_rep_zero' depends on axioms: [propext, Classical.choice, Quot.sound]
'Erdos66PredecessorCutoffTransfer.cutoff_envelope' depends on axioms: [propext, Classical.choice, Quot.sound]
'Erdos66PredecessorScaleBudget.eventually_gap_bounds' depends on axioms: [propext, Classical.choice, Quot.sound]
'Erdos66PredecessorScaleBudget.polynomial_cutoff_log' depends on axioms: [propext, Classical.choice, Quot.sound]
'Erdos66PredecessorScaleBudget.degree_budget' depends on axioms: [propext, Classical.choice, Quot.sound]
'Erdos66PredecessorScaleBudget.finite_profile_envelope' depends on axioms: [propext, Classical.choice, Quot.sound]
'Erdos66GlobalPredecessorRepair.eventually_global_predecessor_repair' depends on axioms: [propext,
 Classical.choice,
 Quot.sound]
'Erdos66SeparatedPredecessorState.weight_pos' depends on axioms: [propext, Classical.choice, Quot.sound]
'Erdos66SeparatedPredecessorState.weight_step' depends on axioms: [propext, Classical.choice, Quot.sound]
'Erdos66SeparatedPredecessorState.weight_zero' depends on axioms: [propext, Classical.choice, Quot.sound]
'Erdos66SeparatedPredecessorState.weight_tendsto' depends on axioms: [propext, Classical.choice, Quot.sound]
'Erdos66SeparatedPredecessorState.state_discrepancy' depends on axioms: [propext, Classical.choice, Quot.sound]
'Erdos66SeparatedPredecessorState.state_envelope' depends on axioms: [propext, Classical.choice, Quot.sound]
'Erdos66SeparatedPredecessorState.exists_extension' depends on axioms: [propext, Classical.choice, Quot.sound]
'Erdos66SeparatedPredecessorState.step_spec' depends on axioms: [propext, Classical.choice, Quot.sound]
'Erdos66SeparatedPredecessorSpikes.states_step' depends on axioms: [propext, Classical.choice, Quot.sound]
'Erdos66SeparatedPredecessorSpikes.cutoff_eq' depends on axioms: [propext, Classical.choice, Quot.sound]
'Erdos66SeparatedPredecessorSpikes.cutoff_increases' depends on axioms: [propext, Classical.choice, Quot.sound]
'Erdos66SeparatedPredecessorSpikes.cutoff_mono' depends on axioms: [propext, Classical.choice, Quot.sound]
'Erdos66SeparatedPredecessorSpikes.cutoff_ge' depends on axioms: [propext, Classical.choice, Quot.sound]
'Erdos66SeparatedPredecessorSpikes.target_strictMono' depends on axioms: [propext, Classical.choice, Quot.sound]
'Erdos66SeparatedPredecessorSpikes.target_ge' depends on axioms: [propext, Classical.choice, Quot.sound]
'Erdos66SeparatedPredecessorSpikes.target_large' depends on axioms: [propext, Classical.choice, Quot.sound]
'Erdos66SeparatedPredecessorSpikes.states_mem_stable' depends on axioms: [propext, Classical.choice, Quot.sound]
'Erdos66SeparatedPredecessorSpikes.repaired_mem' depends on axioms: [propext, Classical.choice, Quot.sound]
'Erdos66SeparatedPredecessorSpikes.repaired_count' depends on axioms: [propext, Classical.choice, Quot.sound]
'Erdos66SeparatedPredecessorSpikes.repaired_rep' depends on axioms: [propext, Classical.choice, Quot.sound]
'Erdos66SeparatedPredecessorSpikes.repaired_count_close' depends on axioms: [propext, Classical.choice, Quot.sound]
'Erdos66SeparatedPredecessorSpikes.repaired_discrepancy' depends on axioms: [propext, Classical.choice, Quot.sound]
'Erdos66SeparatedPredecessorSpikes.log_nonneg' depends on axioms: [propext, Classical.choice, Quot.sound]
'Erdos66SeparatedPredecessorSpikes.finite_collateral' depends on axioms: [propext, Classical.choice, Quot.sound]
'Erdos66SeparatedPredecessorSpikes.outside_collateral' depends on axioms: [propext, Classical.choice, Quot.sound]
'Erdos66SeparatedPredecessorSpikes.initial_collateral' depends on axioms: [propext, Classical.choice, Quot.sound]
'Erdos66SeparatedPredecessorSpikes.repaired_envelope' depends on axioms: [propext, Classical.choice, Quot.sound]
'Erdos66SeparatedPredecessorSpikes.repaired_peak' depends on axioms: [propext, Classical.choice, Quot.sound]
'Erdos66SeparatedPredecessorSpikes.logarithm_double' depends on axioms: [propext, Classical.choice, Quot.sound]
'Erdos66SeparatedPredecessorSpikes.outside_ratio_small' depends on axioms: [propext, Classical.choice, Quot.sound]
'Erdos66SeparatedPredecessorSpikes.exists_count_preserving_sparse_spikes' depends on axioms: [propext,
 Classical.choice,
 Quot.sound]
'Erdos66CountPreservingPowerSpikes.sparse_centers_power_summable' depends on axioms: [propext,
 Classical.choice,
 Quot.sound]
'Erdos66CountPreservingPowerSpikes.power_exception_transfer' depends on axioms: [propext, Classical.choice, Quot.sound]
'Erdos66CountPreservingPowerSpikes.no_limit_of_power_exceptions_and_peaks' depends on axioms: [propext,
 Classical.choice,
 Quot.sound]
'Erdos66CountPreservingPowerSpikes.exists_balanced_power_exceptions_no_limit' depends on axioms: [propext,
 Classical.choice,
 Quot.sound]

