'Erdos66UniversalCompleteCyclic.colorClass_disjoint' depends on axioms: [propext, Classical.choice, Quot.sound]
'Erdos66UniversalCompleteCyclic.colorClass_cover' depends on axioms: [propext, Classical.choice, Quot.sound]
'Erdos66UniversalCompleteCyclic.colorClass_eq_union' depends on axioms: [propext, Classical.choice, Quot.sound]
'Erdos66UniversalCompleteCyclic.colorClass_pairCount' depends on axioms: [propext, Classical.choice, Quot.sound]
'Erdos66UniversalCompleteCyclic.exists_complete_plane_colors' depends on axioms: [propext, Classical.choice, Quot.sound]
'Erdos66UniversalCompleteCyclic.thickened_disjoint' depends on axioms: [propext, Classical.choice, Quot.sound]
'Erdos66UniversalCompleteCyclic.thickened_cover' depends on axioms: [propext, Classical.choice, Quot.sound]
'Erdos66UniversalCompleteNatural.mem_cyclicColors' depends on axioms: [propext, Classical.choice, Quot.sound]
'Erdos66UniversalCompleteNatural.cyclicColors_disjoint' depends on axioms: [propext, Classical.choice, Quot.sound]
'Erdos66UniversalCompleteNatural.cyclicColors_cover' depends on axioms: [propext, Classical.choice, Quot.sound]
'Erdos66UniversalCompleteNatural.cyclicMean_pos' depends on axioms: [propext, Classical.choice, Quot.sound]
'Erdos66UniversalCompleteNatural.carryRelative_nonneg' depends on axioms: [propext, Classical.choice, Quot.sound]
'Erdos66UniversalCompleteNatural.cyclicColors_error' depends on axioms: [propext, Classical.choice, Quot.sound]
'Erdos66UniversalCompleteNatural.naturalSet_mem' depends on axioms: [propext, Classical.choice, Quot.sound]
'Erdos66UniversalCompleteNatural.naturalSet_prefix_congr' depends on axioms: [propext, Classical.choice, Quot.sound]
'Erdos66UniversalCompleteNatural.naturalSet_full_projection' depends on axioms: [propext, Classical.choice, Quot.sound]
'Erdos66UniversalCompleteNatural.naturalSet_profile_error' depends on axioms: [propext, Classical.choice, Quot.sound]
'Erdos66UniversalCompleteNatural.exists_universal_complete_natural' depends on axioms: [propext,
 Classical.choice,
 Quot.sound]
